Archive member included to satisfy reference by file (symbol)

./libDaisy//build/libdaisy.a(daisy_seed.o)
                              build/tusenskona.o (daisy::DaisySeed::Configure())
./libDaisy//build/libdaisy.a(codec_ak4556.o)
                              ./libDaisy//build/libdaisy.a(daisy_seed.o) (daisy::Ak4556::Init(dsy_gpio_pin))
./libDaisy//build/libdaisy.a(codec_wm8731.o)
                              ./libDaisy//build/libdaisy.a(daisy_seed.o) (daisy::Wm8731::Init(daisy::Wm8731::Config const&, daisy::I2CHandle))
./libDaisy//build/libdaisy.a(sdram.o)
                              ./libDaisy//build/libdaisy.a(daisy_seed.o) (SdramHandle::Init())
./libDaisy//build/libdaisy.a(audio.o)
                              ./libDaisy//build/libdaisy.a(daisy_seed.o) (daisy::AudioHandle::Init(daisy::AudioHandle::Config const&, daisy::SaiHandle))
./libDaisy//build/libdaisy.a(ctrl.o)
                              build/tusenskona.o (daisy::AnalogControl::Init(unsigned short*, float, bool, bool, float))
./libDaisy//build/libdaisy.a(encoder.o)
                              build/tusenskona.o (daisy::Encoder::Init(dsy_gpio_pin, dsy_gpio_pin, dsy_gpio_pin, float))
./libDaisy//build/libdaisy.a(rgb_led.o)
                              build/tusenskona.o (daisy::RgbLed::Init(dsy_gpio_pin, dsy_gpio_pin, dsy_gpio_pin, bool))
./libDaisy//build/libdaisy.a(switch.o)
                              build/tusenskona.o (daisy::Switch::Init(dsy_gpio_pin, float))
./libDaisy//build/libdaisy.a(adc.o)
                              build/tusenskona.o (daisy::AdcChannelConfig::InitSingle(dsy_gpio_pin, daisy::AdcChannelConfig::ConversionSpeed))
./libDaisy//build/libdaisy.a(gpio.o)
                              ./libDaisy//build/libdaisy.a(daisy_seed.o) (daisy::GPIO::Init(daisy::Pin, daisy::GPIO::Mode, daisy::GPIO::Pull, daisy::GPIO::Speed))
./libDaisy//build/libdaisy.a(i2c.o)
                              build/MPR121.o (daisy::I2CHandle::Init(daisy::I2CHandle::Config const&))
./libDaisy//build/libdaisy.a(qspi.o)
                              ./libDaisy//build/libdaisy.a(daisy_seed.o) (daisy::QSPIHandle::Init(daisy::QSPIHandle::Config const&))
./libDaisy//build/libdaisy.a(sai.o)
                              ./libDaisy//build/libdaisy.a(daisy_seed.o) (daisy::SaiHandle::Init(daisy::SaiHandle::Config const&))
./libDaisy//build/libdaisy.a(system.o)
                              ./libDaisy//build/libdaisy.a(daisy_seed.o) (daisy::System::DeInit())
./libDaisy//build/libdaisy.a(system_stm32h7xx.o)
                              build/startup_stm32h750xx.o (SystemInit)
./libDaisy//build/libdaisy.a(usbd_conf.o)
                              ./libDaisy//build/libdaisy.a(system.o) (hpcd_USB_OTG_HS)
./libDaisy//build/libdaisy.a(usbh_conf.o)
                              ./libDaisy//build/libdaisy.a(system.o) (hhcd_USB_OTG_HS)
./libDaisy//build/libdaisy.a(hal_map.o)
                              ./libDaisy//build/libdaisy.a(gpio.o) (dsy_hal_map_get_port)
./libDaisy//build/libdaisy.a(stm32h7xx_hal.o)
                              ./libDaisy//build/libdaisy.a(system.o) (HAL_Init)
./libDaisy//build/libdaisy.a(stm32h7xx_hal_adc.o)
                              ./libDaisy//build/libdaisy.a(adc.o) (HAL_ADC_ConfigChannel)
./libDaisy//build/libdaisy.a(stm32h7xx_hal_adc_ex.o)
                              ./libDaisy//build/libdaisy.a(adc.o) (HAL_ADCEx_Calibration_Start)
./libDaisy//build/libdaisy.a(stm32h7xx_hal_cortex.o)
                              ./libDaisy//build/libdaisy.a(stm32h7xx_hal.o) (HAL_NVIC_SetPriorityGrouping)
./libDaisy//build/libdaisy.a(stm32h7xx_hal_dma.o)
                              ./libDaisy//build/libdaisy.a(adc.o) (HAL_DMA_Init)
./libDaisy//build/libdaisy.a(stm32h7xx_hal_gpio.o)
                              ./libDaisy//build/libdaisy.a(sdram.o) (HAL_GPIO_Init)
./libDaisy//build/libdaisy.a(stm32h7xx_hal_hcd.o)
                              ./libDaisy//build/libdaisy.a(usbh_conf.o) (HAL_HCD_HC_Init)
./libDaisy//build/libdaisy.a(stm32h7xx_hal_i2c.o)
                              ./libDaisy//build/libdaisy.a(i2c.o) (HAL_I2C_Init)
./libDaisy//build/libdaisy.a(stm32h7xx_hal_i2c_ex.o)
                              ./libDaisy//build/libdaisy.a(i2c.o) (HAL_I2CEx_ConfigAnalogFilter)
./libDaisy//build/libdaisy.a(stm32h7xx_hal_pcd.o)
                              ./libDaisy//build/libdaisy.a(usbd_conf.o) (HAL_PCD_Init)
./libDaisy//build/libdaisy.a(stm32h7xx_hal_pcd_ex.o)
                              ./libDaisy//build/libdaisy.a(usbd_conf.o) (HAL_PCDEx_SetTxFiFo)
./libDaisy//build/libdaisy.a(stm32h7xx_hal_pwr_ex.o)
                              ./libDaisy//build/libdaisy.a(system.o) (HAL_PWREx_ConfigSupply)
./libDaisy//build/libdaisy.a(stm32h7xx_hal_qspi.o)
                              ./libDaisy//build/libdaisy.a(qspi.o) (HAL_QSPI_Init)
./libDaisy//build/libdaisy.a(stm32h7xx_hal_rcc.o)
                              ./libDaisy//build/libdaisy.a(system.o) (HAL_RCC_OscConfig)
./libDaisy//build/libdaisy.a(stm32h7xx_hal_rcc_ex.o)
[...]
Memory Configuration

Name             Origin             Length             Attributes
FLASH            0x0000000008000000 0x0000000000020000 xr
DTCMRAM          0x0000000020000000 0x0000000000020000 xrw
SRAM             0x0000000024000000 0x0000000000080000 xrw
RAM_D2           0x0000000030000000 0x0000000000048000 xrw
RAM_D3           0x0000000038000000 0x0000000000010000 xrw
BACKUP_SRAM      0x0000000038800000 0x0000000000001000 xrw
ITCMRAM          0x0000000000000000 0x0000000000010000 xrw
SDRAM            0x00000000c0000000 0x0000000004000000 xrw
QSPIFLASH        0x0000000090000000 0x0000000000800000 xr
*default*        0x0000000000000000 0xffffffffffffffff

Linker script and memory map

LOAD /Applications/ARM/bin/../lib/gcc/arm-none-eabi/10.3.1/thumb/v7e-m+dp/hard/crti.o
LOAD /Applications/ARM/bin/../lib/gcc/arm-none-eabi/10.3.1/thumb/v7e-m+dp/hard/crtbegin.o
LOAD /Applications/ARM/bin/../lib/gcc/arm-none-eabi/10.3.1/../../../../arm-none-eabi/lib/thumb/v7e-m+dp/hard/crt0.o
LOAD build/startup_stm32h750xx.o
LOAD build/MPR121.o
LOAD build/tusenskona.o
LOAD ./libDaisy//build/libdaisy.a
LOAD /Applications/ARM/bin/../lib/gcc/arm-none-eabi/10.3.1/../../../../arm-none-eabi/lib/thumb/v7e-m+dp/hard/libnosys.a
LOAD ./DaisySP//build/libdaisysp.a
LOAD /Applications/ARM/bin/../lib/gcc/arm-none-eabi/10.3.1/../../../../arm-none-eabi/lib/thumb/v7e-m+dp/hard/libstdc++_nano.a
LOAD /Applications/ARM/bin/../lib/gcc/arm-none-eabi/10.3.1/../../../../arm-none-eabi/lib/thumb/v7e-m+dp/hard/libm.a
LOAD /Applications/ARM/bin/../lib/gcc/arm-none-eabi/10.3.1/../../../../arm-none-eabi/lib/thumb/v7e-m+dp/hard/libc_nano.a
START GROUP
LOAD /Applications/ARM/bin/../lib/gcc/arm-none-eabi/10.3.1/thumb/v7e-m+dp/hard/libgcc.a
LOAD /Applications/ARM/bin/../lib/gcc/arm-none-eabi/10.3.1/../../../../arm-none-eabi/lib/thumb/v7e-m+dp/hard/libc_nano.a
END GROUP
START GROUP
LOAD /Applications/ARM/bin/../lib/gcc/arm-none-eabi/10.3.1/thumb/v7e-m+dp/hard/libgcc.a
LOAD /Applications/ARM/bin/../lib/gcc/arm-none-eabi/10.3.1/../../../../arm-none-eabi/lib/thumb/v7e-m+dp/hard/libc_nano.a
LOAD /Applications/ARM/bin/../lib/gcc/arm-none-eabi/10.3.1/../../../../arm-none-eabi/lib/thumb/v7e-m+dp/hard/libnosys.a
END GROUP
START GROUP
LOAD /Applications/ARM/bin/../lib/gcc/arm-none-eabi/10.3.1/thumb/v7e-m+dp/hard/libgcc.a
LOAD /Applications/ARM/bin/../lib/gcc/arm-none-eabi/10.3.1/../../../../arm-none-eabi/lib/thumb/v7e-m+dp/hard/libc_nano.a
LOAD /Applications/ARM/bin/../lib/gcc/arm-none-eabi/10.3.1/../../../../arm-none-eabi/lib/thumb/v7e-m+dp/hard/libnosys.a
END GROUP
LOAD /Applications/ARM/bin/../lib/gcc/arm-none-eabi/10.3.1/thumb/v7e-m+dp/hard/crtend.o
LOAD /Applications/ARM/bin/../lib/gcc/arm-none-eabi/10.3.1/thumb/v7e-m+dp/hard/crtn.o
                0x0000000020020000                _estack = 0x20020000

.isr_vector     0x0000000008000000      0x298
                0x0000000008000000                . = ALIGN (0x4)
 *(.isr_vector)
 .isr_vector    0x0000000008000000      0x298 build/startup_stm32h750xx.o
                0x0000000008000000                g_pfnVectors
                0x0000000008000298                . = ALIGN (0x4)

.text           0x0000000008000298    0x13028
                0x0000000008000298                . = ALIGN (0x4)
                0x0000000008000298                _stext = .
 *(.text)
 .text          0x0000000008000298       0x40 /Applications/ARM/bin/../lib/gcc/arm-none-eabi/10.3.1/thumb/v7e-m+dp/hard/crtbegin.o
 .text          0x00000000080002d8      0x378 /Applications/ARM/bin/../lib/gcc/arm-none-eabi/10.3.1/thumb/v7e-m+dp/hard/libgcc.a(_arm_addsubdf3.o)
                0x00000000080002d8                __aeabi_drsub
                0x00000000080002e0                __subdf3
                0x00000000080002e0                __aeabi_dsub
                0x00000000080002e4                __aeabi_dadd
                0x00000000080002e4                __adddf3
                0x000000000800055c                __aeabi_ui2d
                0x000000000800055c                __floatunsidf
                0x000000000800057c                __floatsidf
                0x000000000800057c                __aeabi_i2d
                0x00000000080005a0                __extendsfdf2
                0x00000000080005a0                __aeabi_f2d
                0x00000000080005e4                __aeabi_ul2d
                0x00000000080005e4                __floatundidf
                0x00000000080005f4                __aeabi_l2d
                0x00000000080005f4                __floatdidf
 .text          0x0000000008000650       0x30 /Applications/ARM/bin/../lib/gcc/arm-none-eabi/10.3.1/thumb/v7e-m+dp/hard/libgcc.a(_aeabi_uldivmod.o)
                0x0000000008000650                __aeabi_uldivmod
 .text          0x0000000008000680      0x2d0 /Applications/ARM/bin/../lib/gcc/arm-none-eabi/10.3.1/thumb/v7e-m+dp/hard/libgcc.a(_udivmoddi4.o)
                0x0000000008000680                __udivmoddi4
 .text          0x0000000008000950        0x4 /Applications/ARM/bin/../lib/gcc/arm-none-eabi/10.3.1/thumb/v7e-m+dp/hard/libgcc.a(_dvmd_tls.o)
                0x0000000008000950                __aeabi_ldiv0
                0x0000000008000950                __aeabi_idiv0
 *(.text*)
 .text.Default_Handler
                0x0000000008000954        0x4 build/startup_stm32h750xx.o
                0x0000000008000954                SAI1_IRQHandler
                0x0000000008000954                HASH_RNG_IRQHandler
                0x0000000008000954                EXTI2_IRQHandler
                0x0000000008000954                TIM8_CC_IRQHandler
                0x0000000008000954                HRTIM1_Master_IRQHandler
                0x0000000008000954                DebugMon_Handler
                0x0000000008000954                TIM1_CC_IRQHandler
                0x0000000008000954                BDMA_Channel6_IRQHandler
                0x0000000008000954                DMA2_Stream5_IRQHandler
                0x0000000008000954                HRTIM1_FLT_IRQHandler
                0x0000000008000954                JPEG_IRQHandler
                0x0000000008000954                BDMA_Channel1_IRQHandler
                0x0000000008000954                HRTIM1_TIMD_IRQHandler
                0x0000000008000954                TAMP_STAMP_IRQHandler
                0x0000000008000954                PendSV_Handler
                0x0000000008000954                NMI_Handler
                0x0000000008000954                EXTI3_IRQHandler
                0x0000000008000954                LPTIM4_IRQHandler
                0x0000000008000954                TIM8_TRG_COM_TIM14_IRQHandler
                0x0000000008000954                LPTIM2_IRQHandler
                0x0000000008000954                DFSDM1_FLT1_IRQHandler
                0x0000000008000954                DMAMUX2_OVR_IRQHandler
                0x0000000008000954                TIM8_UP_TIM13_IRQHandler
                0x0000000008000954                I2C3_ER_IRQHandler
                0x0000000008000954                DFSDM1_FLT2_IRQHandler
                0x0000000008000954                MDMA_IRQHandler
                0x0000000008000954                LPTIM3_IRQHandler
                0x0000000008000954                HSEM1_IRQHandler
                0x0000000008000954                EXTI0_IRQHandler
                0x0000000008000954                FPU_IRQHandler
                0x0000000008000954                OTG_HS_WKUP_IRQHandler
                0x0000000008000954                FDCAN1_IT1_IRQHandler
                0x0000000008000954                UsageFault_Handler
                0x0000000008000954                LTDC_ER_IRQHandler
                0x0000000008000954                HRTIM1_TIME_IRQHandler
                0x0000000008000954                TIM6_DAC_IRQHandler
                0x0000000008000954                DCMI_IRQHandler
                0x0000000008000954                HRTIM1_TIMC_IRQHandler
                0x0000000008000954                SAI2_IRQHandler
                0x0000000008000954                DFSDM1_FLT3_IRQHandler
                0x0000000008000954                TIM17_IRQHandler
                0x0000000008000954                CRYP_IRQHandler
                0x0000000008000954                BDMA_Channel7_IRQHandler
                0x0000000008000954                LPTIM5_IRQHandler
                0x0000000008000954                ADC3_IRQHandler
                0x0000000008000954                DMA2_Stream0_IRQHandler
                0x0000000008000954                BDMA_Channel2_IRQHandler
                0x0000000008000954                DMAMUX1_OVR_IRQHandler
                0x0000000008000954                TIM16_IRQHandler
                0x0000000008000954                BDMA_Channel5_IRQHandler
                0x0000000008000954                RCC_IRQHandler
                0x0000000008000954                TIM8_BRK_TIM12_IRQHandler
                0x0000000008000954                TIM1_TRG_COM_IRQHandler
                0x0000000008000954                Default_Handler
                0x0000000008000954                ECC_IRQHandler
                0x0000000008000954                CEC_IRQHandler
                0x0000000008000954                EXTI15_10_IRQHandler
                0x0000000008000954                BDMA_Channel0_IRQHandler
                0x0000000008000954                ADC_IRQHandler
                0x0000000008000954                DMA1_Stream7_IRQHandler
                0x0000000008000954                HRTIM1_TIMA_IRQHandler
                0x0000000008000954                TIM7_IRQHandler
                0x0000000008000954                SDMMC1_IRQHandler
                0x0000000008000954                DMA2_Stream7_IRQHandler
                0x0000000008000954                TIM15_IRQHandler
                0x0000000008000954                PVD_AVD_IRQHandler
                0x0000000008000954                EXTI9_5_IRQHandler
                0x0000000008000954                RTC_WKUP_IRQHandler
                0x0000000008000954                LTDC_IRQHandler
                0x0000000008000954                SAI3_IRQHandler
                0x0000000008000954                ETH_WKUP_IRQHandler
                0x0000000008000954                SPDIF_RX_IRQHandler
                0x0000000008000954                MemManage_Handler
                0x0000000008000954                SVC_Handler
                0x0000000008000954                CRS_IRQHandler
                0x0000000008000954                EXTI4_IRQHandler
                0x0000000008000954                HRTIM1_TIMB_IRQHandler
                0x0000000008000954                FDCAN2_IT1_IRQHandler
                0x0000000008000954                ETH_IRQHandler
                0x0000000008000954                TIM1_UP_IRQHandler
                0x0000000008000954                BDMA_Channel4_IRQHandler
                0x0000000008000954                WWDG_IRQHandler
                0x0000000008000954                SPI6_IRQHandler
                0x0000000008000954                I2C4_EV_IRQHandler
                0x0000000008000954                MDIOS_IRQHandler
                0x0000000008000954                FDCAN2_IT0_IRQHandler
                0x0000000008000954                FDCAN1_IT0_IRQHandler
                0x0000000008000954                OTG_FS_WKUP_IRQHandler
                0x0000000008000954                DMA2D_IRQHandler
                0x0000000008000954                TIM1_BRK_IRQHandler
                0x0000000008000954                EXTI1_IRQHandler
                0x0000000008000954                SDMMC2_IRQHandler
                0x0000000008000954                OTG_FS_EP1_OUT_IRQHandler
                0x0000000008000954                BDMA_Channel3_IRQHandler
                0x0000000008000954                MDIOS_WKUP_IRQHandler
                0x0000000008000954                DFSDM1_FLT0_IRQHandler
                0x0000000008000954                SAI4_IRQHandler
                0x0000000008000954                I2C2_ER_IRQHandler
                0x0000000008000954                DMA2_Stream1_IRQHandler
                0x0000000008000954                FLASH_IRQHandler
                0x0000000008000954                BusFault_Handler
                0x0000000008000954                OTG_FS_IRQHandler
                0x0000000008000954                WAKEUP_PIN_IRQHandler
                0x0000000008000954                OTG_FS_EP1_IN_IRQHandler
                0x0000000008000954                I2C1_ER_IRQHandler
                0x0000000008000954                FMC_IRQHandler
                0x0000000008000954                FDCAN_CAL_IRQHandler
                0x0000000008000954                SWPMI1_IRQHandler
                0x0000000008000954                COMP1_IRQHandler
                0x0000000008000954                LPTIM1_IRQHandler
                0x0000000008000954                I2C4_ER_IRQHandler
                0x0000000008000954                DMA2_Stream6_IRQHandler
                0x0000000008000954                RTC_Alarm_IRQHandler
 .text.Reset_Handler
                0x0000000008000958       0x44 build/startup_stm32h750xx.o
                0x0000000008000958                Reset_Handler
 .text._ZN5daisy18Mpr121I2CTransportD2Ev
                0x000000000800099c        0x4 build/MPR121.o
                0x000000000800099c                daisy::Mpr121I2CTransport::~Mpr121I2CTransport()
                0x000000000800099c                daisy::Mpr121I2CTransport::~Mpr121I2CTransport()
 .text._ZN5daisy10TusenskonaD2Ev
                0x00000000080009a0        0x4 build/MPR121.o
                0x00000000080009a0                daisy::Tusenskona::~Tusenskona()
                0x00000000080009a0                daisy::Tusenskona::~Tusenskona()
 .text._ZN7daisysp10OscillatorD2Ev
                0x00000000080009a4        0x4 build/MPR121.o
                0x00000000080009a4                daisysp::Oscillator::~Oscillator()
                0x00000000080009a4                daisysp::Oscillator::~Oscillator()
 .text._ZN5daisy6Mpr121INS_18Mpr121I2CTransportEED2Ev
                0x00000000080009a8        0x4 build/MPR121.o
                0x00000000080009a8                daisy::Mpr121<daisy::Mpr121I2CTransport>::~Mpr121()
                0x00000000080009a8                daisy::Mpr121<daisy::Mpr121I2CTransport>::~Mpr121()
 .text._Z16NewAudioCallbackPKPKfPPfj
                0x00000000080009ac      0x608 build/MPR121.o
                0x00000000080009ac                NewAudioCallback(float const* const*, float**, unsigned int)
 *fill*         0x0000000008000fb4        0x4 
 .text._Z14UpdateControlsv
                0x0000000008000fb8      0x15c build/MPR121.o
                0x0000000008000fb8                UpdateControls()
 .text._ZN5daisy6Mpr121INS_18Mpr121I2CTransportEE13WriteRegisterEhh
                0x0000000008001114      0x10c build/MPR121.o
                0x0000000008001114                daisy::Mpr121<daisy::Mpr121I2CTransport>::WriteRegister(unsigned char, unsigned char)
 .text.startup.main
                0x0000000008001220      0x538 build/MPR121.o
                0x0000000008001220                main
 .text.startup._GLOBAL__sub_I_i2c
                0x0000000008001758       0xe0 build/MPR121.o
 .text._ZN5daisy10Tusenskona10StartAudioEPFvPKPKfPPfjE
                0x0000000008001838        0x4 build/tusenskona.o
                0x0000000008001838                daisy::Tusenskona::StartAudio(void (*)(float const* const*, float**, unsigned int))
 .text._ZN5daisy10Tusenskona17SetAudioBlockSizeEj
                0x000000000800183c       0x28 build/tusenskona.o
                0x000000000800183c                daisy::Tusenskona::SetAudioBlockSize(unsigned int)
 .text._ZN5daisy10Tusenskona18SetAudioSampleRateENS_9SaiHandle6Config10SampleRateE
                0x0000000008001864       0x28 build/tusenskona.o
                0x0000000008001864                daisy::Tusenskona::SetAudioSampleRate(daisy::SaiHandle::Config::SampleRate)
 .text._ZN5daisy10Tusenskona8StartAdcEv
                0x000000000800188c        0x8 build/tusenskona.o
                0x000000000800188c                daisy::Tusenskona::StartAdc()
 .text._ZN5daisy10Tusenskona21ProcessAnalogControlsEv
                0x0000000008001894       0x28 build/tusenskona.o
                0x0000000008001894                daisy::Tusenskona::ProcessAnalogControls()
 .text._ZN5daisy10Tusenskona12GetKnobValueENS0_4KnobE
                0x00000000080018bc       0x14 build/tusenskona.o
                0x00000000080018bc                daisy::Tusenskona::GetKnobValue(daisy::Tusenskona::Knob)
 .text._ZN5daisy10Tusenskona22ProcessDigitalControlsEv
                0x00000000080018d0       0x20 build/tusenskona.o
                0x00000000080018d0                daisy::Tusenskona::ProcessDigitalControls()
 .text._ZN5daisy10Tusenskona8InitLedsEv
                0x00000000080018f0       0x60 build/tusenskona.o
                0x00000000080018f0                daisy::Tusenskona::InitLeds()
 .text._ZN5daisy10Tusenskona9InitKnobsEv
                0x0000000008001950       0xc8 build/tusenskona.o
                0x0000000008001950                daisy::Tusenskona::InitKnobs()
 .text._ZN5daisy10Tusenskona4InitEb
                0x0000000008001a18       0xb8 build/tusenskona.o
                0x0000000008001a18                daisy::Tusenskona::Init(bool)
 .text._ZN5daisy9DaisySeed9ConfigureEv
                0x0000000008001ad0        0x4 ./libDaisy//build/libdaisy.a(daisy_seed.o)
                0x0000000008001ad0                daisy::DaisySeed::Configure()
 .text._ZN5daisy9DaisySeed6GetPinEh
                0x0000000008001ad4       0x2c ./libDaisy//build/libdaisy.a(daisy_seed.o)
                0x0000000008001ad4                daisy::DaisySeed::GetPin(unsigned char)
 .text._ZN5daisy9DaisySeed10StartAudioEPFvPKPKfPPfjE
                0x0000000008001b00        0x8 ./libDaisy//build/libdaisy.a(daisy_seed.o)
                0x0000000008001b00                daisy::DaisySeed::StartAudio(void (*)(float const* const*, float**, unsigned int))
 .text._ZN5daisy9DaisySeed18SetAudioSampleRateENS_9SaiHandle6Config10SampleRateE
                0x0000000008001b08       0x38 ./libDaisy//build/libdaisy.a(daisy_seed.o)
                0x0000000008001b08                daisy::DaisySeed::SetAudioSampleRate(daisy::SaiHandle::Config::SampleRate)
 .text._ZN5daisy9DaisySeed17SetAudioBlockSizeEj
                0x0000000008001b40       0x38 ./libDaisy//build/libdaisy.a(daisy_seed.o)
                0x0000000008001b40                daisy::DaisySeed::SetAudioBlockSize(unsigned int)
 .text._ZNK5daisy9DaisySeed17AudioCallbackRateEv
                0x0000000008001b78        0x8 ./libDaisy//build/libdaisy.a(daisy_seed.o)
                0x0000000008001b78                daisy::DaisySeed::AudioCallbackRate() const
 .text._ZN5daisy9DaisySeed17CheckBoardVersionEv
                0x0000000008001b80       0x6c ./libDaisy//build/libdaisy.a(daisy_seed.o)
                0x0000000008001b80                daisy::DaisySeed::CheckBoardVersion()
 .text._ZN5daisy9DaisySeed14ConfigureAudioEv
                0x0000000008001bec      0x10c ./libDaisy//build/libdaisy.a(daisy_seed.o)
                0x0000000008001bec                daisy::DaisySeed::ConfigureAudio()
 .text._ZN5daisy9DaisySeed4InitEb
                0x0000000008001cf8      0x108 ./libDaisy//build/libdaisy.a(daisy_seed.o)
                0x0000000008001cf8                daisy::DaisySeed::Init(bool)
 .text._ZN5daisy6Ak45564InitE12dsy_gpio_pin
                0x0000000008001e00       0x44 ./libDaisy//build/libdaisy.a(codec_ak4556.o)
                0x0000000008001e00                daisy::Ak4556::Init(dsy_gpio_pin)
 .text._ZN5daisy6Wm873120WriteControlRegisterEht
                0x0000000008001e44       0x3c ./libDaisy//build/libdaisy.a(codec_wm8731.o)
                0x0000000008001e44                daisy::Wm8731::WriteControlRegister(unsigned char, unsigned short)
 .text._ZN5daisy6Wm87314InitERKNS0_6ConfigENS_9I2CHandleE
                0x0000000008001e80      0x1bc ./libDaisy//build/libdaisy.a(codec_wm8731.o)
                0x0000000008001e80                daisy::Wm8731::Init(daisy::Wm8731::Config const&, daisy::I2CHandle)
 .text._ZN11SdramHandle10DeviceInitEv
                0x000000000800203c       0x98 ./libDaisy//build/libdaisy.a(sdram.o)
                0x000000000800203c                SdramHandle::DeviceInit()
 .text._ZN11SdramHandle4InitEv
                0x00000000080020d4       0x7c ./libDaisy//build/libdaisy.a(sdram.o)
                0x00000000080020d4                SdramHandle::Init()
 .text.HAL_SDRAM_MspInit
                0x0000000008002150      0x1a8 ./libDaisy//build/libdaisy.a(sdram.o)
                0x0000000008002150                HAL_SDRAM_MspInit
 .text._ZN5daisy11AudioHandle4Impl16InternalCallbackEPlS2_j
                0x00000000080022f8      0xbbc ./libDaisy//build/libdaisy.a(audio.o)
                0x00000000080022f8                daisy::AudioHandle::Impl::InternalCallback(long*, long*, unsigned int)
 .text._ZN5daisy11AudioHandle4InitERKNS0_6ConfigENS_9SaiHandleE
                0x0000000008002eb4       0x70 ./libDaisy//build/libdaisy.a(audio.o)
                0x0000000008002eb4                daisy::AudioHandle::Init(daisy::AudioHandle::Config const&, daisy::SaiHandle)
 .text._ZNK5daisy11AudioHandle9GetConfigEv
                0x0000000008002f24        0x8 ./libDaisy//build/libdaisy.a(audio.o)
                0x0000000008002f24                daisy::AudioHandle::GetConfig() const
 .text._ZN5daisy11AudioHandle12SetBlockSizeEj
                0x0000000008002f2c       0x1c ./libDaisy//build/libdaisy.a(audio.o)
                0x0000000008002f2c                daisy::AudioHandle::SetBlockSize(unsigned int)
 .text._ZN5daisy11AudioHandle13GetSampleRateEv
                0x0000000008002f48        0x8 ./libDaisy//build/libdaisy.a(audio.o)
                0x0000000008002f48                daisy::AudioHandle::GetSampleRate()
 .text._ZN5daisy11AudioHandle13SetSampleRateENS_9SaiHandle6Config10SampleRateE
                0x0000000008002f50       0x88 ./libDaisy//build/libdaisy.a(audio.o)
                0x0000000008002f50                daisy::AudioHandle::SetSampleRate(daisy::SaiHandle::Config::SampleRate)
 .text._ZN5daisy11AudioHandle5StartEPFvPKPKfPPfjE
                0x0000000008002fd8       0x44 ./libDaisy//build/libdaisy.a(audio.o)
                0x0000000008002fd8                daisy::AudioHandle::Start(void (*)(float const* const*, float**, unsigned int))
 .text.startup._GLOBAL__sub_I__ZN5daisy11AudioHandle4Impl4InitENS0_6ConfigENS_9SaiHandleE
                0x000000000800301c       0x24 ./libDaisy//build/libdaisy.a(audio.o)
 .text._ZN5daisy13AnalogControl4InitEPtfbbf
                0x0000000008003040       0x64 ./libDaisy//build/libdaisy.a(ctrl.o)
                0x0000000008003040                daisy::AnalogControl::Init(unsigned short*, float, bool, bool, float)
 .text._ZN5daisy13AnalogControl7ProcessEv
                0x00000000080030a4       0x48 ./libDaisy//build/libdaisy.a(ctrl.o)
                0x00000000080030a4                daisy::AnalogControl::Process()
 .text._ZN5daisy13AnalogControl13SetSampleRateEf
                0x00000000080030ec       0x58 ./libDaisy//build/libdaisy.a(ctrl.o)
                0x00000000080030ec                daisy::AnalogControl::SetSampleRate(float)
 .text._ZN5daisy7Encoder4InitE12dsy_gpio_pinS1_S1_f
                0x0000000008003144       0x60 ./libDaisy//build/libdaisy.a(encoder.o)
                0x0000000008003144                daisy::Encoder::Init(dsy_gpio_pin, dsy_gpio_pin, dsy_gpio_pin, float)
 .text._ZN5daisy7Encoder8DebounceEv
                0x00000000080031a4       0x7c ./libDaisy//build/libdaisy.a(encoder.o)
                0x00000000080031a4                daisy::Encoder::Debounce()
 .text._ZN5daisy6RgbLed4InitE12dsy_gpio_pinS1_S1_b
                0x0000000008003220       0x50 ./libDaisy//build/libdaisy.a(rgb_led.o)
                0x0000000008003220                daisy::RgbLed::Init(dsy_gpio_pin, dsy_gpio_pin, dsy_gpio_pin, bool)
 .text._ZN5daisy6RgbLed3SetEfff
                0x0000000008003270       0x34 ./libDaisy//build/libdaisy.a(rgb_led.o)
                0x0000000008003270                daisy::RgbLed::Set(float, float, float)
 .text._ZN5daisy6RgbLed6UpdateEv
                0x00000000080032a4       0x1c ./libDaisy//build/libdaisy.a(rgb_led.o)
                0x00000000080032a4                daisy::RgbLed::Update()
 .text._ZN5daisy6Switch4InitE12dsy_gpio_pinf
                0x00000000080032c0       0x34 ./libDaisy//build/libdaisy.a(switch.o)
                0x00000000080032c0                daisy::Switch::Init(dsy_gpio_pin, float)
 .text._ZN5daisy6Switch8DebounceEv
                0x00000000080032f4       0x5c ./libDaisy//build/libdaisy.a(switch.o)
                0x00000000080032f4                daisy::Switch::Debounce()
 .text._ZN5daisy16AdcChannelConfig10InitSingleE12dsy_gpio_pinNS0_15ConversionSpeedE
                0x0000000008003350       0x28 ./libDaisy//build/libdaisy.a(adc.o)
                0x0000000008003350                daisy::AdcChannelConfig::InitSingle(dsy_gpio_pin, daisy::AdcChannelConfig::ConversionSpeed)
 .text._ZN5daisy9AdcHandle4InitEPNS_16AdcChannelConfigEjNS0_12OverSamplingE
                0x0000000008003378      0x41c ./libDaisy//build/libdaisy.a(adc.o)
                0x0000000008003378                daisy::AdcHandle::Init(daisy::AdcChannelConfig*, unsigned int, daisy::AdcHandle::OverSampling)
 .text._ZN5daisy9AdcHandle5StartEv
                0x0000000008003794       0x2c ./libDaisy//build/libdaisy.a(adc.o)
                0x0000000008003794                daisy::AdcHandle::Start()
 .text._ZNK5daisy9AdcHandle6GetPtrEh
                0x00000000080037c0       0x14 ./libDaisy//build/libdaisy.a(adc.o)
                0x00000000080037c0                daisy::AdcHandle::GetPtr(unsigned char) const
 .text.HAL_ADC_MspInit
                0x00000000080037d4       0x98 ./libDaisy//build/libdaisy.a(adc.o)
                0x00000000080037d4                HAL_ADC_MspInit
 .text.DMA1_Stream2_IRQHandler
                0x000000000800386c        0xc ./libDaisy//build/libdaisy.a(adc.o)
                0x000000000800386c                DMA1_Stream2_IRQHandler
 .text.HAL_ADC_ConvCpltCallback
                0x0000000008003878      0x148 ./libDaisy//build/libdaisy.a(adc.o)
                0x0000000008003878                HAL_ADC_ConvCpltCallback
 .text.HAL_ADC_ErrorCallback
                0x00000000080039c0        0x4 ./libDaisy//build/libdaisy.a(adc.o)
                0x00000000080039c0                HAL_ADC_ErrorCallback
 .text._ZN5daisy4GPIO4InitENS_3PinENS0_4ModeENS0_4PullENS0_5SpeedE
                0x00000000080039c4      0x1cc ./libDaisy//build/libdaisy.a(gpio.o)
                0x00000000080039c4                daisy::GPIO::Init(daisy::Pin, daisy::GPIO::Mode, daisy::GPIO::Pull, daisy::GPIO::Speed)
 .text._ZN5daisy4GPIO4ReadEv
                0x0000000008003b90       0x18 ./libDaisy//build/libdaisy.a(gpio.o)
                0x0000000008003b90                daisy::GPIO::Read()
 .text._ZN5daisy4GPIO5WriteEb
                0x0000000008003ba8       0x14 ./libDaisy//build/libdaisy.a(gpio.o)
                0x0000000008003ba8                daisy::GPIO::Write(bool)
 .text.dsy_gpio_init
                0x0000000008003bbc      0x1b8 ./libDaisy//build/libdaisy.a(gpio.o)
                0x0000000008003bbc                dsy_gpio_init
 .text.dsy_gpio_read
                0x0000000008003d74       0x1c ./libDaisy//build/libdaisy.a(gpio.o)
                0x0000000008003d74                dsy_gpio_read
 .text.dsy_gpio_write
                0x0000000008003d90       0x24 ./libDaisy//build/libdaisy.a(gpio.o)
                0x0000000008003d90                dsy_gpio_write
 .text._ZN5daisy9I2CHandle4Impl8InitPinsEv
                0x0000000008003db4       0x58 ./libDaisy//build/libdaisy.a(i2c.o)
                0x0000000008003db4                daisy::I2CHandle::Impl::InitPins()
 .text.HAL_I2C_MspInit
                0x0000000008003e0c      0x1b4 ./libDaisy//build/libdaisy.a(i2c.o)
                0x0000000008003e0c                HAL_I2C_MspInit
 .text.dsy_i2c_global_init
                0x0000000008003fc0       0x78 ./libDaisy//build/libdaisy.a(i2c.o)
                0x0000000008003fc0                dsy_i2c_global_init
 .text.DMA1_Stream6_IRQHandler
                0x0000000008004038       0x34 ./libDaisy//build/libdaisy.a(i2c.o)
                0x0000000008004038                DMA1_Stream6_IRQHandler
 .text.I2C1_EV_IRQHandler
                0x000000000800406c        0xc ./libDaisy//build/libdaisy.a(i2c.o)
                0x000000000800406c                I2C1_EV_IRQHandler
 .text.I2C2_EV_IRQHandler
                0x0000000008004078        0xc ./libDaisy//build/libdaisy.a(i2c.o)
                0x0000000008004078                I2C2_EV_IRQHandler
 .text.I2C3_EV_IRQHandler
                0x0000000008004084        0xc ./libDaisy//build/libdaisy.a(i2c.o)
                0x0000000008004084                I2C3_EV_IRQHandler
 .text._ZN5daisy9I2CHandle4InitERKNS0_6ConfigE
                0x0000000008004090      0x12c ./libDaisy//build/libdaisy.a(i2c.o)
                0x0000000008004090                daisy::I2CHandle::Init(daisy::I2CHandle::Config const&)
 .text._ZN5daisy9I2CHandle16TransmitBlockingEtPhtm
                0x00000000080041bc       0x50 ./libDaisy//build/libdaisy.a(i2c.o)
                0x00000000080041bc                daisy::I2CHandle::TransmitBlocking(unsigned short, unsigned char*, unsigned short, unsigned long)
 .text._ZN5daisy9I2CHandle15ReceiveBlockingEtPhtm
                0x000000000800420c       0x50 ./libDaisy//build/libdaisy.a(i2c.o)
                0x000000000800420c                daisy::I2CHandle::ReceiveBlocking(unsigned short, unsigned char*, unsigned short, unsigned long)
 .text.startup._GLOBAL__sub_I__ZN5daisy9I2CHandle4Impl10GlobalInitEv
                0x000000000800425c       0x18 ./libDaisy//build/libdaisy.a(i2c.o)
 .text._ZN5daisy10QSPIHandle4Impl11WriteEnableEv
                0x0000000008004274       0x8c ./libDaisy//build/libdaisy.a(qspi.o)
                0x0000000008004274                daisy::QSPIHandle::Impl::WriteEnable()
 .text._ZN5daisy10QSPIHandle4Impl17DummyCyclesConfigENS0_6Config6DeviceE
                0x0000000008004300      0x118 ./libDaisy//build/libdaisy.a(qspi.o)
                0x0000000008004300                daisy::QSPIHandle::Impl::DummyCyclesConfig(daisy::QSPIHandle::Config::Device)
 .text._ZN5daisy10QSPIHandle4Impl10QuadEnableEv
                0x0000000008004418      0x158 ./libDaisy//build/libdaisy.a(qspi.o)
                0x0000000008004418                daisy::QSPIHandle::Impl::QuadEnable()
 .text._ZN5daisy10QSPIHandle4InitERKNS0_6ConfigE
                0x0000000008004570      0x198 ./libDaisy//build/libdaisy.a(qspi.o)
                0x0000000008004570                daisy::QSPIHandle::Init(daisy::QSPIHandle::Config const&)
 .text.HAL_QSPI_MspInit
                0x0000000008004708      0x11c ./libDaisy//build/libdaisy.a(qspi.o)
                0x0000000008004708                HAL_QSPI_MspInit
 .text.HAL_QSPI_MspDeInit
                0x0000000008004824       0x54 ./libDaisy//build/libdaisy.a(qspi.o)
                0x0000000008004824                HAL_QSPI_MspDeInit
 .text.QUADSPI_IRQHandler
                0x0000000008004878        0xc ./libDaisy//build/libdaisy.a(qspi.o)
                0x0000000008004878                QUADSPI_IRQHandler
 .text.startup._GLOBAL__sub_I__ZN5daisy10QSPIHandle4Impl4InitERKNS0_6ConfigE
                0x0000000008004884       0x28 ./libDaisy//build/libdaisy.a(qspi.o)
 .text._ZN5daisy9SaiHandle4Impl7InitDmaENS1_15PeripheralBlockE
                0x00000000080048ac       0xa0 ./libDaisy//build/libdaisy.a(sai.o)
                0x00000000080048ac                daisy::SaiHandle::Impl::InitDma(daisy::SaiHandle::Impl::PeripheralBlock)
 .text._ZN5daisy9SaiHandle4Impl8InitPinsEv
                0x000000000800494c       0xa8 ./libDaisy//build/libdaisy.a(sai.o)
                0x000000000800494c                daisy::SaiHandle::Impl::InitPins()
 .text.HAL_SAI_MspInit
                0x00000000080049f4      0x164 ./libDaisy//build/libdaisy.a(sai.o)
                0x00000000080049f4                HAL_SAI_MspInit
 .text.DMA1_Stream0_IRQHandler
                0x0000000008004b58        0xc ./libDaisy//build/libdaisy.a(sai.o)
                0x0000000008004b58                DMA1_Stream0_IRQHandler
 .text.DMA1_Stream1_IRQHandler
                0x0000000008004b64        0xc ./libDaisy//build/libdaisy.a(sai.o)
                0x0000000008004b64                DMA1_Stream1_IRQHandler
 .text.DMA1_Stream3_IRQHandler
                0x0000000008004b70        0xc ./libDaisy//build/libdaisy.a(sai.o)
                0x0000000008004b70                DMA1_Stream3_IRQHandler
 .text.DMA1_Stream4_IRQHandler
                0x0000000008004b7c        0xc ./libDaisy//build/libdaisy.a(sai.o)
                0x0000000008004b7c                DMA1_Stream4_IRQHandler
 .text.HAL_SAI_RxHalfCpltCallback
                0x0000000008004b88       0x78 ./libDaisy//build/libdaisy.a(sai.o)
                0x0000000008004b88                HAL_SAI_RxHalfCpltCallback
 .text.HAL_SAI_RxCpltCallback
                0x0000000008004c00       0x70 ./libDaisy//build/libdaisy.a(sai.o)
                0x0000000008004c00                HAL_SAI_RxCpltCallback
 .text._ZN5daisy9SaiHandle4InitERKNS0_6ConfigE
                0x0000000008004c70      0x1f0 ./libDaisy//build/libdaisy.a(sai.o)
                0x0000000008004c70                daisy::SaiHandle::Init(daisy::SaiHandle::Config const&)
 .text._ZNK5daisy9SaiHandle9GetConfigEv
                0x0000000008004e60        0x4 ./libDaisy//build/libdaisy.a(sai.o)
                0x0000000008004e60                daisy::SaiHandle::GetConfig() const
 .text._ZN5daisy9SaiHandle8StartDmaEPlS1_jPFvS1_S1_jE
                0x0000000008004e64       0xbc ./libDaisy//build/libdaisy.a(sai.o)
                0x0000000008004e64                daisy::SaiHandle::StartDma(long*, long*, unsigned int, void (*)(long*, long*, unsigned int))
 .text._ZN5daisy9SaiHandle13GetSampleRateEv
                0x0000000008004f20       0x24 ./libDaisy//build/libdaisy.a(sai.o)
                0x0000000008004f20                daisy::SaiHandle::GetSampleRate()
 .text._ZNK5daisy9SaiHandle9GetOffsetEv
                0x0000000008004f44        0x8 ./libDaisy//build/libdaisy.a(sai.o)
                0x0000000008004f44                daisy::SaiHandle::GetOffset() const
 .text._ZN5daisy11TimerHandleD2Ev
                0x0000000008004f4c        0x4 ./libDaisy//build/libdaisy.a(system.o)
                0x0000000008004f4c                daisy::TimerHandle::~TimerHandle()
                0x0000000008004f4c                daisy::TimerHandle::~TimerHandle()
 .text.SysTick_Handler
                0x0000000008004f50       0x10 ./libDaisy//build/libdaisy.a(system.o)
                0x0000000008004f50                SysTick_Handler
 .text.OTG_HS_EP1_OUT_IRQHandler
                0x0000000008004f60       0x24 ./libDaisy//build/libdaisy.a(system.o)
                0x0000000008004f60                OTG_HS_EP1_OUT_IRQHandler
 .text.OTG_HS_EP1_IN_IRQHandler
                0x0000000008004f84       0x24 ./libDaisy//build/libdaisy.a(system.o)
                0x0000000008004f84                OTG_HS_EP1_IN_IRQHandler
 .text.OTG_HS_IRQHandler
                0x0000000008004fa8       0x24 ./libDaisy//build/libdaisy.a(system.o)
                0x0000000008004fa8                OTG_HS_IRQHandler
 .text.HardFault_Handler
                0x0000000008004fcc       0xe0 ./libDaisy//build/libdaisy.a(system.o)
                0x0000000008004fcc                HardFault_Handler
 .text._ZN5daisy6System6GetNowEv
                0x00000000080050ac        0x4 ./libDaisy//build/libdaisy.a(system.o)
                0x00000000080050ac                daisy::System::GetNow()
 .text._ZN5daisy6System5DelayEm
                0x00000000080050b0        0x4 ./libDaisy//build/libdaisy.a(system.o)
                0x00000000080050b0                daisy::System::Delay(unsigned long)
 .text._ZN5daisy6System20GetBootloaderVersionEv
                0x00000000080050b4       0x34 ./libDaisy//build/libdaisy.a(system.o)
                0x00000000080050b4                daisy::System::GetBootloaderVersion()
 .text._ZN5daisy6System15ConfigureClocksEv
                0x00000000080050e8      0x194 ./libDaisy//build/libdaisy.a(system.o)
                0x00000000080050e8                daisy::System::ConfigureClocks()
 .text._ZN5daisy6System12ConfigureMpuEv
                0x000000000800527c       0x7c ./libDaisy//build/libdaisy.a(system.o)
                0x000000000800527c                daisy::System::ConfigureMpu()
 .text._ZN5daisy6System4InitERKNS0_6ConfigE
                0x00000000080052f8       0xec ./libDaisy//build/libdaisy.a(system.o)
                0x00000000080052f8                daisy::System::Init(daisy::System::Config const&)
 .text._ZN5daisy6System12GetPClk1FreqEv
                0x00000000080053e4        0x4 ./libDaisy//build/libdaisy.a(system.o)
                0x00000000080053e4                daisy::System::GetPClk1Freq()
 .text._ZN5daisy6System22GetProgramMemoryRegionEv
                0x00000000080053e8       0x78 ./libDaisy//build/libdaisy.a(system.o)
                0x00000000080053e8                daisy::System::GetProgramMemoryRegion()
 .text.startup._GLOBAL__sub_I__ZN5daisy9boot_infoE
                0x0000000008005460       0x1c ./libDaisy//build/libdaisy.a(system.o)
 .text.SystemInit
                0x000000000800547c       0x9c ./libDaisy//build/libdaisy.a(system_stm32h7xx.o)
                0x000000000800547c                SystemInit
 .text.HAL_PCD_SetupStageCallback
                0x0000000008005518        0xc ./libDaisy//build/libdaisy.a(usbd_conf.o)
                0x0000000008005518                HAL_PCD_SetupStageCallback
 .text.HAL_PCD_DataOutStageCallback
                0x0000000008005524       0x14 ./libDaisy//build/libdaisy.a(usbd_conf.o)
                0x0000000008005524                HAL_PCD_DataOutStageCallback
 .text.HAL_PCD_DataInStageCallback
                0x0000000008005538       0x14 ./libDaisy//build/libdaisy.a(usbd_conf.o)
                0x0000000008005538                HAL_PCD_DataInStageCallback
 .text.HAL_PCD_SOFCallback
                0x000000000800554c        0x8 ./libDaisy//build/libdaisy.a(usbd_conf.o)
                0x000000000800554c                HAL_PCD_SOFCallback
 .text.HAL_PCD_ResetCallback
                0x0000000008005554       0x24 ./libDaisy//build/libdaisy.a(usbd_conf.o)
                0x0000000008005554                HAL_PCD_ResetCallback
 .text.HAL_PCD_SuspendCallback
                0x0000000008005578       0x30 ./libDaisy//build/libdaisy.a(usbd_conf.o)
                0x0000000008005578                HAL_PCD_SuspendCallback
 .text.HAL_PCD_ResumeCallback
                0x00000000080055a8        0x8 ./libDaisy//build/libdaisy.a(usbd_conf.o)
                0x00000000080055a8                HAL_PCD_ResumeCallback
 .text.HAL_PCD_ISOOUTIncompleteCallback
                0x00000000080055b0        0x8 ./libDaisy//build/libdaisy.a(usbd_conf.o)
                0x00000000080055b0                HAL_PCD_ISOOUTIncompleteCallback
 .text.HAL_PCD_ISOINIncompleteCallback
                0x00000000080055b8        0x8 ./libDaisy//build/libdaisy.a(usbd_conf.o)
                0x00000000080055b8                HAL_PCD_ISOINIncompleteCallback
 .text.HAL_PCD_ConnectCallback
                0x00000000080055c0        0x8 ./libDaisy//build/libdaisy.a(usbd_conf.o)
                0x00000000080055c0                HAL_PCD_ConnectCallback
 .text.HAL_PCD_DisconnectCallback
                0x00000000080055c8        0x8 ./libDaisy//build/libdaisy.a(usbd_conf.o)
                0x00000000080055c8                HAL_PCD_DisconnectCallback
 .text.USBD_LL_OpenEP
                0x00000000080055d0       0x24 ./libDaisy//build/libdaisy.a(usbd_conf.o)
                0x00000000080055d0                USBD_LL_OpenEP
 .text.USBD_LL_StallEP
                0x00000000080055f4       0x1c ./libDaisy//build/libdaisy.a(usbd_conf.o)
                0x00000000080055f4                USBD_LL_StallEP
 .text.USBD_LL_ClearStallEP
                0x0000000008005610       0x1c ./libDaisy//build/libdaisy.a(usbd_conf.o)
                0x0000000008005610                USBD_LL_ClearStallEP
 .text.USBD_LL_IsStallEP
                0x000000000800562c       0x28 ./libDaisy//build/libdaisy.a(usbd_conf.o)
                0x000000000800562c                USBD_LL_IsStallEP
 .text.USBD_LL_SetUSBAddress
                0x0000000008005654       0x1c ./libDaisy//build/libdaisy.a(usbd_conf.o)
                0x0000000008005654                USBD_LL_SetUSBAddress
 .text.USBD_LL_Transmit
                0x0000000008005670       0x1c ./libDaisy//build/libdaisy.a(usbd_conf.o)
                0x0000000008005670                USBD_LL_Transmit
 .text.USBD_LL_PrepareReceive
                0x000000000800568c       0x1c ./libDaisy//build/libdaisy.a(usbd_conf.o)
                0x000000000800568c                USBD_LL_PrepareReceive
 .text.HAL_HCD_SOF_Callback
                0x00000000080056a8        0x8 ./libDaisy//build/libdaisy.a(usbh_conf.o)
                0x00000000080056a8                HAL_HCD_SOF_Callback
 .text.HAL_HCD_Connect_Callback
                0x00000000080056b0        0x8 ./libDaisy//build/libdaisy.a(usbh_conf.o)
                0x00000000080056b0                HAL_HCD_Connect_Callback
 .text.HAL_HCD_Disconnect_Callback
                0x00000000080056b8        0x8 ./libDaisy//build/libdaisy.a(usbh_conf.o)
                0x00000000080056b8                HAL_HCD_Disconnect_Callback
 .text.HAL_HCD_HC_NotifyURBChange_Callback
                0x00000000080056c0        0x4 ./libDaisy//build/libdaisy.a(usbh_conf.o)
                0x00000000080056c0                HAL_HCD_HC_NotifyURBChange_Callback
 .text.HAL_HCD_PortEnabled_Callback
                0x00000000080056c4        0x8 ./libDaisy//build/libdaisy.a(usbh_conf.o)
                0x00000000080056c4                HAL_HCD_PortEnabled_Callback
 .text.HAL_HCD_PortDisabled_Callback
                0x00000000080056cc        0x8 ./libDaisy//build/libdaisy.a(usbh_conf.o)
                0x00000000080056cc                HAL_HCD_PortDisabled_Callback
 .text.USBH_LL_Stop
                0x00000000080056d4       0x1c ./libDaisy//build/libdaisy.a(usbh_conf.o)
                0x00000000080056d4                USBH_LL_Stop
 .text.dsy_hal_map_get_port
                0x00000000080056f0       0x10 ./libDaisy//build/libdaisy.a(hal_map.o)
                0x00000000080056f0                dsy_hal_map_get_port
 .text.dsy_hal_map_get_pin
                0x0000000008005700       0x10 ./libDaisy//build/libdaisy.a(hal_map.o)
                0x0000000008005700                dsy_hal_map_get_pin
 .text.dsy_hal_map_gpio_clk_enable
                0x0000000008005710      0x150 ./libDaisy//build/libdaisy.a(hal_map.o)
                0x0000000008005710                dsy_hal_map_gpio_clk_enable
 .text.HAL_MspInit
                0x0000000008005860        0x4 ./libDaisy//build/libdaisy.a(stm32h7xx_hal.o)
                0x0000000008005860                HAL_MspInit
 .text.HAL_InitTick
                0x0000000008005864       0x4c ./libDaisy//build/libdaisy.a(stm32h7xx_hal.o)
                0x0000000008005864                HAL_InitTick
 .text.HAL_Init
                0x00000000080058b0       0x60 ./libDaisy//build/libdaisy.a(stm32h7xx_hal.o)
                0x00000000080058b0                HAL_Init
 .text.HAL_IncTick
                0x0000000008005910       0x18 ./libDaisy//build/libdaisy.a(stm32h7xx_hal.o)
                0x0000000008005910                HAL_IncTick
 .text.HAL_GetTick
                0x0000000008005928        0xc ./libDaisy//build/libdaisy.a(stm32h7xx_hal.o)
                0x0000000008005928                HAL_GetTick
 .text.HAL_Delay
                0x0000000008005934       0x24 ./libDaisy//build/libdaisy.a(stm32h7xx_hal.o)
                0x0000000008005934                HAL_Delay
 .text.HAL_GetREVID
                0x0000000008005958        0xc ./libDaisy//build/libdaisy.a(stm32h7xx_hal.o)
                0x0000000008005958                HAL_GetREVID
 .text.HAL_ADC_ConvHalfCpltCallback
                0x0000000008005964        0x4 ./libDaisy//build/libdaisy.a(stm32h7xx_hal_adc.o)
                0x0000000008005964                HAL_ADC_ConvHalfCpltCallback
 .text.ADC_DMAHalfConvCplt
                0x0000000008005968        0xc ./libDaisy//build/libdaisy.a(stm32h7xx_hal_adc.o)
                0x0000000008005968                ADC_DMAHalfConvCplt
 .text.ADC_DMAConvCplt
                0x0000000008005974       0x6c ./libDaisy//build/libdaisy.a(stm32h7xx_hal_adc.o)
                0x0000000008005974                ADC_DMAConvCplt
 .text.ADC_DMAError
                0x00000000080059e0       0x1c ./libDaisy//build/libdaisy.a(stm32h7xx_hal_adc.o)
                0x00000000080059e0                ADC_DMAError
 .text.HAL_ADC_ConfigChannel
                0x00000000080059fc      0x3fc ./libDaisy//build/libdaisy.a(stm32h7xx_hal_adc.o)
                0x00000000080059fc                HAL_ADC_ConfigChannel
 .text.ADC_Enable
                0x0000000008005df8       0xac ./libDaisy//build/libdaisy.a(stm32h7xx_hal_adc.o)
                0x0000000008005df8                ADC_Enable
 .text.HAL_ADC_Start_DMA
                0x0000000008005ea4      0x114 ./libDaisy//build/libdaisy.a(stm32h7xx_hal_adc.o)
                0x0000000008005ea4                HAL_ADC_Start_DMA
 .text.ADC_Disable
                0x0000000008005fb8       0x68 ./libDaisy//build/libdaisy.a(stm32h7xx_hal_adc.o)
                0x0000000008005fb8                ADC_Disable
 .text.ADC_ConfigureBoostMode
                0x0000000008006020      0x184 ./libDaisy//build/libdaisy.a(stm32h7xx_hal_adc.o)
                0x0000000008006020                ADC_ConfigureBoostMode
 .text.HAL_ADC_Init
                0x00000000080061a4      0x218 ./libDaisy//build/libdaisy.a(stm32h7xx_hal_adc.o)
                0x00000000080061a4                HAL_ADC_Init
 .text.HAL_ADCEx_Calibration_Start
                0x00000000080063bc       0xa4 ./libDaisy//build/libdaisy.a(stm32h7xx_hal_adc_ex.o)
                0x00000000080063bc                HAL_ADCEx_Calibration_Start
 .text.HAL_ADCEx_MultiModeConfigChannel
                0x0000000008006460       0xc4 ./libDaisy//build/libdaisy.a(stm32h7xx_hal_adc_ex.o)
                0x0000000008006460                HAL_ADCEx_MultiModeConfigChannel
 .text.HAL_NVIC_SetPriorityGrouping
                0x0000000008006524       0x24 ./libDaisy//build/libdaisy.a(stm32h7xx_hal_cortex.o)
                0x0000000008006524                HAL_NVIC_SetPriorityGrouping
 .text.HAL_NVIC_SetPriority
                0x0000000008006548       0x7c ./libDaisy//build/libdaisy.a(stm32h7xx_hal_cortex.o)
                0x0000000008006548                HAL_NVIC_SetPriority
 .text.HAL_NVIC_EnableIRQ
                0x00000000080065c4       0x1c ./libDaisy//build/libdaisy.a(stm32h7xx_hal_cortex.o)
                0x00000000080065c4                HAL_NVIC_EnableIRQ
 .text.HAL_NVIC_DisableIRQ
                0x00000000080065e0       0x28 ./libDaisy//build/libdaisy.a(stm32h7xx_hal_cortex.o)
                0x00000000080065e0                HAL_NVIC_DisableIRQ
 .text.HAL_SYSTICK_Config
                0x0000000008006608       0x2c ./libDaisy//build/libdaisy.a(stm32h7xx_hal_cortex.o)
                0x0000000008006608                HAL_SYSTICK_Config
 .text.HAL_MPU_Disable
                0x0000000008006634       0x1c ./libDaisy//build/libdaisy.a(stm32h7xx_hal_cortex.o)
                0x0000000008006634                HAL_MPU_Disable
 .text.HAL_MPU_Enable
                0x0000000008006650       0x20 ./libDaisy//build/libdaisy.a(stm32h7xx_hal_cortex.o)
                0x0000000008006650                HAL_MPU_Enable
 .text.HAL_MPU_ConfigRegion
                0x0000000008006670       0x64 ./libDaisy//build/libdaisy.a(stm32h7xx_hal_cortex.o)
                0x0000000008006670                HAL_MPU_ConfigRegion
 .text.HAL_SYSTICK_Callback
                0x00000000080066d4        0x4 ./libDaisy//build/libdaisy.a(stm32h7xx_hal_cortex.o)
                0x00000000080066d4                HAL_SYSTICK_Callback
 .text.HAL_SYSTICK_IRQHandler
                0x00000000080066d8        0x8 ./libDaisy//build/libdaisy.a(stm32h7xx_hal_cortex.o)
                0x00000000080066d8                HAL_SYSTICK_IRQHandler
 .text.DMA_CalcBaseAndBitshift
                0x00000000080066e0       0xf4 ./libDaisy//build/libdaisy.a(stm32h7xx_hal_dma.o)
 .text.DMA_CalcDMAMUXChannelBaseAndMask
                0x00000000080067d4       0xd8 ./libDaisy//build/libdaisy.a(stm32h7xx_hal_dma.o)
 .text.HAL_DMA_Init
                0x00000000080068ac      0x37c ./libDaisy//build/libdaisy.a(stm32h7xx_hal_dma.o)
                0x00000000080068ac                HAL_DMA_Init
 .text.HAL_DMA_Start_IT
                0x0000000008006c28      0x240 ./libDaisy//build/libdaisy.a(stm32h7xx_hal_dma.o)
                0x0000000008006c28                HAL_DMA_Start_IT
 .text.HAL_DMA_Abort_IT
                0x0000000008006e68      0x134 ./libDaisy//build/libdaisy.a(stm32h7xx_hal_dma.o)
                0x0000000008006e68                HAL_DMA_Abort_IT
 .text.HAL_DMA_IRQHandler
                0x0000000008006f9c      0x6a0 ./libDaisy//build/libdaisy.a(stm32h7xx_hal_dma.o)
                0x0000000008006f9c                HAL_DMA_IRQHandler
 .text.HAL_DMA_GetError
                0x000000000800763c        0x4 ./libDaisy//build/libdaisy.a(stm32h7xx_hal_dma.o)
                0x000000000800763c                HAL_DMA_GetError
 .text.HAL_GPIO_Init
                0x0000000008007640      0x280 ./libDaisy//build/libdaisy.a(stm32h7xx_hal_gpio.o)
                0x0000000008007640                HAL_GPIO_Init
 .text.HAL_GPIO_DeInit
                0x00000000080078c0      0x190 ./libDaisy//build/libdaisy.a(stm32h7xx_hal_gpio.o)
                0x00000000080078c0                HAL_GPIO_DeInit
 .text.HAL_GPIO_ReadPin
                0x0000000008007a50        0xc ./libDaisy//build/libdaisy.a(stm32h7xx_hal_gpio.o)
                0x0000000008007a50                HAL_GPIO_ReadPin
 .text.HAL_GPIO_WritePin
                0x0000000008007a5c        0x8 ./libDaisy//build/libdaisy.a(stm32h7xx_hal_gpio.o)
                0x0000000008007a5c                HAL_GPIO_WritePin
 .text.HAL_HCD_IRQHandler
                0x0000000008007a64      0x780 ./libDaisy//build/libdaisy.a(stm32h7xx_hal_hcd.o)
                0x0000000008007a64                HAL_HCD_IRQHandler
 .text.HAL_HCD_Stop
                0x00000000080081e4       0x28 ./libDaisy//build/libdaisy.a(stm32h7xx_hal_hcd.o)
                0x00000000080081e4                HAL_HCD_Stop
 .text.I2C_WaitOnRXNEFlagUntilTimeout
                0x000000000800820c      0x100 ./libDaisy//build/libdaisy.a(stm32h7xx_hal_i2c.o)
 .text.I2C_WaitOnTXISFlagUntilTimeout
                0x000000000800830c       0xb8 ./libDaisy//build/libdaisy.a(stm32h7xx_hal_i2c.o)
 .text.I2C_WaitOnSTOPFlagUntilTimeout
                0x00000000080083c4       0xac ./libDaisy//build/libdaisy.a(stm32h7xx_hal_i2c.o)
 .text.HAL_I2C_Init
                0x0000000008008470       0xac ./libDaisy//build/libdaisy.a(stm32h7xx_hal_i2c.o)
                0x0000000008008470                HAL_I2C_Init
 .text.HAL_I2C_Master_Transmit
                0x000000000800851c      0x1a8 ./libDaisy//build/libdaisy.a(stm32h7xx_hal_i2c.o)
                0x000000000800851c                HAL_I2C_Master_Transmit
 .text.HAL_I2C_Master_Receive
                0x00000000080086c4      0x1ac ./libDaisy//build/libdaisy.a(stm32h7xx_hal_i2c.o)
                0x00000000080086c4                HAL_I2C_Master_Receive
 .text.HAL_I2C_Slave_Transmit
                0x0000000008008870      0x1c8 ./libDaisy//build/libdaisy.a(stm32h7xx_hal_i2c.o)
                0x0000000008008870                HAL_I2C_Slave_Transmit
 .text.HAL_I2C_Slave_Receive
                0x0000000008008a38      0x1a4 ./libDaisy//build/libdaisy.a(stm32h7xx_hal_i2c.o)
                0x0000000008008a38                HAL_I2C_Slave_Receive
 .text.HAL_I2C_EV_IRQHandler
                0x0000000008008bdc       0x10 ./libDaisy//build/libdaisy.a(stm32h7xx_hal_i2c.o)
                0x0000000008008bdc                HAL_I2C_EV_IRQHandler
 .text.HAL_I2C_GetState
                0x0000000008008bec        0x8 ./libDaisy//build/libdaisy.a(stm32h7xx_hal_i2c.o)
                0x0000000008008bec                HAL_I2C_GetState
 .text.HAL_I2CEx_ConfigAnalogFilter
                0x0000000008008bf4       0x54 ./libDaisy//build/libdaisy.a(stm32h7xx_hal_i2c_ex.o)
                0x0000000008008bf4                HAL_I2CEx_ConfigAnalogFilter
 .text.HAL_I2CEx_ConfigDigitalFilter
                0x0000000008008c48       0x58 ./libDaisy//build/libdaisy.a(stm32h7xx_hal_i2c_ex.o)
                0x0000000008008c48                HAL_I2CEx_ConfigDigitalFilter
 .text.HAL_PCD_IRQHandler
                0x0000000008008ca0      0x69c ./libDaisy//build/libdaisy.a(stm32h7xx_hal_pcd.o)
                0x0000000008008ca0                HAL_PCD_IRQHandler
 .text.HAL_PCD_SetAddress
                0x000000000800933c       0x2c ./libDaisy//build/libdaisy.a(stm32h7xx_hal_pcd.o)
                0x000000000800933c                HAL_PCD_SetAddress
 .text.HAL_PCD_EP_Open
                0x0000000008009368       0x7c ./libDaisy//build/libdaisy.a(stm32h7xx_hal_pcd.o)
                0x0000000008009368                HAL_PCD_EP_Open
 .text.HAL_PCD_EP_Receive
                0x00000000080093e4       0x50 ./libDaisy//build/libdaisy.a(stm32h7xx_hal_pcd.o)
                0x00000000080093e4                HAL_PCD_EP_Receive
 .text.HAL_PCD_EP_Transmit
                0x0000000008009434       0x50 ./libDaisy//build/libdaisy.a(stm32h7xx_hal_pcd.o)
                0x0000000008009434                HAL_PCD_EP_Transmit
 .text.HAL_PCD_EP_SetStall
                0x0000000008009484       0x88 ./libDaisy//build/libdaisy.a(stm32h7xx_hal_pcd.o)
                0x0000000008009484                HAL_PCD_EP_SetStall
 .text.HAL_PCD_EP_ClrStall
                0x000000000800950c       0x78 ./libDaisy//build/libdaisy.a(stm32h7xx_hal_pcd.o)
                0x000000000800950c                HAL_PCD_EP_ClrStall
 .text.HAL_PCDEx_LPM_Callback
                0x0000000008009584        0x4 ./libDaisy//build/libdaisy.a(stm32h7xx_hal_pcd_ex.o)
                0x0000000008009584                HAL_PCDEx_LPM_Callback
 .text.HAL_PWREx_ConfigSupply
                0x0000000008009588       0x4c ./libDaisy//build/libdaisy.a(stm32h7xx_hal_pwr_ex.o)
                0x0000000008009588                HAL_PWREx_ConfigSupply
 .text.HAL_PWREx_EnableUSBVoltageDetector
                0x00000000080095d4       0x10 ./libDaisy//build/libdaisy.a(stm32h7xx_hal_pwr_ex.o)
                0x00000000080095d4                HAL_PWREx_EnableUSBVoltageDetector
 .text.QSPI_Config
                0x00000000080095e4      0x174 ./libDaisy//build/libdaisy.a(stm32h7xx_hal_qspi.o)
 .text.HAL_QSPI_Init
                0x0000000008009758       0xd8 ./libDaisy//build/libdaisy.a(stm32h7xx_hal_qspi.o)
                0x0000000008009758                HAL_QSPI_Init
 .text.HAL_QSPI_DeInit
                0x0000000008009830       0x3c ./libDaisy//build/libdaisy.a(stm32h7xx_hal_qspi.o)
                0x0000000008009830                HAL_QSPI_DeInit
 .text.HAL_QSPI_Command
                0x000000000800986c       0xd4 ./libDaisy//build/libdaisy.a(stm32h7xx_hal_qspi.o)
                0x000000000800986c                HAL_QSPI_Command
 .text.HAL_QSPI_Transmit
                0x0000000008009940       0xfc ./libDaisy//build/libdaisy.a(stm32h7xx_hal_qspi.o)
                0x0000000008009940                HAL_QSPI_Transmit
 .text.HAL_QSPI_Receive
                0x0000000008009a3c      0x108 ./libDaisy//build/libdaisy.a(stm32h7xx_hal_qspi.o)
                0x0000000008009a3c                HAL_QSPI_Receive
 .text.HAL_QSPI_AutoPolling
                0x0000000008009b44       0xf0 ./libDaisy//build/libdaisy.a(stm32h7xx_hal_qspi.o)
                0x0000000008009b44                HAL_QSPI_AutoPolling
 .text.HAL_QSPI_MemoryMapped
                0x0000000008009c34       0xc0 ./libDaisy//build/libdaisy.a(stm32h7xx_hal_qspi.o)
                0x0000000008009c34                HAL_QSPI_MemoryMapped
 .text.HAL_QSPI_ErrorCallback
                0x0000000008009cf4        0x4 ./libDaisy//build/libdaisy.a(stm32h7xx_hal_qspi.o)
                0x0000000008009cf4                HAL_QSPI_ErrorCallback
 .text.QSPI_DMAAbortCplt
                0x0000000008009cf8       0x38 ./libDaisy//build/libdaisy.a(stm32h7xx_hal_qspi.o)
 .text.HAL_QSPI_AbortCpltCallback
                0x0000000008009d30        0x4 ./libDaisy//build/libdaisy.a(stm32h7xx_hal_qspi.o)
                0x0000000008009d30                HAL_QSPI_AbortCpltCallback
 .text.HAL_QSPI_CmdCpltCallback
                0x0000000008009d34        0x4 ./libDaisy//build/libdaisy.a(stm32h7xx_hal_qspi.o)
                0x0000000008009d34                HAL_QSPI_CmdCpltCallback
 .text.HAL_QSPI_RxCpltCallback
                0x0000000008009d38        0x4 ./libDaisy//build/libdaisy.a(stm32h7xx_hal_qspi.o)
                0x0000000008009d38                HAL_QSPI_RxCpltCallback
 .text.HAL_QSPI_TxCpltCallback
                0x0000000008009d3c        0x4 ./libDaisy//build/libdaisy.a(stm32h7xx_hal_qspi.o)
                0x0000000008009d3c                HAL_QSPI_TxCpltCallback
 .text.HAL_QSPI_FifoThresholdCallback
                0x0000000008009d40        0x4 ./libDaisy//build/libdaisy.a(stm32h7xx_hal_qspi.o)
                0x0000000008009d40                HAL_QSPI_FifoThresholdCallback
 .text.HAL_QSPI_StatusMatchCallback
                0x0000000008009d44        0x4 ./libDaisy//build/libdaisy.a(stm32h7xx_hal_qspi.o)
                0x0000000008009d44                HAL_QSPI_StatusMatchCallback
 .text.HAL_QSPI_TimeOutCallback
                0x0000000008009d48        0x4 ./libDaisy//build/libdaisy.a(stm32h7xx_hal_qspi.o)
                0x0000000008009d48                HAL_QSPI_TimeOutCallback
 .text.HAL_QSPI_IRQHandler
                0x0000000008009d4c      0x210 ./libDaisy//build/libdaisy.a(stm32h7xx_hal_qspi.o)
                0x0000000008009d4c                HAL_QSPI_IRQHandler
 .text.HAL_RCC_OscConfig
                0x0000000008009f5c      0x51c ./libDaisy//build/libdaisy.a(stm32h7xx_hal_rcc.o)
                0x0000000008009f5c                HAL_RCC_OscConfig
 .text.HAL_RCC_GetSysClockFreq
                0x000000000800a478      0x140 ./libDaisy//build/libdaisy.a(stm32h7xx_hal_rcc.o)
                0x000000000800a478                HAL_RCC_GetSysClockFreq
 .text.HAL_RCC_ClockConfig
                0x000000000800a5b8      0x234 ./libDaisy//build/libdaisy.a(stm32h7xx_hal_rcc.o)
                0x000000000800a5b8                HAL_RCC_ClockConfig
 .text.HAL_RCC_GetHCLKFreq
                0x000000000800a7ec       0x2c ./libDaisy//build/libdaisy.a(stm32h7xx_hal_rcc.o)
                0x000000000800a7ec                HAL_RCC_GetHCLKFreq
 .text.HAL_RCC_GetPCLK1Freq
                0x000000000800a818       0x38 ./libDaisy//build/libdaisy.a(stm32h7xx_hal_rcc.o)
                0x000000000800a818                HAL_RCC_GetPCLK1Freq
 .text.HAL_RCC_GetPCLK2Freq
                0x000000000800a850       0x38 ./libDaisy//build/libdaisy.a(stm32h7xx_hal_rcc.o)
                0x000000000800a850                HAL_RCC_GetPCLK2Freq
 .text.RCCEx_PLL2_Config
                0x000000000800a888       0xf4 ./libDaisy//build/libdaisy.a(stm32h7xx_hal_rcc_ex.o)
 .text.RCCEx_PLL3_Config
                0x000000000800a97c       0xf4 ./libDaisy//build/libdaisy.a(stm32h7xx_hal_rcc_ex.o)
 .text.HAL_RCCEx_PeriphCLKConfig
                0x000000000800aa70      0xa7c ./libDaisy//build/libdaisy.a(stm32h7xx_hal_rcc_ex.o)
                0x000000000800aa70                HAL_RCCEx_PeriphCLKConfig
 .text.HAL_RCCEx_GetD3PCLK1Freq
                0x000000000800b4ec       0x24 ./libDaisy//build/libdaisy.a(stm32h7xx_hal_rcc_ex.o)
                0x000000000800b4ec                HAL_RCCEx_GetD3PCLK1Freq
 .text.HAL_RCCEx_GetPLL2ClockFreq
                0x000000000800b510      0x17c ./libDaisy//build/libdaisy.a(stm32h7xx_hal_rcc_ex.o)
                0x000000000800b510                HAL_RCCEx_GetPLL2ClockFreq
 .text.HAL_RCCEx_GetPLL3ClockFreq
                0x000000000800b68c      0x17c ./libDaisy//build/libdaisy.a(stm32h7xx_hal_rcc_ex.o)
                0x000000000800b68c                HAL_RCCEx_GetPLL3ClockFreq
 .text.HAL_RCCEx_GetPLL1ClockFreq
                0x000000000800b808      0x17c ./libDaisy//build/libdaisy.a(stm32h7xx_hal_rcc_ex.o)
                0x000000000800b808                HAL_RCCEx_GetPLL1ClockFreq
 .text.HAL_RCCEx_GetPeriphCLKFreq
                0x000000000800b984      0x198 ./libDaisy//build/libdaisy.a(stm32h7xx_hal_rcc_ex.o)
                0x000000000800b984                HAL_RCCEx_GetPeriphCLKFreq
 .text.HAL_RCCEx_GetD1SysClockFreq
                0x000000000800bb1c       0x2c ./libDaisy//build/libdaisy.a(stm32h7xx_hal_rcc_ex.o)
                0x000000000800bb1c                HAL_RCCEx_GetD1SysClockFreq
 .text.HAL_SAI_Init.part.0
                0x000000000800bb48      0x348 ./libDaisy//build/libdaisy.a(stm32h7xx_hal_sai.o)
 .text.HAL_SAI_InitProtocol
                0x000000000800be90      0x178 ./libDaisy//build/libdaisy.a(stm32h7xx_hal_sai.o)
                0x000000000800be90                HAL_SAI_InitProtocol
 .text.HAL_SAI_Transmit_DMA
                0x000000000800c008      0x124 ./libDaisy//build/libdaisy.a(stm32h7xx_hal_sai.o)
                0x000000000800c008                HAL_SAI_Transmit_DMA
 .text.HAL_SAI_Receive_DMA
                0x000000000800c12c       0xd0 ./libDaisy//build/libdaisy.a(stm32h7xx_hal_sai.o)
                0x000000000800c12c                HAL_SAI_Receive_DMA
 .text.HAL_SAI_TxCpltCallback
                0x000000000800c1fc        0x4 ./libDaisy//build/libdaisy.a(stm32h7xx_hal_sai.o)
                0x000000000800c1fc                HAL_SAI_TxCpltCallback
 .text.SAI_DMATxCplt
                0x000000000800c200       0x64 ./libDaisy//build/libdaisy.a(stm32h7xx_hal_sai.o)
 .text.HAL_SAI_TxHalfCpltCallback
                0x000000000800c264        0x4 ./libDaisy//build/libdaisy.a(stm32h7xx_hal_sai.o)
                0x000000000800c264                HAL_SAI_TxHalfCpltCallback
 .text.SAI_DMATxHalfCplt
                0x000000000800c268        0xc ./libDaisy//build/libdaisy.a(stm32h7xx_hal_sai.o)
 .text.SAI_DMARxCplt
                0x000000000800c274       0x64 ./libDaisy//build/libdaisy.a(stm32h7xx_hal_sai.o)
 .text.SAI_DMARxHalfCplt
                0x000000000800c2d8        0xc ./libDaisy//build/libdaisy.a(stm32h7xx_hal_sai.o)
 .text.HAL_SAI_ErrorCallback
                0x000000000800c2e4        0x4 ./libDaisy//build/libdaisy.a(stm32h7xx_hal_sai.o)
                0x000000000800c2e4                HAL_SAI_ErrorCallback
 .text.SAI_DMAError
                0x000000000800c2e8       0x6c ./libDaisy//build/libdaisy.a(stm32h7xx_hal_sai.o)
 .text.HAL_SDRAM_Init
                0x000000000800c354       0x54 ./libDaisy//build/libdaisy.a(stm32h7xx_hal_sdram.o)
                0x000000000800c354                HAL_SDRAM_Init
 .text.HAL_SDRAM_SendCommand
                0x000000000800c3a8       0x40 ./libDaisy//build/libdaisy.a(stm32h7xx_hal_sdram.o)
                0x000000000800c3a8                HAL_SDRAM_SendCommand
 .text.HAL_SDRAM_ProgramRefreshRate
                0x000000000800c3e8       0x30 ./libDaisy//build/libdaisy.a(stm32h7xx_hal_sdram.o)
                0x000000000800c3e8                HAL_SDRAM_ProgramRefreshRate
 .text.FMC_SDRAM_Init
                0x000000000800c418       0x7c ./libDaisy//build/libdaisy.a(stm32h7xx_ll_fmc.o)
                0x000000000800c418                FMC_SDRAM_Init
 .text.FMC_SDRAM_Timing_Init
                0x000000000800c494       0x98 ./libDaisy//build/libdaisy.a(stm32h7xx_ll_fmc.o)
                0x000000000800c494                FMC_SDRAM_Timing_Init
 .text.FMC_SDRAM_SendCommand
                0x000000000800c52c       0x28 ./libDaisy//build/libdaisy.a(stm32h7xx_ll_fmc.o)
                0x000000000800c52c                FMC_SDRAM_SendCommand
 .text.FMC_SDRAM_ProgramRefreshRate
                0x000000000800c554       0x1c ./libDaisy//build/libdaisy.a(stm32h7xx_ll_fmc.o)
                0x000000000800c554                FMC_SDRAM_ProgramRefreshRate
 .text.USB_SetTurnaroundTime
                0x000000000800c570      0x104 ./libDaisy//build/libdaisy.a(stm32h7xx_ll_usb.o)
                0x000000000800c570                USB_SetTurnaroundTime
 .text.USB_FlushTxFifo
                0x000000000800c674       0x34 ./libDaisy//build/libdaisy.a(stm32h7xx_ll_usb.o)
                0x000000000800c674                USB_FlushTxFifo
 .text.USB_GetDevSpeed
                0x000000000800c6a8       0x24 ./libDaisy//build/libdaisy.a(stm32h7xx_ll_usb.o)
                0x000000000800c6a8                USB_GetDevSpeed
 .text.USB_ActivateEndpoint
                0x000000000800c6cc       0x90 ./libDaisy//build/libdaisy.a(stm32h7xx_ll_usb.o)
                0x000000000800c6cc                USB_ActivateEndpoint
 .text.USB_EPStartXfer
                0x000000000800c75c      0x230 ./libDaisy//build/libdaisy.a(stm32h7xx_ll_usb.o)
                0x000000000800c75c                USB_EPStartXfer
 .text.USB_EP0StartXfer
                0x000000000800c98c      0x174 ./libDaisy//build/libdaisy.a(stm32h7xx_ll_usb.o)
                0x000000000800c98c                USB_EP0StartXfer
 .text.USB_WritePacket
                0x000000000800cb00       0x2c ./libDaisy//build/libdaisy.a(stm32h7xx_ll_usb.o)
                0x000000000800cb00                USB_WritePacket
 .text.USB_ReadPacket
                0x000000000800cb2c       0x20 ./libDaisy//build/libdaisy.a(stm32h7xx_ll_usb.o)
                0x000000000800cb2c                USB_ReadPacket
 .text.USB_EPSetStall
                0x000000000800cb4c       0x68 ./libDaisy//build/libdaisy.a(stm32h7xx_ll_usb.o)
                0x000000000800cb4c                USB_EPSetStall
 .text.USB_EPClearStall
                0x000000000800cbb4       0x58 ./libDaisy//build/libdaisy.a(stm32h7xx_ll_usb.o)
                0x000000000800cbb4                USB_EPClearStall
 .text.USB_SetDevAddress
                0x000000000800cc0c       0x24 ./libDaisy//build/libdaisy.a(stm32h7xx_ll_usb.o)
                0x000000000800cc0c                USB_SetDevAddress
 .text.USB_ReadInterrupts
                0x000000000800cc30       0x14 ./libDaisy//build/libdaisy.a(stm32h7xx_ll_usb.o)
                0x000000000800cc30                USB_ReadInterrupts
 .text.USB_ReadDevAllOutEpInterrupt
                0x000000000800cc44       0x1c ./libDaisy//build/libdaisy.a(stm32h7xx_ll_usb.o)
                0x000000000800cc44                USB_ReadDevAllOutEpInterrupt
 .text.USB_ReadDevAllInEpInterrupt
                0x000000000800cc60       0x1c ./libDaisy//build/libdaisy.a(stm32h7xx_ll_usb.o)
                0x000000000800cc60                USB_ReadDevAllInEpInterrupt
 .text.USB_ReadDevOutEPInterrupt
                0x000000000800cc7c       0x1c ./libDaisy//build/libdaisy.a(stm32h7xx_ll_usb.o)
                0x000000000800cc7c                USB_ReadDevOutEPInterrupt
 .text.USB_ReadDevInEPInterrupt
                0x000000000800cc98       0x38 ./libDaisy//build/libdaisy.a(stm32h7xx_ll_usb.o)
                0x000000000800cc98                USB_ReadDevInEPInterrupt
 .text.USB_GetMode
                0x000000000800ccd0        0x8 ./libDaisy//build/libdaisy.a(stm32h7xx_ll_usb.o)
                0x000000000800ccd0                USB_GetMode
 .text.USB_ActivateSetup
                0x000000000800ccd8       0x38 ./libDaisy//build/libdaisy.a(stm32h7xx_ll_usb.o)
                0x000000000800ccd8                USB_ActivateSetup
 .text.USB_EP0_OutStart
                0x000000000800cd10       0x58 ./libDaisy//build/libdaisy.a(stm32h7xx_ll_usb.o)
                0x000000000800cd10                USB_EP0_OutStart
 .text.USB_InitFSLSPClkSel
                0x000000000800cd68       0x44 ./libDaisy//build/libdaisy.a(stm32h7xx_ll_usb.o)
                0x000000000800cd68                USB_InitFSLSPClkSel
 .text.USB_HC_ReadInterrupt
                0x000000000800cdac        0x8 ./libDaisy//build/libdaisy.a(stm32h7xx_ll_usb.o)
                0x000000000800cdac                USB_HC_ReadInterrupt
 .text.USB_HC_Halt
                0x000000000800cdb4       0xc0 ./libDaisy//build/libdaisy.a(stm32h7xx_ll_usb.o)
                0x000000000800cdb4                USB_HC_Halt
 .text.USB_StopHost
                0x000000000800ce74      0x2ec ./libDaisy//build/libdaisy.a(stm32h7xx_ll_usb.o)
                0x000000000800ce74                USB_StopHost
 .text.USBD_SetClassConfig
                0x000000000800d160       0x14 ./libDaisy//build/libdaisy.a(usbd_core.o)
                0x000000000800d160                USBD_SetClassConfig
 .text.USBD_ClrClassConfig
                0x000000000800d174       0x10 ./libDaisy//build/libdaisy.a(usbd_core.o)
                0x000000000800d174                USBD_ClrClassConfig
 .text.USBD_LL_SetupStage
                0x000000000800d184       0x5c ./libDaisy//build/libdaisy.a(usbd_core.o)
                0x000000000800d184                USBD_LL_SetupStage
 .text.USBD_LL_DataOutStage
                0x000000000800d1e0       0x7c ./libDaisy//build/libdaisy.a(usbd_core.o)
                0x000000000800d1e0                USBD_LL_DataOutStage
 .text.USBD_LL_DataInStage
                0x000000000800d25c       0xcc ./libDaisy//build/libdaisy.a(usbd_core.o)
                0x000000000800d25c                USBD_LL_DataInStage
 .text.USBD_LL_Reset
                0x000000000800d328       0x50 ./libDaisy//build/libdaisy.a(usbd_core.o)
                0x000000000800d328                USBD_LL_Reset
 .text.USBD_LL_SetSpeed
                0x000000000800d378        0x8 ./libDaisy//build/libdaisy.a(usbd_core.o)
                0x000000000800d378                USBD_LL_SetSpeed
 .text.USBD_LL_Suspend
                0x000000000800d380       0x14 ./libDaisy//build/libdaisy.a(usbd_core.o)
                0x000000000800d380                USBD_LL_Suspend
 .text.USBD_LL_Resume
                0x000000000800d394       0x10 ./libDaisy//build/libdaisy.a(usbd_core.o)
                0x000000000800d394                USBD_LL_Resume
 .text.USBD_LL_SOF
                0x000000000800d3a4       0x1c ./libDaisy//build/libdaisy.a(usbd_core.o)
                0x000000000800d3a4                USBD_LL_SOF
 .text.USBD_LL_IsoINIncomplete
                0x000000000800d3c0        0x4 ./libDaisy//build/libdaisy.a(usbd_core.o)
                0x000000000800d3c0                USBD_LL_IsoINIncomplete
 .text.USBD_LL_IsoOUTIncomplete
                0x000000000800d3c4        0x4 ./libDaisy//build/libdaisy.a(usbd_core.o)
                0x000000000800d3c4                USBD_LL_IsoOUTIncomplete
 .text.USBD_LL_DevConnected
                0x000000000800d3c8        0x4 ./libDaisy//build/libdaisy.a(usbd_core.o)
                0x000000000800d3c8                USBD_LL_DevConnected
 .text.USBD_LL_DevDisconnected
                0x000000000800d3cc       0x18 ./libDaisy//build/libdaisy.a(usbd_core.o)
                0x000000000800d3cc                USBD_LL_DevDisconnected
 .text.USBD_StdDevReq
                0x000000000800d3e4      0x304 ./libDaisy//build/libdaisy.a(usbd_ctlreq.o)
                0x000000000800d3e4                USBD_StdDevReq
 .text.USBD_StdItfReq
                0x000000000800d6e8       0x68 ./libDaisy//build/libdaisy.a(usbd_ctlreq.o)
                0x000000000800d6e8                USBD_StdItfReq
 .text.USBD_StdEPReq
                0x000000000800d750      0x13c ./libDaisy//build/libdaisy.a(usbd_ctlreq.o)
                0x000000000800d750                USBD_StdEPReq
 .text.USBD_ParseSetupRequest
                0x000000000800d88c       0x28 ./libDaisy//build/libdaisy.a(usbd_ctlreq.o)
                0x000000000800d88c                USBD_ParseSetupRequest
 .text.USBD_CtlSendData
                0x000000000800d8b4       0x1c ./libDaisy//build/libdaisy.a(usbd_ioreq.o)
                0x000000000800d8b4                USBD_CtlSendData
 .text.USBD_CtlContinueSendData
                0x000000000800d8d0       0x14 ./libDaisy//build/libdaisy.a(usbd_ioreq.o)
                0x000000000800d8d0                USBD_CtlContinueSendData
 .text.USBD_CtlContinueRx
                0x000000000800d8e4       0x14 ./libDaisy//build/libdaisy.a(usbd_ioreq.o)
                0x000000000800d8e4                USBD_CtlContinueRx
 .text.USBD_CtlSendStatus
                0x000000000800d8f8       0x18 ./libDaisy//build/libdaisy.a(usbd_ioreq.o)
                0x000000000800d8f8                USBD_CtlSendStatus
 .text.USBD_CtlReceiveStatus
                0x000000000800d910       0x18 ./libDaisy//build/libdaisy.a(usbd_ioreq.o)
                0x000000000800d910                USBD_CtlReceiveStatus
 .text.USBH_LL_IncTimer
                0x000000000800d928       0x20 ./libDaisy//build/libdaisy.a(usbh_core.o)
                0x000000000800d928                USBH_LL_IncTimer
 .text.USBH_LL_PortEnabled
                0x000000000800d948        0x8 ./libDaisy//build/libdaisy.a(usbh_core.o)
                0x000000000800d948                USBH_LL_PortEnabled
 .text.USBH_LL_PortDisabled
                0x000000000800d950        0x8 ./libDaisy//build/libdaisy.a(usbh_core.o)
                0x000000000800d950                USBH_LL_PortDisabled
 .text.USBH_LL_Connect
                0x000000000800d958       0x18 ./libDaisy//build/libdaisy.a(usbh_core.o)
                0x000000000800d958                USBH_LL_Connect
 .text.USBH_LL_Disconnect
                0x000000000800d970       0x2c ./libDaisy//build/libdaisy.a(usbh_core.o)
                0x000000000800d970                USBH_LL_Disconnect
 .text.USBH_FreePipe
                0x000000000800d99c       0x18 ./libDaisy//build/libdaisy.a(usbh_pipes.o)
                0x000000000800d99c                USBH_FreePipe
 .text._ZN5daisy3Led4InitE12dsy_gpio_pinbf
                0x000000000800d9b4       0x48 ./libDaisy//build/libdaisy.a(led.o)
                0x000000000800d9b4                daisy::Led::Init(dsy_gpio_pin, bool, float)
 .text._ZN5daisy3Led3SetEf
                0x000000000800d9fc       0x24 ./libDaisy//build/libdaisy.a(led.o)
                0x000000000800d9fc                daisy::Led::Set(float)
 .text._ZN5daisy3Led6UpdateEv
                0x000000000800da20       0x48 ./libDaisy//build/libdaisy.a(led.o)
                0x000000000800da20                daisy::Led::Update()
 .text._ZN5daisy6Random4InitEv
                0x000000000800da68       0x3c ./libDaisy//build/libdaisy.a(rng.o)
                0x000000000800da68                daisy::Random::Init()
 .text._ZN5daisy9SpiHandle4Impl7InitDmaEv
                0x000000000800daa4       0xec ./libDaisy//build/libdaisy.a(spi.o)
                0x000000000800daa4                daisy::SpiHandle::Impl::InitDma()
 .text._ZN5daisy9SpiHandle4Impl10StartDmaTxEPhjPFvPvEPFvS3_NS0_6ResultEES3_
                0x000000000800db90       0xc8 ./libDaisy//build/libdaisy.a(spi.o)
                0x000000000800db90                daisy::SpiHandle::Impl::StartDmaTx(unsigned char*, unsigned int, void (*)(void*), void (*)(void*, daisy::SpiHandle::Result), void*)
 .text._ZN5daisy9SpiHandle4Impl10StartDmaRxEPhjPFvPvEPFvS3_NS0_6ResultEES3_
                0x000000000800dc58       0xc8 ./libDaisy//build/libdaisy.a(spi.o)
                0x000000000800dc58                daisy::SpiHandle::Impl::StartDmaRx(unsigned char*, unsigned int, void (*)(void*), void (*)(void*, daisy::SpiHandle::Result), void*)
 .text._ZN5daisy9SpiHandle4Impl12StartDmaRxTxEPhS2_jPFvPvEPFvS3_NS0_6ResultEES3_
                0x000000000800dd20       0xcc ./libDaisy//build/libdaisy.a(spi.o)
                0x000000000800dd20                daisy::SpiHandle::Impl::StartDmaRxTx(unsigned char*, unsigned char*, unsigned int, void (*)(void*), void (*)(void*, daisy::SpiHandle::Result), void*)
 .text._ZN5daisy9SpiHandle4Impl8InitPinsEv
                0x000000000800ddec      0x274 ./libDaisy//build/libdaisy.a(spi.o)
                0x000000000800ddec                daisy::SpiHandle::Impl::InitPins()
 .text.HAL_SPI_MspInit
                0x000000000800e060      0x1a8 ./libDaisy//build/libdaisy.a(spi.o)
                0x000000000800e060                HAL_SPI_MspInit
 .text.dsy_spi_global_init
                0x000000000800e208       0x80 ./libDaisy//build/libdaisy.a(spi.o)
                0x000000000800e208                dsy_spi_global_init
 .text.SPI1_IRQHandler
                0x000000000800e288        0xc ./libDaisy//build/libdaisy.a(spi.o)
                0x000000000800e288                SPI1_IRQHandler
 .text.SPI2_IRQHandler
                0x000000000800e294        0xc ./libDaisy//build/libdaisy.a(spi.o)
                0x000000000800e294                SPI2_IRQHandler
 .text.SPI3_IRQHandler
                0x000000000800e2a0        0xc ./libDaisy//build/libdaisy.a(spi.o)
                0x000000000800e2a0                SPI3_IRQHandler
 .text.SPI4_IRQHandler
                0x000000000800e2ac        0xc ./libDaisy//build/libdaisy.a(spi.o)
                0x000000000800e2ac                SPI4_IRQHandler
 .text.SPI5_IRQHandler
                0x000000000800e2b8        0xc ./libDaisy//build/libdaisy.a(spi.o)
                0x000000000800e2b8                SPI5_IRQHandler
 .text.DMA2_Stream2_IRQHandler
                0x000000000800e2c4       0x34 ./libDaisy//build/libdaisy.a(spi.o)
                0x000000000800e2c4                DMA2_Stream2_IRQHandler
 .text.DMA2_Stream3_IRQHandler
                0x000000000800e2f8       0x38 ./libDaisy//build/libdaisy.a(spi.o)
                0x000000000800e2f8                DMA2_Stream3_IRQHandler
 .text.HAL_SPI_TxCpltCallback
                0x000000000800e330       0xc4 ./libDaisy//build/libdaisy.a(spi.o)
                0x000000000800e330                HAL_SPI_TxCpltCallback
 .text.HAL_SPI_RxCpltCallback
                0x000000000800e3f4       0xc4 ./libDaisy//build/libdaisy.a(spi.o)
                0x000000000800e3f4                HAL_SPI_RxCpltCallback
 .text.HAL_SPI_TxRxCpltCallback
                0x000000000800e4b8       0xc4 ./libDaisy//build/libdaisy.a(spi.o)
                0x000000000800e4b8                HAL_SPI_TxRxCpltCallback
 .text.HAL_SPI_ErrorCallback
                0x000000000800e57c       0xc8 ./libDaisy//build/libdaisy.a(spi.o)
                0x000000000800e57c                HAL_SPI_ErrorCallback
 .text.startup._GLOBAL__sub_I__Z19MapInstanceToHandleP11SPI_TypeDef
                0x000000000800e644      0x1b0 ./libDaisy//build/libdaisy.a(spi.o)
 .text.HAL_TIM_Base_MspInit
                0x000000000800e7f4      0x1e0 ./libDaisy//build/libdaisy.a(tim.o)
                0x000000000800e7f4                HAL_TIM_Base_MspInit
 .text.HAL_TIM_PeriodElapsedCallback
                0x000000000800e9d4       0x44 ./libDaisy//build/libdaisy.a(tim.o)
                0x000000000800e9d4                HAL_TIM_PeriodElapsedCallback
 .text.TIM2_IRQHandler
                0x000000000800ea18        0xc ./libDaisy//build/libdaisy.a(tim.o)
                0x000000000800ea18                TIM2_IRQHandler
 .text.TIM3_IRQHandler
                0x000000000800ea24        0xc ./libDaisy//build/libdaisy.a(tim.o)
                0x000000000800ea24                TIM3_IRQHandler
 .text.TIM4_IRQHandler
                0x000000000800ea30        0xc ./libDaisy//build/libdaisy.a(tim.o)
                0x000000000800ea30                TIM4_IRQHandler
 .text.TIM5_IRQHandler
                0x000000000800ea3c        0xc ./libDaisy//build/libdaisy.a(tim.o)
                0x000000000800ea3c                TIM5_IRQHandler
 .text._ZN5daisy11TimerHandle4InitERKNS0_6ConfigE
                0x000000000800ea48       0xd0 ./libDaisy//build/libdaisy.a(tim.o)
                0x000000000800ea48                daisy::TimerHandle::Init(daisy::TimerHandle::Config const&)
 .text._ZN5daisy11TimerHandle5StartEv
                0x000000000800eb18       0x24 ./libDaisy//build/libdaisy.a(tim.o)
                0x000000000800eb18                daisy::TimerHandle::Start()
 .text.startup._GLOBAL__sub_I__ZN5daisy11TimerHandle4Impl4InitERKNS0_6ConfigE
                0x000000000800eb3c       0x38 ./libDaisy//build/libdaisy.a(tim.o)
 .text._ZL20UART_CheckRxListenerPN5daisy11UartHandler4ImplE
                0x000000000800eb74       0x84 ./libDaisy//build/libdaisy.a(uart.o)
 .text._ZN5daisy11UartHandler4Impl10StartDmaTxEPhjPFvPvEPFvS3_NS0_6ResultEES3_
                0x000000000800ebf8      0x184 ./libDaisy//build/libdaisy.a(uart.o)
                0x000000000800ebf8                daisy::UartHandler::Impl::StartDmaTx(unsigned char*, unsigned int, void (*)(void*), void (*)(void*, daisy::UartHandler::Result), void*)
 .text._ZN5daisy11UartHandler4Impl10StartDmaRxEPhjPFvPvEPFvS3_NS0_6ResultEES3_
                0x000000000800ed7c      0x184 ./libDaisy//build/libdaisy.a(uart.o)
                0x000000000800ed7c                daisy::UartHandler::Impl::StartDmaRx(unsigned char*, unsigned int, void (*)(void*), void (*)(void*, daisy::UartHandler::Result), void*)
 .text._ZN5daisy11UartHandler4Impl19DmaTransferFinishedEP20__UART_HandleTypeDefNS0_6ResultE
                0x000000000800ef00       0xc0 ./libDaisy//build/libdaisy.a(uart.o)
                0x000000000800ef00                daisy::UartHandler::Impl::DmaTransferFinished(__UART_HandleTypeDef*, daisy::UartHandler::Result)
 .text._ZN5daisy11UartHandler4Impl8InitPinsEv
                0x000000000800efc0      0x154 ./libDaisy//build/libdaisy.a(uart.o)
                0x000000000800efc0                daisy::UartHandler::Impl::InitPins()
 .text.HAL_UART_MspInit
                0x000000000800f114      0x210 ./libDaisy//build/libdaisy.a(uart.o)
                0x000000000800f114                HAL_UART_MspInit
 .text.dsy_uart_global_init
                0x000000000800f324       0xfc ./libDaisy//build/libdaisy.a(uart.o)
                0x000000000800f324                dsy_uart_global_init
 .text.USART1_IRQHandler
                0x000000000800f420       0x2c ./libDaisy//build/libdaisy.a(uart.o)
                0x000000000800f420                USART1_IRQHandler
 .text.USART2_IRQHandler
                0x000000000800f44c       0x34 ./libDaisy//build/libdaisy.a(uart.o)
                0x000000000800f44c                USART2_IRQHandler
 .text.USART3_IRQHandler
                0x000000000800f480       0x34 ./libDaisy//build/libdaisy.a(uart.o)
                0x000000000800f480                USART3_IRQHandler
 .text.UART4_IRQHandler
                0x000000000800f4b4       0x34 ./libDaisy//build/libdaisy.a(uart.o)
                0x000000000800f4b4                UART4_IRQHandler
 .text.UART5_IRQHandler
                0x000000000800f4e8       0x34 ./libDaisy//build/libdaisy.a(uart.o)
                0x000000000800f4e8                UART5_IRQHandler
 .text.USART6_IRQHandler
                0x000000000800f51c       0x34 ./libDaisy//build/libdaisy.a(uart.o)
                0x000000000800f51c                USART6_IRQHandler
 .text.UART7_IRQHandler
                0x000000000800f550       0x34 ./libDaisy//build/libdaisy.a(uart.o)
                0x000000000800f550                UART7_IRQHandler
 .text.UART8_IRQHandler
                0x000000000800f584       0x34 ./libDaisy//build/libdaisy.a(uart.o)
                0x000000000800f584                UART8_IRQHandler
 .text.LPUART1_IRQHandler
                0x000000000800f5b8       0x34 ./libDaisy//build/libdaisy.a(uart.o)
                0x000000000800f5b8                LPUART1_IRQHandler
 .text.DMA1_Stream5_IRQHandler
                0x000000000800f5ec       0x34 ./libDaisy//build/libdaisy.a(uart.o)
                0x000000000800f5ec                DMA1_Stream5_IRQHandler
 .text.DMA2_Stream4_IRQHandler
                0x000000000800f620       0x38 ./libDaisy//build/libdaisy.a(uart.o)
                0x000000000800f620                DMA2_Stream4_IRQHandler
 .text.HAL_UART_TxCpltCallback
                0x000000000800f658        0x8 ./libDaisy//build/libdaisy.a(uart.o)
                0x000000000800f658                HAL_UART_TxCpltCallback
 .text.HAL_UART_RxCpltCallback
                0x000000000800f660       0x94 ./libDaisy//build/libdaisy.a(uart.o)
                0x000000000800f660                HAL_UART_RxCpltCallback
 .text.HAL_UART_RxHalfCpltCallback
                0x000000000800f6f4       0x90 ./libDaisy//build/libdaisy.a(uart.o)
                0x000000000800f6f4                HAL_UART_RxHalfCpltCallback
 .text.HAL_UART_ErrorCallback
                0x000000000800f784        0x8 ./libDaisy//build/libdaisy.a(uart.o)
                0x000000000800f784                HAL_UART_ErrorCallback
 .text.startup._GLOBAL__sub_I__Z19MapInstanceToHandleP13USART_TypeDef
                0x000000000800f78c      0x194 ./libDaisy//build/libdaisy.a(uart.o)
 .text.dsy_dma_init
                0x000000000800f920      0x100 ./libDaisy//build/libdaisy.a(dma.o)
                0x000000000800f920                dsy_dma_init
 .text.dsy_dma_invalidate_cache_for_buffer
                0x000000000800fa20       0x2c ./libDaisy//build/libdaisy.a(dma.o)
                0x000000000800fa20                dsy_dma_invalidate_cache_for_buffer
 .text.HAL_MDMA_Abort_IT
                0x000000000800fa4c       0x2c ./libDaisy//build/libdaisy.a(stm32h7xx_hal_mdma.o)
                0x000000000800fa4c                HAL_MDMA_Abort_IT
 .text.SPI_CloseTransfer
                0x000000000800fa78       0xb8 ./libDaisy//build/libdaisy.a(stm32h7xx_hal_spi.o)
 .text.HAL_SPI_Init
                0x000000000800fb30      0x15c ./libDaisy//build/libdaisy.a(stm32h7xx_hal_spi.o)
                0x000000000800fb30                HAL_SPI_Init
 .text.HAL_SPI_Transmit_DMA
                0x000000000800fc8c      0x170 ./libDaisy//build/libdaisy.a(stm32h7xx_hal_spi.o)
                0x000000000800fc8c                HAL_SPI_Transmit_DMA
 .text.HAL_SPI_TransmitReceive_DMA
                0x000000000800fdfc      0x218 ./libDaisy//build/libdaisy.a(stm32h7xx_hal_spi.o)
                0x000000000800fdfc                HAL_SPI_TransmitReceive_DMA
 .text.HAL_SPI_Receive_DMA
                0x0000000008010014      0x1b4 ./libDaisy//build/libdaisy.a(stm32h7xx_hal_spi.o)
                0x0000000008010014                HAL_SPI_Receive_DMA
 .text.SPI_DMATransmitCplt
                0x00000000080101c8       0x28 ./libDaisy//build/libdaisy.a(stm32h7xx_hal_spi.o)
 .text.SPI_DMAReceiveCplt
                0x00000000080101f0       0x28 ./libDaisy//build/libdaisy.a(stm32h7xx_hal_spi.o)
 .text.SPI_DMATransmitReceiveCplt
                0x0000000008010218       0x28 ./libDaisy//build/libdaisy.a(stm32h7xx_hal_spi.o)
 .text.HAL_SPI_TxHalfCpltCallback
                0x0000000008010240        0x4 ./libDaisy//build/libdaisy.a(stm32h7xx_hal_spi.o)
                0x0000000008010240                HAL_SPI_TxHalfCpltCallback
 .text.SPI_DMAHalfTransmitCplt
                0x0000000008010244        0xc ./libDaisy//build/libdaisy.a(stm32h7xx_hal_spi.o)
 .text.HAL_SPI_RxHalfCpltCallback
                0x0000000008010250        0x4 ./libDaisy//build/libdaisy.a(stm32h7xx_hal_spi.o)
                0x0000000008010250                HAL_SPI_RxHalfCpltCallback
 .text.SPI_DMAHalfReceiveCplt
                0x0000000008010254        0xc ./libDaisy//build/libdaisy.a(stm32h7xx_hal_spi.o)
 .text.HAL_SPI_TxRxHalfCpltCallback
                0x0000000008010260        0x4 ./libDaisy//build/libdaisy.a(stm32h7xx_hal_spi.o)
                0x0000000008010260                HAL_SPI_TxRxHalfCpltCallback
 .text.SPI_DMAHalfTransmitReceiveCplt
                0x0000000008010264        0xc ./libDaisy//build/libdaisy.a(stm32h7xx_hal_spi.o)
 .text.SPI_DMAError
                0x0000000008010270       0xd8 ./libDaisy//build/libdaisy.a(stm32h7xx_hal_spi.o)
 .text.HAL_SPI_IRQHandler
                0x0000000008010348      0x23c ./libDaisy//build/libdaisy.a(stm32h7xx_hal_spi.o)
                0x0000000008010348                HAL_SPI_IRQHandler
 .text.SPI_DMAAbortOnError
                0x0000000008010584       0x1c ./libDaisy//build/libdaisy.a(stm32h7xx_hal_spi.o)
 .text.HAL_SPI_GetState
                0x00000000080105a0        0x8 ./libDaisy//build/libdaisy.a(stm32h7xx_hal_spi.o)
                0x00000000080105a0                HAL_SPI_GetState
 .text.HAL_TIM_Base_Init
                0x00000000080105a8      0x140 ./libDaisy//build/libdaisy.a(stm32h7xx_hal_tim.o)
                0x00000000080105a8                HAL_TIM_Base_Init
 .text.HAL_TIM_Base_Start
                0x00000000080106e8       0x34 ./libDaisy//build/libdaisy.a(stm32h7xx_hal_tim.o)
                0x00000000080106e8                HAL_TIM_Base_Start
 .text.HAL_TIM_Base_Start_IT
                0x000000000801071c       0x2c ./libDaisy//build/libdaisy.a(stm32h7xx_hal_tim.o)
                0x000000000801071c                HAL_TIM_Base_Start_IT
 .text.HAL_TIM_ConfigClockSource
                0x0000000008010748      0x17c ./libDaisy//build/libdaisy.a(stm32h7xx_hal_tim.o)
                0x0000000008010748                HAL_TIM_ConfigClockSource
 .text.HAL_TIM_OC_DelayElapsedCallback
                0x00000000080108c4        0x4 ./libDaisy//build/libdaisy.a(stm32h7xx_hal_tim.o)
                0x00000000080108c4                HAL_TIM_OC_DelayElapsedCallback
 .text.HAL_TIM_IC_CaptureCallback
                0x00000000080108c8        0x4 ./libDaisy//build/libdaisy.a(stm32h7xx_hal_tim.o)
                0x00000000080108c8                HAL_TIM_IC_CaptureCallback
 .text.HAL_TIM_PWM_PulseFinishedCallback
                0x00000000080108cc        0x4 ./libDaisy//build/libdaisy.a(stm32h7xx_hal_tim.o)
                0x00000000080108cc                HAL_TIM_PWM_PulseFinishedCallback
 .text.HAL_TIM_TriggerCallback
                0x00000000080108d0        0x4 ./libDaisy//build/libdaisy.a(stm32h7xx_hal_tim.o)
                0x00000000080108d0                HAL_TIM_TriggerCallback
 .text.HAL_TIM_IRQHandler
                0x00000000080108d4      0x170 ./libDaisy//build/libdaisy.a(stm32h7xx_hal_tim.o)
                0x00000000080108d4                HAL_TIM_IRQHandler
 .text.HAL_TIMEx_MasterConfigSynchronization
                0x0000000008010a44       0x64 ./libDaisy//build/libdaisy.a(stm32h7xx_hal_tim_ex.o)
                0x0000000008010a44                HAL_TIMEx_MasterConfigSynchronization
 .text.HAL_TIMEx_CommutCallback
                0x0000000008010aa8        0x4 ./libDaisy//build/libdaisy.a(stm32h7xx_hal_tim_ex.o)
                0x0000000008010aa8                HAL_TIMEx_CommutCallback
 .text.HAL_TIMEx_BreakCallback
                0x0000000008010aac        0x4 ./libDaisy//build/libdaisy.a(stm32h7xx_hal_tim_ex.o)
                0x0000000008010aac                HAL_TIMEx_BreakCallback
 .text.HAL_TIMEx_Break2Callback
                0x0000000008010ab0        0x4 ./libDaisy//build/libdaisy.a(stm32h7xx_hal_tim_ex.o)
                0x0000000008010ab0                HAL_TIMEx_Break2Callback
 .text.HAL_UART_Transmit_DMA
                0x0000000008010ab4       0xa4 ./libDaisy//build/libdaisy.a(stm32h7xx_hal_uart.o)
                0x0000000008010ab4                HAL_UART_Transmit_DMA
 .text.HAL_UART_Receive_DMA
                0x0000000008010b58       0xac ./libDaisy//build/libdaisy.a(stm32h7xx_hal_uart.o)
                0x0000000008010b58                HAL_UART_Receive_DMA
 .text.UART_DMATransmitCplt
                0x0000000008010c04       0x2c ./libDaisy//build/libdaisy.a(stm32h7xx_hal_uart.o)
 .text.HAL_UART_TxHalfCpltCallback
                0x0000000008010c30        0x4 ./libDaisy//build/libdaisy.a(stm32h7xx_hal_uart.o)
                0x0000000008010c30                HAL_UART_TxHalfCpltCallback
 .text.UART_DMATxHalfCplt
                0x0000000008010c34        0xc ./libDaisy//build/libdaisy.a(stm32h7xx_hal_uart.o)
 .text.UART_DMAReceiveCplt
                0x0000000008010c40       0x38 ./libDaisy//build/libdaisy.a(stm32h7xx_hal_uart.o)
 .text.UART_DMARxHalfCplt
                0x0000000008010c78        0xc ./libDaisy//build/libdaisy.a(stm32h7xx_hal_uart.o)
 .text.UART_DMAError
                0x0000000008010c84       0x78 ./libDaisy//build/libdaisy.a(stm32h7xx_hal_uart.o)
 .text.HAL_UART_IRQHandler
                0x0000000008010cfc      0x1d0 ./libDaisy//build/libdaisy.a(stm32h7xx_hal_uart.o)
                0x0000000008010cfc                HAL_UART_IRQHandler
 .text.UART_DMAAbortOnError
                0x0000000008010ecc       0x14 ./libDaisy//build/libdaisy.a(stm32h7xx_hal_uart.o)
 .text.HAL_UART_GetState
                0x0000000008010ee0        0xc ./libDaisy//build/libdaisy.a(stm32h7xx_hal_uart.o)
                0x0000000008010ee0                HAL_UART_GetState
 .text.UART_SetConfig
                0x0000000008010eec     0x14b8 ./libDaisy//build/libdaisy.a(stm32h7xx_hal_uart.o)
                0x0000000008010eec                UART_SetConfig
 .text.UART_AdvFeatureConfig
                0x00000000080123a4       0xb0 ./libDaisy//build/libdaisy.a(stm32h7xx_hal_uart.o)
                0x00000000080123a4                UART_AdvFeatureConfig
 .text.UART_CheckIdleState
                0x0000000008012454       0x84 ./libDaisy//build/libdaisy.a(stm32h7xx_hal_uart.o)
                0x0000000008012454                UART_CheckIdleState
 .text.HAL_UART_Init
                0x00000000080124d8       0x68 ./libDaisy//build/libdaisy.a(stm32h7xx_hal_uart.o)
                0x00000000080124d8                HAL_UART_Init
 .text.HAL_UARTEx_WakeupCallback
                0x0000000008012540        0x4 ./libDaisy//build/libdaisy.a(stm32h7xx_hal_uart_ex.o)
                0x0000000008012540                HAL_UARTEx_WakeupCallback
 .text.HAL_UARTEx_RxFifoFullCallback
                0x0000000008012544        0x4 ./libDaisy//build/libdaisy.a(stm32h7xx_hal_uart_ex.o)
                0x0000000008012544                HAL_UARTEx_RxFifoFullCallback
 .text.HAL_UARTEx_TxFifoEmptyCallback
                0x0000000008012548        0x4 ./libDaisy//build/libdaisy.a(stm32h7xx_hal_uart_ex.o)
                0x0000000008012548                HAL_UARTEx_TxFifoEmptyCallback
 .text._ZN7daisysp10Oscillator7ProcessEv
                0x000000000801254c      0x374 ./DaisySP//build/libdaisysp.a(oscillator.o)