Archive member included to satisfy reference by file (symbol)

./libDaisy//build/libdaisy.a(daisy_seed.o)
                              build/MPR121.o (daisy::DaisySeed::StartAudio(void (*)(float const* const*, float**, unsigned int)))
./libDaisy//build/libdaisy.a(codec_ak4556.o)
                              ./libDaisy//build/libdaisy.a(daisy_seed.o) (daisy::Ak4556::Init(dsy_gpio_pin))
./libDaisy//build/libdaisy.a(codec_wm8731.o)
                              ./libDaisy//build/libdaisy.a(daisy_seed.o) (daisy::Wm8731::Init(daisy::Wm8731::Config const&, daisy::I2CHandle))
./libDaisy//build/libdaisy.a(sdram.o)
                              ./libDaisy//build/libdaisy.a(daisy_seed.o) (SdramHandle::Init())
./libDaisy//build/libdaisy.a(audio.o)
                              ./libDaisy//build/libdaisy.a(daisy_seed.o) (daisy::AudioHandle::Init(daisy::AudioHandle::Config const&, daisy::SaiHandle))
./libDaisy//build/libdaisy.a(gpio.o)
                              ./libDaisy//build/libdaisy.a(daisy_seed.o) (daisy::GPIO::Init(daisy::Pin, daisy::GPIO::Mode, daisy::GPIO::Pull, daisy::GPIO::Speed))
./libDaisy//build/libdaisy.a(i2c.o)
                              build/MPR121.o (daisy::I2CHandle::Init(daisy::I2CHandle::Config const&))
./libDaisy//build/libdaisy.a(qspi.o)
                              ./libDaisy//build/libdaisy.a(daisy_seed.o) (daisy::QSPIHandle::Init(daisy::QSPIHandle::Config const&))
./libDaisy//build/libdaisy.a(sai.o)
                              ./libDaisy//build/libdaisy.a(daisy_seed.o) (daisy::SaiHandle::Init(daisy::SaiHandle::Config const&))
./libDaisy//build/libdaisy.a(system.o)
                              ./libDaisy//build/libdaisy.a(daisy_seed.o) (daisy::System::DeInit())
./libDaisy//build/libdaisy.a(system_stm32h7xx.o)
                              build/startup_stm32h750xx.o (SystemInit)
./libDaisy//build/libdaisy.a(usbd_conf.o)
                              ./libDaisy//build/libdaisy.a(system.o) (hpcd_USB_OTG_HS)
./libDaisy//build/libdaisy.a(usbh_conf.o)
                              ./libDaisy//build/libdaisy.a(system.o) (hhcd_USB_OTG_HS)
./libDaisy//build/libdaisy.a(hal_map.o)
                              ./libDaisy//build/libdaisy.a(gpio.o) (dsy_hal_map_get_port)
./libDaisy//build/libdaisy.a(stm32h7xx_hal.o)
                              ./libDaisy//build/libdaisy.a(system.o) (HAL_Init)
./libDaisy//build/libdaisy.a(stm32h7xx_hal_cortex.o)
                              ./libDaisy//build/libdaisy.a(stm32h7xx_hal.o) (HAL_NVIC_SetPriorityGrouping)
./libDaisy//build/libdaisy.a(stm32h7xx_hal_dma.o)
                              ./libDaisy//build/libdaisy.a(i2c.o) (HAL_DMA_Init)
./libDaisy//build/libdaisy.a(stm32h7xx_hal_gpio.o)
                              ./libDaisy//build/libdaisy.a(sdram.o) (HAL_GPIO_Init)
./libDaisy//build/libdaisy.a(stm32h7xx_hal_hcd.o)
                              ./libDaisy//build/libdaisy.a(usbh_conf.o) (HAL_HCD_HC_Init)
./libDaisy//build/libdaisy.a(stm32h7xx_hal_i2c.o)
                              ./libDaisy//build/libdaisy.a(i2c.o) (HAL_I2C_Init)
./libDaisy//build/libdaisy.a(stm32h7xx_hal_i2c_ex.o)
                              ./libDaisy//build/libdaisy.a(i2c.o) (HAL_I2CEx_ConfigAnalogFilter)
./libDaisy//build/libdaisy.a(stm32h7xx_hal_pcd.o)
                              ./libDaisy//build/libdaisy.a(usbd_conf.o) (HAL_PCD_Init)
./libDaisy//build/libdaisy.a(stm32h7xx_hal_pcd_ex.o)
                              ./libDaisy//build/libdaisy.a(usbd_conf.o) (HAL_PCDEx_SetTxFiFo)
./libDaisy//build/libdaisy.a(stm32h7xx_hal_pwr_ex.o)
                              ./libDaisy//build/libdaisy.a(system.o) (HAL_PWREx_ConfigSupply)
./libDaisy//build/libdaisy.a(stm32h7xx_hal_qspi.o)
                              ./libDaisy//build/libdaisy.a(qspi.o) (HAL_QSPI_Init)
./libDaisy//build/libdaisy.a(stm32h7xx_hal_rcc.o)
                              ./libDaisy//build/libdaisy.a(system.o) (HAL_RCC_OscConfig)
./libDaisy//build/libdaisy.a(stm32h7xx_hal_rcc_ex.o)
                              ./libDaisy//build/libdaisy.a(system.o) (HAL_RCCEx_PeriphCLKConfig)
./libDaisy//build/libdaisy.a(stm32h7xx_hal_sai.o)
                              ./libDaisy//build/libdaisy.a(sai.o) (HAL_SAI_InitProtocol)
./libDaisy//build/libdaisy.a(stm32h7xx_hal_sdram.o)
                              ./libDaisy//build/libdaisy.a(sdram.o) (HAL_SDRAM_Init)
./libDaisy//build/libdaisy.a(stm32h7xx_ll_fmc.o)
                              ./libDaisy//build/libdaisy.a(stm32h7xx_hal_sdram.o) (FMC_SDRAM_Init)
./libDaisy//build/libdaisy.a(stm32h7xx_ll_usb.o)
                              ./libDaisy//build/libdaisy.a(stm32h7xx_hal_hcd.o) (USB_CoreInit)
./libDaisy//build/libdaisy.a(usbd_core.o)
                              ./libDaisy//build/libdaisy.a(usbd_conf.o) (USBD_LL_SetupStage)
./libDaisy//build/libdaisy.a(usbd_ctlreq.o)
                              ./libDaisy//build/libdaisy.a(usbd_core.o) (USBD_StdDevReq)
./libDaisy//build/libdaisy.a(usbd_ioreq.o)
[...]
Memory Configuration

Name             Origin             Length             Attributes
FLASH            0x0000000008000000 0x0000000000020000 xr
DTCMRAM          0x0000000020000000 0x0000000000020000 xrw
SRAM             0x0000000024000000 0x0000000000080000 xrw
RAM_D2           0x0000000030000000 0x0000000000048000 xrw
RAM_D3           0x0000000038000000 0x0000000000010000 xrw
BACKUP_SRAM      0x0000000038800000 0x0000000000001000 xrw
ITCMRAM          0x0000000000000000 0x0000000000010000 xrw
SDRAM            0x00000000c0000000 0x0000000004000000 xrw
QSPIFLASH        0x0000000090000000 0x0000000000800000 xr
*default*        0x0000000000000000 0xffffffffffffffff

Linker script and memory map

LOAD /Applications/ARM/bin/../lib/gcc/arm-none-eabi/10.3.1/thumb/v7e-m+dp/hard/crti.o
LOAD /Applications/ARM/bin/../lib/gcc/arm-none-eabi/10.3.1/thumb/v7e-m+dp/hard/crtbegin.o
LOAD /Applications/ARM/bin/../lib/gcc/arm-none-eabi/10.3.1/../../../../arm-none-eabi/lib/thumb/v7e-m+dp/hard/crt0.o
LOAD build/startup_stm32h750xx.o
LOAD build/MPR121.o
LOAD ./libDaisy//build/libdaisy.a
LOAD /Applications/ARM/bin/../lib/gcc/arm-none-eabi/10.3.1/../../../../arm-none-eabi/lib/thumb/v7e-m+dp/hard/libnosys.a
LOAD ./DaisySP//build/libdaisysp.a
LOAD /Applications/ARM/bin/../lib/gcc/arm-none-eabi/10.3.1/../../../../arm-none-eabi/lib/thumb/v7e-m+dp/hard/libstdc++_nano.a
LOAD /Applications/ARM/bin/../lib/gcc/arm-none-eabi/10.3.1/../../../../arm-none-eabi/lib/thumb/v7e-m+dp/hard/libm.a
LOAD /Applications/ARM/bin/../lib/gcc/arm-none-eabi/10.3.1/../../../../arm-none-eabi/lib/thumb/v7e-m+dp/hard/libc_nano.a
START GROUP
LOAD /Applications/ARM/bin/../lib/gcc/arm-none-eabi/10.3.1/thumb/v7e-m+dp/hard/libgcc.a
LOAD /Applications/ARM/bin/../lib/gcc/arm-none-eabi/10.3.1/../../../../arm-none-eabi/lib/thumb/v7e-m+dp/hard/libc_nano.a
END GROUP
START GROUP
LOAD /Applications/ARM/bin/../lib/gcc/arm-none-eabi/10.3.1/thumb/v7e-m+dp/hard/libgcc.a
LOAD /Applications/ARM/bin/../lib/gcc/arm-none-eabi/10.3.1/../../../../arm-none-eabi/lib/thumb/v7e-m+dp/hard/libc_nano.a
LOAD /Applications/ARM/bin/../lib/gcc/arm-none-eabi/10.3.1/../../../../arm-none-eabi/lib/thumb/v7e-m+dp/hard/libnosys.a
END GROUP
START GROUP
LOAD /Applications/ARM/bin/../lib/gcc/arm-none-eabi/10.3.1/thumb/v7e-m+dp/hard/libgcc.a
LOAD /Applications/ARM/bin/../lib/gcc/arm-none-eabi/10.3.1/../../../../arm-none-eabi/lib/thumb/v7e-m+dp/hard/libc_nano.a
LOAD /Applications/ARM/bin/../lib/gcc/arm-none-eabi/10.3.1/../../../../arm-none-eabi/lib/thumb/v7e-m+dp/hard/libnosys.a
END GROUP
LOAD /Applications/ARM/bin/../lib/gcc/arm-none-eabi/10.3.1/thumb/v7e-m+dp/hard/crtend.o
LOAD /Applications/ARM/bin/../lib/gcc/arm-none-eabi/10.3.1/thumb/v7e-m+dp/hard/crtn.o
                0x0000000020020000                _estack = 0x20020000

.isr_vector     0x0000000008000000      0x298
                0x0000000008000000                . = ALIGN (0x4)
 *(.isr_vector)
 .isr_vector    0x0000000008000000      0x298 build/startup_stm32h750xx.o
                0x0000000008000000                g_pfnVectors
                0x0000000008000298                . = ALIGN (0x4)

.text           0x0000000008000298    0x108ec
                0x0000000008000298                . = ALIGN (0x4)
                0x0000000008000298                _stext = .
 *(.text)
 .text          0x0000000008000298       0x40 /Applications/ARM/bin/../lib/gcc/arm-none-eabi/10.3.1/thumb/v7e-m+dp/hard/crtbegin.o
 .text          0x00000000080002d8       0x30 /Applications/ARM/bin/../lib/gcc/arm-none-eabi/10.3.1/thumb/v7e-m+dp/hard/libgcc.a(_aeabi_uldivmod.o)
                0x00000000080002d8                __aeabi_uldivmod
 .text          0x0000000008000308      0x2d0 /Applications/ARM/bin/../lib/gcc/arm-none-eabi/10.3.1/thumb/v7e-m+dp/hard/libgcc.a(_udivmoddi4.o)
                0x0000000008000308                __udivmoddi4
 .text          0x00000000080005d8        0x4 /Applications/ARM/bin/../lib/gcc/arm-none-eabi/10.3.1/thumb/v7e-m+dp/hard/libgcc.a(_dvmd_tls.o)
                0x00000000080005d8                __aeabi_ldiv0
                0x00000000080005d8                __aeabi_idiv0
 *(.text*)
 .text.Default_Handler
                0x00000000080005dc        0x4 build/startup_stm32h750xx.o
                0x00000000080005dc                SAI1_IRQHandler
                0x00000000080005dc                HASH_RNG_IRQHandler
                0x00000000080005dc                EXTI2_IRQHandler
                0x00000000080005dc                TIM8_CC_IRQHandler
                0x00000000080005dc                HRTIM1_Master_IRQHandler
                0x00000000080005dc                DebugMon_Handler
                0x00000000080005dc                TIM1_CC_IRQHandler
                0x00000000080005dc                BDMA_Channel6_IRQHandler
                0x00000000080005dc                DMA2_Stream5_IRQHandler
                0x00000000080005dc                HRTIM1_FLT_IRQHandler
                0x00000000080005dc                JPEG_IRQHandler
                0x00000000080005dc                BDMA_Channel1_IRQHandler
                0x00000000080005dc                HRTIM1_TIMD_IRQHandler
                0x00000000080005dc                TAMP_STAMP_IRQHandler
                0x00000000080005dc                PendSV_Handler
                0x00000000080005dc                NMI_Handler
                0x00000000080005dc                EXTI3_IRQHandler
                0x00000000080005dc                LPTIM4_IRQHandler
                0x00000000080005dc                TIM8_TRG_COM_TIM14_IRQHandler
                0x00000000080005dc                LPTIM2_IRQHandler
                0x00000000080005dc                DFSDM1_FLT1_IRQHandler
                0x00000000080005dc                DMAMUX2_OVR_IRQHandler
                0x00000000080005dc                TIM8_UP_TIM13_IRQHandler
                0x00000000080005dc                I2C3_ER_IRQHandler
                0x00000000080005dc                DFSDM1_FLT2_IRQHandler
                0x00000000080005dc                MDMA_IRQHandler
                0x00000000080005dc                LPTIM3_IRQHandler
                0x00000000080005dc                HSEM1_IRQHandler
                0x00000000080005dc                EXTI0_IRQHandler
                0x00000000080005dc                DMA1_Stream2_IRQHandler
                0x00000000080005dc                FPU_IRQHandler
                0x00000000080005dc                OTG_HS_WKUP_IRQHandler
                0x00000000080005dc                FDCAN1_IT1_IRQHandler
                0x00000000080005dc                UsageFault_Handler
                0x00000000080005dc                LTDC_ER_IRQHandler
                0x00000000080005dc                HRTIM1_TIME_IRQHandler
                0x00000000080005dc                TIM6_DAC_IRQHandler
                0x00000000080005dc                DCMI_IRQHandler
                0x00000000080005dc                HRTIM1_TIMC_IRQHandler
                0x00000000080005dc                SAI2_IRQHandler
                0x00000000080005dc                DFSDM1_FLT3_IRQHandler
                0x00000000080005dc                TIM17_IRQHandler
                0x00000000080005dc                CRYP_IRQHandler
                0x00000000080005dc                BDMA_Channel7_IRQHandler
                0x00000000080005dc                LPTIM5_IRQHandler
                0x00000000080005dc                ADC3_IRQHandler
                0x00000000080005dc                DMA2_Stream0_IRQHandler
                0x00000000080005dc                BDMA_Channel2_IRQHandler
                0x00000000080005dc                DMAMUX1_OVR_IRQHandler
                0x00000000080005dc                TIM16_IRQHandler
                0x00000000080005dc                BDMA_Channel5_IRQHandler
                0x00000000080005dc                RCC_IRQHandler
                0x00000000080005dc                TIM8_BRK_TIM12_IRQHandler
                0x00000000080005dc                TIM1_TRG_COM_IRQHandler
                0x00000000080005dc                Default_Handler
                0x00000000080005dc                ECC_IRQHandler
                0x00000000080005dc                CEC_IRQHandler
                0x00000000080005dc                EXTI15_10_IRQHandler
                0x00000000080005dc                BDMA_Channel0_IRQHandler
                0x00000000080005dc                ADC_IRQHandler
                0x00000000080005dc                DMA1_Stream7_IRQHandler
                0x00000000080005dc                HRTIM1_TIMA_IRQHandler
                0x00000000080005dc                TIM7_IRQHandler
                0x00000000080005dc                SDMMC1_IRQHandler
                0x00000000080005dc                DMA2_Stream7_IRQHandler
                0x00000000080005dc                TIM15_IRQHandler
                0x00000000080005dc                PVD_AVD_IRQHandler
                0x00000000080005dc                EXTI9_5_IRQHandler
                0x00000000080005dc                RTC_WKUP_IRQHandler
                0x00000000080005dc                LTDC_IRQHandler
                0x00000000080005dc                SAI3_IRQHandler
                0x00000000080005dc                ETH_WKUP_IRQHandler
                0x00000000080005dc                SPDIF_RX_IRQHandler
                0x00000000080005dc                MemManage_Handler
                0x00000000080005dc                SVC_Handler
                0x00000000080005dc                CRS_IRQHandler
                0x00000000080005dc                EXTI4_IRQHandler
                0x00000000080005dc                HRTIM1_TIMB_IRQHandler
                0x00000000080005dc                FDCAN2_IT1_IRQHandler
                0x00000000080005dc                ETH_IRQHandler
                0x00000000080005dc                TIM1_UP_IRQHandler
                0x00000000080005dc                BDMA_Channel4_IRQHandler
                0x00000000080005dc                WWDG_IRQHandler
                0x00000000080005dc                SPI6_IRQHandler
                0x00000000080005dc                I2C4_EV_IRQHandler
                0x00000000080005dc                MDIOS_IRQHandler
                0x00000000080005dc                FDCAN2_IT0_IRQHandler
                0x00000000080005dc                FDCAN1_IT0_IRQHandler
                0x00000000080005dc                OTG_FS_WKUP_IRQHandler
                0x00000000080005dc                DMA2D_IRQHandler
                0x00000000080005dc                TIM1_BRK_IRQHandler
                0x00000000080005dc                EXTI1_IRQHandler
                0x00000000080005dc                SDMMC2_IRQHandler
                0x00000000080005dc                OTG_FS_EP1_OUT_IRQHandler
                0x00000000080005dc                BDMA_Channel3_IRQHandler
                0x00000000080005dc                MDIOS_WKUP_IRQHandler
                0x00000000080005dc                DFSDM1_FLT0_IRQHandler
                0x00000000080005dc                SAI4_IRQHandler
                0x00000000080005dc                I2C2_ER_IRQHandler
                0x00000000080005dc                DMA2_Stream1_IRQHandler
                0x00000000080005dc                FLASH_IRQHandler
                0x00000000080005dc                BusFault_Handler
                0x00000000080005dc                OTG_FS_IRQHandler
                0x00000000080005dc                WAKEUP_PIN_IRQHandler
                0x00000000080005dc                OTG_FS_EP1_IN_IRQHandler
                0x00000000080005dc                I2C1_ER_IRQHandler
                0x00000000080005dc                FMC_IRQHandler
                0x00000000080005dc                FDCAN_CAL_IRQHandler
                0x00000000080005dc                SWPMI1_IRQHandler
                0x00000000080005dc                COMP1_IRQHandler
                0x00000000080005dc                LPTIM1_IRQHandler
                0x00000000080005dc                I2C4_ER_IRQHandler
                0x00000000080005dc                DMA2_Stream6_IRQHandler
                0x00000000080005dc                RTC_Alarm_IRQHandler
 .text.Reset_Handler
                0x00000000080005e0       0x44 build/startup_stm32h750xx.o
                0x00000000080005e0                Reset_Handler
 .text._ZN5daisy18Mpr121I2CTransportD2Ev
                0x0000000008000624        0x4 build/MPR121.o
                0x0000000008000624                daisy::Mpr121I2CTransport::~Mpr121I2CTransport()
                0x0000000008000624                daisy::Mpr121I2CTransport::~Mpr121I2CTransport()
 .text._ZN5daisy9DaisySeedD2Ev
                0x0000000008000628        0x4 build/MPR121.o
                0x0000000008000628                daisy::DaisySeed::~DaisySeed()
                0x0000000008000628                daisy::DaisySeed::~DaisySeed()
 .text._ZN5daisy6Mpr121INS_18Mpr121I2CTransportEED2Ev
                0x000000000800062c        0x4 build/MPR121.o
                0x000000000800062c                daisy::Mpr121<daisy::Mpr121I2CTransport>::~Mpr121()
                0x000000000800062c                daisy::Mpr121<daisy::Mpr121I2CTransport>::~Mpr121()
 .text._Z13AudioCallbackPKPKfPPfj
                0x0000000008000630      0x570 build/MPR121.o
                0x0000000008000630                AudioCallback(float const* const*, float**, unsigned int)
 .text._ZN5daisy6Mpr121INS_18Mpr121I2CTransportEE13WriteRegisterEhh
                0x0000000008000ba0      0x10c build/MPR121.o
                0x0000000008000ba0                daisy::Mpr121<daisy::Mpr121I2CTransport>::WriteRegister(unsigned char, unsigned char)
 .text.startup.main
                0x0000000008000cac      0x3f4 build/MPR121.o
                0x0000000008000cac                main
 .text.startup._GLOBAL__sub_I_i2c
                0x00000000080010a0       0xb8 build/MPR121.o
 .text._ZN5daisy9DaisySeed10StartAudioEPFvPKPKfPPfjE
                0x0000000008001158        0x8 ./libDaisy//build/libdaisy.a(daisy_seed.o)
                0x0000000008001158                daisy::DaisySeed::StartAudio(void (*)(float const* const*, float**, unsigned int))
 .text._ZN5daisy9DaisySeed18SetAudioSampleRateENS_9SaiHandle6Config10SampleRateE
                0x0000000008001160       0x38 ./libDaisy//build/libdaisy.a(daisy_seed.o)
                0x0000000008001160                daisy::DaisySeed::SetAudioSampleRate(daisy::SaiHandle::Config::SampleRate)
 .text._ZN5daisy9DaisySeed17SetAudioBlockSizeEj
                0x0000000008001198       0x38 ./libDaisy//build/libdaisy.a(daisy_seed.o)
                0x0000000008001198                daisy::DaisySeed::SetAudioBlockSize(unsigned int)
 .text._ZN5daisy9DaisySeed17CheckBoardVersionEv
                0x00000000080011d0       0x6c ./libDaisy//build/libdaisy.a(daisy_seed.o)
                0x00000000080011d0                daisy::DaisySeed::CheckBoardVersion()
 .text._ZN5daisy9DaisySeed14ConfigureAudioEv
                0x000000000800123c      0x10c ./libDaisy//build/libdaisy.a(daisy_seed.o)
                0x000000000800123c                daisy::DaisySeed::ConfigureAudio()
 .text._ZN5daisy9DaisySeed4InitEb
                0x0000000008001348      0x108 ./libDaisy//build/libdaisy.a(daisy_seed.o)
                0x0000000008001348                daisy::DaisySeed::Init(bool)
 .text._ZN5daisy6Ak45564InitE12dsy_gpio_pin
                0x0000000008001450       0x44 ./libDaisy//build/libdaisy.a(codec_ak4556.o)
                0x0000000008001450                daisy::Ak4556::Init(dsy_gpio_pin)
 .text._ZN5daisy6Wm873120WriteControlRegisterEht
                0x0000000008001494       0x3c ./libDaisy//build/libdaisy.a(codec_wm8731.o)
                0x0000000008001494                daisy::Wm8731::WriteControlRegister(unsigned char, unsigned short)
 .text._ZN5daisy6Wm87314InitERKNS0_6ConfigENS_9I2CHandleE
                0x00000000080014d0      0x1bc ./libDaisy//build/libdaisy.a(codec_wm8731.o)
                0x00000000080014d0                daisy::Wm8731::Init(daisy::Wm8731::Config const&, daisy::I2CHandle)
 .text._ZN11SdramHandle10DeviceInitEv
                0x000000000800168c       0x98 ./libDaisy//build/libdaisy.a(sdram.o)
                0x000000000800168c                SdramHandle::DeviceInit()
 .text._ZN11SdramHandle4InitEv
                0x0000000008001724       0x7c ./libDaisy//build/libdaisy.a(sdram.o)
                0x0000000008001724                SdramHandle::Init()
 .text.HAL_SDRAM_MspInit
                0x00000000080017a0      0x1a8 ./libDaisy//build/libdaisy.a(sdram.o)
                0x00000000080017a0                HAL_SDRAM_MspInit
 .text._ZN5daisy11AudioHandle4Impl16InternalCallbackEPlS2_j
                0x0000000008001948      0xbbc ./libDaisy//build/libdaisy.a(audio.o)
                0x0000000008001948                daisy::AudioHandle::Impl::InternalCallback(long*, long*, unsigned int)
 .text._ZN5daisy11AudioHandle4InitERKNS0_6ConfigENS_9SaiHandleE
                0x0000000008002504       0x70 ./libDaisy//build/libdaisy.a(audio.o)
                0x0000000008002504                daisy::AudioHandle::Init(daisy::AudioHandle::Config const&, daisy::SaiHandle)
 .text._ZNK5daisy11AudioHandle9GetConfigEv
                0x0000000008002574        0x8 ./libDaisy//build/libdaisy.a(audio.o)
                0x0000000008002574                daisy::AudioHandle::GetConfig() const
 .text._ZN5daisy11AudioHandle12SetBlockSizeEj
                0x000000000800257c       0x1c ./libDaisy//build/libdaisy.a(audio.o)
                0x000000000800257c                daisy::AudioHandle::SetBlockSize(unsigned int)
 .text._ZN5daisy11AudioHandle13GetSampleRateEv
                0x0000000008002598        0x8 ./libDaisy//build/libdaisy.a(audio.o)
                0x0000000008002598                daisy::AudioHandle::GetSampleRate()
 .text._ZN5daisy11AudioHandle13SetSampleRateENS_9SaiHandle6Config10SampleRateE
                0x00000000080025a0       0x88 ./libDaisy//build/libdaisy.a(audio.o)
                0x00000000080025a0                daisy::AudioHandle::SetSampleRate(daisy::SaiHandle::Config::SampleRate)
 .text._ZN5daisy11AudioHandle5StartEPFvPKPKfPPfjE
                0x0000000008002628       0x44 ./libDaisy//build/libdaisy.a(audio.o)
                0x0000000008002628                daisy::AudioHandle::Start(void (*)(float const* const*, float**, unsigned int))
 .text.startup._GLOBAL__sub_I__ZN5daisy11AudioHandle4Impl4InitENS0_6ConfigENS_9SaiHandleE
                0x000000000800266c       0x24 ./libDaisy//build/libdaisy.a(audio.o)
 .text._ZN5daisy4GPIO4InitENS_3PinENS0_4ModeENS0_4PullENS0_5SpeedE
                0x0000000008002690      0x1cc ./libDaisy//build/libdaisy.a(gpio.o)
                0x0000000008002690                daisy::GPIO::Init(daisy::Pin, daisy::GPIO::Mode, daisy::GPIO::Pull, daisy::GPIO::Speed)
 .text._ZN5daisy4GPIO4ReadEv
                0x000000000800285c       0x18 ./libDaisy//build/libdaisy.a(gpio.o)
                0x000000000800285c                daisy::GPIO::Read()
 .text._ZN5daisy4GPIO5WriteEb
                0x0000000008002874       0x14 ./libDaisy//build/libdaisy.a(gpio.o)
                0x0000000008002874                daisy::GPIO::Write(bool)
 .text.dsy_gpio_init
                0x0000000008002888      0x1b8 ./libDaisy//build/libdaisy.a(gpio.o)
                0x0000000008002888                dsy_gpio_init
 .text.dsy_gpio_write
                0x0000000008002a40       0x24 ./libDaisy//build/libdaisy.a(gpio.o)
                0x0000000008002a40                dsy_gpio_write
 .text._ZN5daisy9I2CHandle4Impl8InitPinsEv
                0x0000000008002a64       0x58 ./libDaisy//build/libdaisy.a(i2c.o)
                0x0000000008002a64                daisy::I2CHandle::Impl::InitPins()
 .text.HAL_I2C_MspInit
                0x0000000008002abc      0x1b4 ./libDaisy//build/libdaisy.a(i2c.o)
                0x0000000008002abc                HAL_I2C_MspInit
 .text.dsy_i2c_global_init
                0x0000000008002c70       0x78 ./libDaisy//build/libdaisy.a(i2c.o)
                0x0000000008002c70                dsy_i2c_global_init
 .text.DMA1_Stream6_IRQHandler
                0x0000000008002ce8       0x34 ./libDaisy//build/libdaisy.a(i2c.o)
                0x0000000008002ce8                DMA1_Stream6_IRQHandler
 .text.I2C1_EV_IRQHandler
                0x0000000008002d1c        0xc ./libDaisy//build/libdaisy.a(i2c.o)
                0x0000000008002d1c                I2C1_EV_IRQHandler
 .text.I2C2_EV_IRQHandler
                0x0000000008002d28        0xc ./libDaisy//build/libdaisy.a(i2c.o)
                0x0000000008002d28                I2C2_EV_IRQHandler
 .text.I2C3_EV_IRQHandler
                0x0000000008002d34        0xc ./libDaisy//build/libdaisy.a(i2c.o)
                0x0000000008002d34                I2C3_EV_IRQHandler
 .text._ZN5daisy9I2CHandle4InitERKNS0_6ConfigE
                0x0000000008002d40      0x12c ./libDaisy//build/libdaisy.a(i2c.o)
                0x0000000008002d40                daisy::I2CHandle::Init(daisy::I2CHandle::Config const&)
 .text._ZN5daisy9I2CHandle16TransmitBlockingEtPhtm
                0x0000000008002e6c       0x50 ./libDaisy//build/libdaisy.a(i2c.o)
                0x0000000008002e6c                daisy::I2CHandle::TransmitBlocking(unsigned short, unsigned char*, unsigned short, unsigned long)
 .text._ZN5daisy9I2CHandle15ReceiveBlockingEtPhtm
                0x0000000008002ebc       0x50 ./libDaisy//build/libdaisy.a(i2c.o)
                0x0000000008002ebc                daisy::I2CHandle::ReceiveBlocking(unsigned short, unsigned char*, unsigned short, unsigned long)
 .text.startup._GLOBAL__sub_I__ZN5daisy9I2CHandle4Impl10GlobalInitEv
                0x0000000008002f0c       0x18 ./libDaisy//build/libdaisy.a(i2c.o)
 .text._ZN5daisy10QSPIHandle4Impl11WriteEnableEv
                0x0000000008002f24       0x8c ./libDaisy//build/libdaisy.a(qspi.o)
                0x0000000008002f24                daisy::QSPIHandle::Impl::WriteEnable()
 .text._ZN5daisy10QSPIHandle4Impl17DummyCyclesConfigENS0_6Config6DeviceE
                0x0000000008002fb0      0x118 ./libDaisy//build/libdaisy.a(qspi.o)
                0x0000000008002fb0                daisy::QSPIHandle::Impl::DummyCyclesConfig(daisy::QSPIHandle::Config::Device)
 .text._ZN5daisy10QSPIHandle4Impl10QuadEnableEv
                0x00000000080030c8      0x158 ./libDaisy//build/libdaisy.a(qspi.o)
                0x00000000080030c8                daisy::QSPIHandle::Impl::QuadEnable()
 .text._ZN5daisy10QSPIHandle4InitERKNS0_6ConfigE
                0x0000000008003220      0x198 ./libDaisy//build/libdaisy.a(qspi.o)
                0x0000000008003220                daisy::QSPIHandle::Init(daisy::QSPIHandle::Config const&)
 .text.HAL_QSPI_MspInit
                0x00000000080033b8      0x11c ./libDaisy//build/libdaisy.a(qspi.o)
                0x00000000080033b8                HAL_QSPI_MspInit
 .text.HAL_QSPI_MspDeInit
                0x00000000080034d4       0x54 ./libDaisy//build/libdaisy.a(qspi.o)
                0x00000000080034d4                HAL_QSPI_MspDeInit
 .text.QUADSPI_IRQHandler
                0x0000000008003528        0xc ./libDaisy//build/libdaisy.a(qspi.o)
                0x0000000008003528                QUADSPI_IRQHandler
 .text.startup._GLOBAL__sub_I__ZN5daisy10QSPIHandle4Impl4InitERKNS0_6ConfigE
                0x0000000008003534       0x28 ./libDaisy//build/libdaisy.a(qspi.o)
 .text._ZN5daisy9SaiHandle4Impl7InitDmaENS1_15PeripheralBlockE
                0x000000000800355c       0xa0 ./libDaisy//build/libdaisy.a(sai.o)
                0x000000000800355c                daisy::SaiHandle::Impl::InitDma(daisy::SaiHandle::Impl::PeripheralBlock)
 .text._ZN5daisy9SaiHandle4Impl8InitPinsEv
                0x00000000080035fc       0xa8 ./libDaisy//build/libdaisy.a(sai.o)
                0x00000000080035fc                daisy::SaiHandle::Impl::InitPins()
 .text.HAL_SAI_MspInit
                0x00000000080036a4      0x164 ./libDaisy//build/libdaisy.a(sai.o)
                0x00000000080036a4                HAL_SAI_MspInit
 .text.DMA1_Stream0_IRQHandler
                0x0000000008003808        0xc ./libDaisy//build/libdaisy.a(sai.o)
                0x0000000008003808                DMA1_Stream0_IRQHandler
 .text.DMA1_Stream1_IRQHandler
                0x0000000008003814        0xc ./libDaisy//build/libdaisy.a(sai.o)
                0x0000000008003814                DMA1_Stream1_IRQHandler
 .text.DMA1_Stream3_IRQHandler
                0x0000000008003820        0xc ./libDaisy//build/libdaisy.a(sai.o)
                0x0000000008003820                DMA1_Stream3_IRQHandler
 .text.DMA1_Stream4_IRQHandler
                0x000000000800382c        0xc ./libDaisy//build/libdaisy.a(sai.o)
                0x000000000800382c                DMA1_Stream4_IRQHandler
 .text.HAL_SAI_RxHalfCpltCallback
                0x0000000008003838       0x78 ./libDaisy//build/libdaisy.a(sai.o)
                0x0000000008003838                HAL_SAI_RxHalfCpltCallback
 .text.HAL_SAI_RxCpltCallback
                0x00000000080038b0       0x70 ./libDaisy//build/libdaisy.a(sai.o)
                0x00000000080038b0                HAL_SAI_RxCpltCallback
 .text._ZN5daisy9SaiHandle4InitERKNS0_6ConfigE
                0x0000000008003920      0x1f0 ./libDaisy//build/libdaisy.a(sai.o)
                0x0000000008003920                daisy::SaiHandle::Init(daisy::SaiHandle::Config const&)
 .text._ZNK5daisy9SaiHandle9GetConfigEv
                0x0000000008003b10        0x4 ./libDaisy//build/libdaisy.a(sai.o)
                0x0000000008003b10                daisy::SaiHandle::GetConfig() const
 .text._ZN5daisy9SaiHandle8StartDmaEPlS1_jPFvS1_S1_jE
                0x0000000008003b14       0xbc ./libDaisy//build/libdaisy.a(sai.o)
                0x0000000008003b14                daisy::SaiHandle::StartDma(long*, long*, unsigned int, void (*)(long*, long*, unsigned int))
 .text._ZN5daisy9SaiHandle13GetSampleRateEv
                0x0000000008003bd0       0x24 ./libDaisy//build/libdaisy.a(sai.o)
                0x0000000008003bd0                daisy::SaiHandle::GetSampleRate()
 .text._ZNK5daisy9SaiHandle9GetOffsetEv
                0x0000000008003bf4        0x8 ./libDaisy//build/libdaisy.a(sai.o)
                0x0000000008003bf4                daisy::SaiHandle::GetOffset() const
 .text._ZN5daisy11TimerHandleD2Ev
                0x0000000008003bfc        0x4 ./libDaisy//build/libdaisy.a(system.o)
                0x0000000008003bfc                daisy::TimerHandle::~TimerHandle()
                0x0000000008003bfc                daisy::TimerHandle::~TimerHandle()
 .text.SysTick_Handler
                0x0000000008003c00       0x10 ./libDaisy//build/libdaisy.a(system.o)
                0x0000000008003c00                SysTick_Handler
 .text.OTG_HS_EP1_OUT_IRQHandler
                0x0000000008003c10       0x24 ./libDaisy//build/libdaisy.a(system.o)
                0x0000000008003c10                OTG_HS_EP1_OUT_IRQHandler
 .text.OTG_HS_EP1_IN_IRQHandler
                0x0000000008003c34       0x24 ./libDaisy//build/libdaisy.a(system.o)
                0x0000000008003c34                OTG_HS_EP1_IN_IRQHandler
 .text.OTG_HS_IRQHandler
                0x0000000008003c58       0x24 ./libDaisy//build/libdaisy.a(system.o)
                0x0000000008003c58                OTG_HS_IRQHandler
 .text.HardFault_Handler
                0x0000000008003c7c       0xe0 ./libDaisy//build/libdaisy.a(system.o)
                0x0000000008003c7c                HardFault_Handler
 .text._ZN5daisy6System5DelayEm
                0x0000000008003d5c        0x4 ./libDaisy//build/libdaisy.a(system.o)
                0x0000000008003d5c                daisy::System::Delay(unsigned long)
 .text._ZN5daisy6System20GetBootloaderVersionEv
                0x0000000008003d60       0x34 ./libDaisy//build/libdaisy.a(system.o)
                0x0000000008003d60                daisy::System::GetBootloaderVersion()
 .text._ZN5daisy6System15ConfigureClocksEv
                0x0000000008003d94      0x194 ./libDaisy//build/libdaisy.a(system.o)
                0x0000000008003d94                daisy::System::ConfigureClocks()
 .text._ZN5daisy6System12ConfigureMpuEv
                0x0000000008003f28       0x7c ./libDaisy//build/libdaisy.a(system.o)
                0x0000000008003f28                daisy::System::ConfigureMpu()
 .text._ZN5daisy6System4InitERKNS0_6ConfigE
                0x0000000008003fa4       0xec ./libDaisy//build/libdaisy.a(system.o)
                0x0000000008003fa4                daisy::System::Init(daisy::System::Config const&)
 .text._ZN5daisy6System12GetPClk1FreqEv
                0x0000000008004090        0x4 ./libDaisy//build/libdaisy.a(system.o)
                0x0000000008004090                daisy::System::GetPClk1Freq()
 .text._ZN5daisy6System22GetProgramMemoryRegionEv
                0x0000000008004094       0x78 ./libDaisy//build/libdaisy.a(system.o)
                0x0000000008004094                daisy::System::GetProgramMemoryRegion()
 .text.startup._GLOBAL__sub_I__ZN5daisy9boot_infoE
                0x000000000800410c       0x1c ./libDaisy//build/libdaisy.a(system.o)
 .text.SystemInit
                0x0000000008004128       0x9c ./libDaisy//build/libdaisy.a(system_stm32h7xx.o)
                0x0000000008004128                SystemInit
 .text.HAL_PCD_SetupStageCallback
                0x00000000080041c4        0xc ./libDaisy//build/libdaisy.a(usbd_conf.o)
                0x00000000080041c4                HAL_PCD_SetupStageCallback
 .text.HAL_PCD_DataOutStageCallback
                0x00000000080041d0       0x14 ./libDaisy//build/libdaisy.a(usbd_conf.o)
                0x00000000080041d0                HAL_PCD_DataOutStageCallback
 .text.HAL_PCD_DataInStageCallback
                0x00000000080041e4       0x14 ./libDaisy//build/libdaisy.a(usbd_conf.o)
                0x00000000080041e4                HAL_PCD_DataInStageCallback
 .text.HAL_PCD_SOFCallback
                0x00000000080041f8        0x8 ./libDaisy//build/libdaisy.a(usbd_conf.o)
                0x00000000080041f8                HAL_PCD_SOFCallback
 .text.HAL_PCD_ResetCallback
                0x0000000008004200       0x24 ./libDaisy//build/libdaisy.a(usbd_conf.o)
                0x0000000008004200                HAL_PCD_ResetCallback
 .text.HAL_PCD_SuspendCallback
                0x0000000008004224       0x30 ./libDaisy//build/libdaisy.a(usbd_conf.o)
                0x0000000008004224                HAL_PCD_SuspendCallback
 .text.HAL_PCD_ResumeCallback
                0x0000000008004254        0x8 ./libDaisy//build/libdaisy.a(usbd_conf.o)
                0x0000000008004254                HAL_PCD_ResumeCallback
 .text.HAL_PCD_ISOOUTIncompleteCallback
                0x000000000800425c        0x8 ./libDaisy//build/libdaisy.a(usbd_conf.o)
                0x000000000800425c                HAL_PCD_ISOOUTIncompleteCallback
 .text.HAL_PCD_ISOINIncompleteCallback
                0x0000000008004264        0x8 ./libDaisy//build/libdaisy.a(usbd_conf.o)
                0x0000000008004264                HAL_PCD_ISOINIncompleteCallback
 .text.HAL_PCD_ConnectCallback
                0x000000000800426c        0x8 ./libDaisy//build/libdaisy.a(usbd_conf.o)
                0x000000000800426c                HAL_PCD_ConnectCallback
 .text.HAL_PCD_DisconnectCallback
                0x0000000008004274        0x8 ./libDaisy//build/libdaisy.a(usbd_conf.o)
                0x0000000008004274                HAL_PCD_DisconnectCallback
 .text.USBD_LL_OpenEP
                0x000000000800427c       0x24 ./libDaisy//build/libdaisy.a(usbd_conf.o)
                0x000000000800427c                USBD_LL_OpenEP
 .text.USBD_LL_StallEP
                0x00000000080042a0       0x1c ./libDaisy//build/libdaisy.a(usbd_conf.o)
                0x00000000080042a0                USBD_LL_StallEP
 .text.USBD_LL_ClearStallEP
                0x00000000080042bc       0x1c ./libDaisy//build/libdaisy.a(usbd_conf.o)
                0x00000000080042bc                USBD_LL_ClearStallEP
 .text.USBD_LL_IsStallEP
                0x00000000080042d8       0x28 ./libDaisy//build/libdaisy.a(usbd_conf.o)
                0x00000000080042d8                USBD_LL_IsStallEP
 .text.USBD_LL_SetUSBAddress
                0x0000000008004300       0x1c ./libDaisy//build/libdaisy.a(usbd_conf.o)
                0x0000000008004300                USBD_LL_SetUSBAddress
 .text.USBD_LL_Transmit
                0x000000000800431c       0x1c ./libDaisy//build/libdaisy.a(usbd_conf.o)
                0x000000000800431c                USBD_LL_Transmit
 .text.USBD_LL_PrepareReceive
                0x0000000008004338       0x1c ./libDaisy//build/libdaisy.a(usbd_conf.o)
                0x0000000008004338                USBD_LL_PrepareReceive
 .text.HAL_HCD_SOF_Callback
                0x0000000008004354        0x8 ./libDaisy//build/libdaisy.a(usbh_conf.o)
                0x0000000008004354                HAL_HCD_SOF_Callback
 .text.HAL_HCD_Connect_Callback
                0x000000000800435c        0x8 ./libDaisy//build/libdaisy.a(usbh_conf.o)
                0x000000000800435c                HAL_HCD_Connect_Callback
 .text.HAL_HCD_Disconnect_Callback
                0x0000000008004364        0x8 ./libDaisy//build/libdaisy.a(usbh_conf.o)
                0x0000000008004364                HAL_HCD_Disconnect_Callback
 .text.HAL_HCD_HC_NotifyURBChange_Callback
                0x000000000800436c        0x4 ./libDaisy//build/libdaisy.a(usbh_conf.o)
                0x000000000800436c                HAL_HCD_HC_NotifyURBChange_Callback
 .text.HAL_HCD_PortEnabled_Callback
                0x0000000008004370        0x8 ./libDaisy//build/libdaisy.a(usbh_conf.o)
                0x0000000008004370                HAL_HCD_PortEnabled_Callback
 .text.HAL_HCD_PortDisabled_Callback
                0x0000000008004378        0x8 ./libDaisy//build/libdaisy.a(usbh_conf.o)
                0x0000000008004378                HAL_HCD_PortDisabled_Callback
 .text.USBH_LL_Stop
                0x0000000008004380       0x1c ./libDaisy//build/libdaisy.a(usbh_conf.o)
                0x0000000008004380                USBH_LL_Stop
 .text.dsy_hal_map_get_port
                0x000000000800439c       0x10 ./libDaisy//build/libdaisy.a(hal_map.o)
                0x000000000800439c                dsy_hal_map_get_port
 .text.dsy_hal_map_get_pin
                0x00000000080043ac       0x10 ./libDaisy//build/libdaisy.a(hal_map.o)
                0x00000000080043ac                dsy_hal_map_get_pin
 .text.dsy_hal_map_gpio_clk_enable
                0x00000000080043bc      0x150 ./libDaisy//build/libdaisy.a(hal_map.o)
                0x00000000080043bc                dsy_hal_map_gpio_clk_enable
 .text.HAL_MspInit
                0x000000000800450c        0x4 ./libDaisy//build/libdaisy.a(stm32h7xx_hal.o)
                0x000000000800450c                HAL_MspInit
 .text.HAL_InitTick
                0x0000000008004510       0x4c ./libDaisy//build/libdaisy.a(stm32h7xx_hal.o)
                0x0000000008004510                HAL_InitTick
 .text.HAL_Init
                0x000000000800455c       0x60 ./libDaisy//build/libdaisy.a(stm32h7xx_hal.o)
                0x000000000800455c                HAL_Init
 .text.HAL_IncTick
                0x00000000080045bc       0x18 ./libDaisy//build/libdaisy.a(stm32h7xx_hal.o)
                0x00000000080045bc                HAL_IncTick
 .text.HAL_GetTick
                0x00000000080045d4        0xc ./libDaisy//build/libdaisy.a(stm32h7xx_hal.o)
                0x00000000080045d4                HAL_GetTick
 .text.HAL_Delay
                0x00000000080045e0       0x24 ./libDaisy//build/libdaisy.a(stm32h7xx_hal.o)
                0x00000000080045e0                HAL_Delay
 .text.HAL_GetREVID
                0x0000000008004604        0xc ./libDaisy//build/libdaisy.a(stm32h7xx_hal.o)
                0x0000000008004604                HAL_GetREVID
 .text.HAL_NVIC_SetPriorityGrouping
                0x0000000008004610       0x24 ./libDaisy//build/libdaisy.a(stm32h7xx_hal_cortex.o)
                0x0000000008004610                HAL_NVIC_SetPriorityGrouping
 .text.HAL_NVIC_SetPriority
                0x0000000008004634       0x7c ./libDaisy//build/libdaisy.a(stm32h7xx_hal_cortex.o)
                0x0000000008004634                HAL_NVIC_SetPriority
 .text.HAL_NVIC_EnableIRQ
                0x00000000080046b0       0x1c ./libDaisy//build/libdaisy.a(stm32h7xx_hal_cortex.o)
                0x00000000080046b0                HAL_NVIC_EnableIRQ
 .text.HAL_NVIC_DisableIRQ
                0x00000000080046cc       0x28 ./libDaisy//build/libdaisy.a(stm32h7xx_hal_cortex.o)
                0x00000000080046cc                HAL_NVIC_DisableIRQ
 .text.HAL_SYSTICK_Config
                0x00000000080046f4       0x2c ./libDaisy//build/libdaisy.a(stm32h7xx_hal_cortex.o)
                0x00000000080046f4                HAL_SYSTICK_Config
 .text.HAL_MPU_Disable
                0x0000000008004720       0x1c ./libDaisy//build/libdaisy.a(stm32h7xx_hal_cortex.o)
                0x0000000008004720                HAL_MPU_Disable
 .text.HAL_MPU_Enable
                0x000000000800473c       0x20 ./libDaisy//build/libdaisy.a(stm32h7xx_hal_cortex.o)
                0x000000000800473c                HAL_MPU_Enable
 .text.HAL_MPU_ConfigRegion
                0x000000000800475c       0x64 ./libDaisy//build/libdaisy.a(stm32h7xx_hal_cortex.o)
                0x000000000800475c                HAL_MPU_ConfigRegion
 .text.HAL_SYSTICK_Callback
                0x00000000080047c0        0x4 ./libDaisy//build/libdaisy.a(stm32h7xx_hal_cortex.o)
                0x00000000080047c0                HAL_SYSTICK_Callback
 .text.HAL_SYSTICK_IRQHandler
                0x00000000080047c4        0x8 ./libDaisy//build/libdaisy.a(stm32h7xx_hal_cortex.o)
                0x00000000080047c4                HAL_SYSTICK_IRQHandler
 .text.DMA_CalcBaseAndBitshift
                0x00000000080047cc       0xf4 ./libDaisy//build/libdaisy.a(stm32h7xx_hal_dma.o)
 .text.DMA_CalcDMAMUXChannelBaseAndMask
                0x00000000080048c0       0xd8 ./libDaisy//build/libdaisy.a(stm32h7xx_hal_dma.o)
 .text.HAL_DMA_Init
                0x0000000008004998      0x37c ./libDaisy//build/libdaisy.a(stm32h7xx_hal_dma.o)
                0x0000000008004998                HAL_DMA_Init
 .text.HAL_DMA_Start_IT
                0x0000000008004d14      0x240 ./libDaisy//build/libdaisy.a(stm32h7xx_hal_dma.o)
                0x0000000008004d14                HAL_DMA_Start_IT
 .text.HAL_DMA_Abort_IT
                0x0000000008004f54      0x134 ./libDaisy//build/libdaisy.a(stm32h7xx_hal_dma.o)
                0x0000000008004f54                HAL_DMA_Abort_IT
 .text.HAL_DMA_IRQHandler
                0x0000000008005088      0x6a0 ./libDaisy//build/libdaisy.a(stm32h7xx_hal_dma.o)
                0x0000000008005088                HAL_DMA_IRQHandler
 .text.HAL_DMA_GetError
                0x0000000008005728        0x4 ./libDaisy//build/libdaisy.a(stm32h7xx_hal_dma.o)
                0x0000000008005728                HAL_DMA_GetError
 .text.HAL_GPIO_Init
                0x000000000800572c      0x280 ./libDaisy//build/libdaisy.a(stm32h7xx_hal_gpio.o)
                0x000000000800572c                HAL_GPIO_Init
 .text.HAL_GPIO_DeInit
                0x00000000080059ac      0x190 ./libDaisy//build/libdaisy.a(stm32h7xx_hal_gpio.o)
                0x00000000080059ac                HAL_GPIO_DeInit
 .text.HAL_GPIO_ReadPin
                0x0000000008005b3c        0xc ./libDaisy//build/libdaisy.a(stm32h7xx_hal_gpio.o)
                0x0000000008005b3c                HAL_GPIO_ReadPin
 .text.HAL_GPIO_WritePin
                0x0000000008005b48        0x8 ./libDaisy//build/libdaisy.a(stm32h7xx_hal_gpio.o)
                0x0000000008005b48                HAL_GPIO_WritePin
 .text.HAL_HCD_IRQHandler
                0x0000000008005b50      0x780 ./libDaisy//build/libdaisy.a(stm32h7xx_hal_hcd.o)
                0x0000000008005b50                HAL_HCD_IRQHandler
 .text.HAL_HCD_Stop
                0x00000000080062d0       0x28 ./libDaisy//build/libdaisy.a(stm32h7xx_hal_hcd.o)
                0x00000000080062d0                HAL_HCD_Stop
 .text.I2C_WaitOnRXNEFlagUntilTimeout
                0x00000000080062f8      0x100 ./libDaisy//build/libdaisy.a(stm32h7xx_hal_i2c.o)
 .text.I2C_WaitOnTXISFlagUntilTimeout
                0x00000000080063f8       0xb8 ./libDaisy//build/libdaisy.a(stm32h7xx_hal_i2c.o)
 .text.I2C_WaitOnSTOPFlagUntilTimeout
                0x00000000080064b0       0xac ./libDaisy//build/libdaisy.a(stm32h7xx_hal_i2c.o)
 .text.HAL_I2C_Init
                0x000000000800655c       0xac ./libDaisy//build/libdaisy.a(stm32h7xx_hal_i2c.o)
                0x000000000800655c                HAL_I2C_Init
 .text.HAL_I2C_Master_Transmit
                0x0000000008006608      0x1a8 ./libDaisy//build/libdaisy.a(stm32h7xx_hal_i2c.o)
                0x0000000008006608                HAL_I2C_Master_Transmit
 .text.HAL_I2C_Master_Receive
                0x00000000080067b0      0x1ac ./libDaisy//build/libdaisy.a(stm32h7xx_hal_i2c.o)
                0x00000000080067b0                HAL_I2C_Master_Receive
 .text.HAL_I2C_Slave_Transmit
                0x000000000800695c      0x1c8 ./libDaisy//build/libdaisy.a(stm32h7xx_hal_i2c.o)
                0x000000000800695c                HAL_I2C_Slave_Transmit
 .text.HAL_I2C_Slave_Receive
                0x0000000008006b24      0x1a4 ./libDaisy//build/libdaisy.a(stm32h7xx_hal_i2c.o)
                0x0000000008006b24                HAL_I2C_Slave_Receive
 .text.HAL_I2C_EV_IRQHandler
                0x0000000008006cc8       0x10 ./libDaisy//build/libdaisy.a(stm32h7xx_hal_i2c.o)
                0x0000000008006cc8                HAL_I2C_EV_IRQHandler
 .text.HAL_I2C_GetState
                0x0000000008006cd8        0x8 ./libDaisy//build/libdaisy.a(stm32h7xx_hal_i2c.o)
                0x0000000008006cd8                HAL_I2C_GetState
 .text.HAL_I2CEx_ConfigAnalogFilter
                0x0000000008006ce0       0x54 ./libDaisy//build/libdaisy.a(stm32h7xx_hal_i2c_ex.o)
                0x0000000008006ce0                HAL_I2CEx_ConfigAnalogFilter
 .text.HAL_I2CEx_ConfigDigitalFilter
                0x0000000008006d34       0x58 ./libDaisy//build/libdaisy.a(stm32h7xx_hal_i2c_ex.o)
                0x0000000008006d34                HAL_I2CEx_ConfigDigitalFilter
 .text.HAL_PCD_IRQHandler
                0x0000000008006d8c      0x69c ./libDaisy//build/libdaisy.a(stm32h7xx_hal_pcd.o)
                0x0000000008006d8c                HAL_PCD_IRQHandler
 .text.HAL_PCD_SetAddress
                0x0000000008007428       0x2c ./libDaisy//build/libdaisy.a(stm32h7xx_hal_pcd.o)
                0x0000000008007428                HAL_PCD_SetAddress
 .text.HAL_PCD_EP_Open
                0x0000000008007454       0x7c ./libDaisy//build/libdaisy.a(stm32h7xx_hal_pcd.o)
                0x0000000008007454                HAL_PCD_EP_Open
 .text.HAL_PCD_EP_Receive
                0x00000000080074d0       0x50 ./libDaisy//build/libdaisy.a(stm32h7xx_hal_pcd.o)
                0x00000000080074d0                HAL_PCD_EP_Receive
 .text.HAL_PCD_EP_Transmit
                0x0000000008007520       0x50 ./libDaisy//build/libdaisy.a(stm32h7xx_hal_pcd.o)
                0x0000000008007520                HAL_PCD_EP_Transmit
 .text.HAL_PCD_EP_SetStall
                0x0000000008007570       0x88 ./libDaisy//build/libdaisy.a(stm32h7xx_hal_pcd.o)
                0x0000000008007570                HAL_PCD_EP_SetStall
 .text.HAL_PCD_EP_ClrStall
                0x00000000080075f8       0x78 ./libDaisy//build/libdaisy.a(stm32h7xx_hal_pcd.o)
                0x00000000080075f8                HAL_PCD_EP_ClrStall
 .text.HAL_PCDEx_LPM_Callback
                0x0000000008007670        0x4 ./libDaisy//build/libdaisy.a(stm32h7xx_hal_pcd_ex.o)
                0x0000000008007670                HAL_PCDEx_LPM_Callback
 .text.HAL_PWREx_ConfigSupply
                0x0000000008007674       0x4c ./libDaisy//build/libdaisy.a(stm32h7xx_hal_pwr_ex.o)
                0x0000000008007674                HAL_PWREx_ConfigSupply
 .text.HAL_PWREx_EnableUSBVoltageDetector
                0x00000000080076c0       0x10 ./libDaisy//build/libdaisy.a(stm32h7xx_hal_pwr_ex.o)
                0x00000000080076c0                HAL_PWREx_EnableUSBVoltageDetector
 .text.QSPI_Config
                0x00000000080076d0      0x174 ./libDaisy//build/libdaisy.a(stm32h7xx_hal_qspi.o)
 .text.HAL_QSPI_Init
                0x0000000008007844       0xd8 ./libDaisy//build/libdaisy.a(stm32h7xx_hal_qspi.o)
                0x0000000008007844                HAL_QSPI_Init
 .text.HAL_QSPI_DeInit
                0x000000000800791c       0x3c ./libDaisy//build/libdaisy.a(stm32h7xx_hal_qspi.o)
                0x000000000800791c                HAL_QSPI_DeInit
 .text.HAL_QSPI_Command
                0x0000000008007958       0xd4 ./libDaisy//build/libdaisy.a(stm32h7xx_hal_qspi.o)
                0x0000000008007958                HAL_QSPI_Command
 .text.HAL_QSPI_Transmit
                0x0000000008007a2c       0xfc ./libDaisy//build/libdaisy.a(stm32h7xx_hal_qspi.o)
                0x0000000008007a2c                HAL_QSPI_Transmit
 .text.HAL_QSPI_Receive
                0x0000000008007b28      0x108 ./libDaisy//build/libdaisy.a(stm32h7xx_hal_qspi.o)
                0x0000000008007b28                HAL_QSPI_Receive
 .text.HAL_QSPI_AutoPolling
                0x0000000008007c30       0xf0 ./libDaisy//build/libdaisy.a(stm32h7xx_hal_qspi.o)
                0x0000000008007c30                HAL_QSPI_AutoPolling
 .text.HAL_QSPI_MemoryMapped
                0x0000000008007d20       0xc0 ./libDaisy//build/libdaisy.a(stm32h7xx_hal_qspi.o)
                0x0000000008007d20                HAL_QSPI_MemoryMapped
 .text.HAL_QSPI_ErrorCallback
                0x0000000008007de0        0x4 ./libDaisy//build/libdaisy.a(stm32h7xx_hal_qspi.o)
                0x0000000008007de0                HAL_QSPI_ErrorCallback
 .text.QSPI_DMAAbortCplt
                0x0000000008007de4       0x38 ./libDaisy//build/libdaisy.a(stm32h7xx_hal_qspi.o)
 .text.HAL_QSPI_AbortCpltCallback
                0x0000000008007e1c        0x4 ./libDaisy//build/libdaisy.a(stm32h7xx_hal_qspi.o)
                0x0000000008007e1c                HAL_QSPI_AbortCpltCallback
 .text.HAL_QSPI_CmdCpltCallback
                0x0000000008007e20        0x4 ./libDaisy//build/libdaisy.a(stm32h7xx_hal_qspi.o)
                0x0000000008007e20                HAL_QSPI_CmdCpltCallback
 .text.HAL_QSPI_RxCpltCallback
                0x0000000008007e24        0x4 ./libDaisy//build/libdaisy.a(stm32h7xx_hal_qspi.o)
                0x0000000008007e24                HAL_QSPI_RxCpltCallback
 .text.HAL_QSPI_TxCpltCallback
                0x0000000008007e28        0x4 ./libDaisy//build/libdaisy.a(stm32h7xx_hal_qspi.o)
                0x0000000008007e28                HAL_QSPI_TxCpltCallback
 .text.HAL_QSPI_FifoThresholdCallback
                0x0000000008007e2c        0x4 ./libDaisy//build/libdaisy.a(stm32h7xx_hal_qspi.o)
                0x0000000008007e2c                HAL_QSPI_FifoThresholdCallback
 .text.HAL_QSPI_StatusMatchCallback
                0x0000000008007e30        0x4 ./libDaisy//build/libdaisy.a(stm32h7xx_hal_qspi.o)
                0x0000000008007e30                HAL_QSPI_StatusMatchCallback
 .text.HAL_QSPI_TimeOutCallback
                0x0000000008007e34        0x4 ./libDaisy//build/libdaisy.a(stm32h7xx_hal_qspi.o)
                0x0000000008007e34                HAL_QSPI_TimeOutCallback
 .text.HAL_QSPI_IRQHandler
                0x0000000008007e38      0x210 ./libDaisy//build/libdaisy.a(stm32h7xx_hal_qspi.o)
                0x0000000008007e38                HAL_QSPI_IRQHandler
 .text.HAL_RCC_OscConfig
                0x0000000008008048      0x51c ./libDaisy//build/libdaisy.a(stm32h7xx_hal_rcc.o)
                0x0000000008008048                HAL_RCC_OscConfig
 .text.HAL_RCC_GetSysClockFreq
                0x0000000008008564      0x140 ./libDaisy//build/libdaisy.a(stm32h7xx_hal_rcc.o)
                0x0000000008008564                HAL_RCC_GetSysClockFreq
 .text.HAL_RCC_ClockConfig
                0x00000000080086a4      0x234 ./libDaisy//build/libdaisy.a(stm32h7xx_hal_rcc.o)
                0x00000000080086a4                HAL_RCC_ClockConfig
 .text.HAL_RCC_GetHCLKFreq
                0x00000000080088d8       0x2c ./libDaisy//build/libdaisy.a(stm32h7xx_hal_rcc.o)
                0x00000000080088d8                HAL_RCC_GetHCLKFreq
 .text.HAL_RCC_GetPCLK1Freq
                0x0000000008008904       0x38 ./libDaisy//build/libdaisy.a(stm32h7xx_hal_rcc.o)
                0x0000000008008904                HAL_RCC_GetPCLK1Freq
 .text.HAL_RCC_GetPCLK2Freq
                0x000000000800893c       0x38 ./libDaisy//build/libdaisy.a(stm32h7xx_hal_rcc.o)
                0x000000000800893c                HAL_RCC_GetPCLK2Freq
 .text.RCCEx_PLL2_Config
                0x0000000008008974       0xf4 ./libDaisy//build/libdaisy.a(stm32h7xx_hal_rcc_ex.o)
 .text.RCCEx_PLL3_Config
                0x0000000008008a68       0xf4 ./libDaisy//build/libdaisy.a(stm32h7xx_hal_rcc_ex.o)
 .text.HAL_RCCEx_PeriphCLKConfig
                0x0000000008008b5c      0xa7c ./libDaisy//build/libdaisy.a(stm32h7xx_hal_rcc_ex.o)
                0x0000000008008b5c                HAL_RCCEx_PeriphCLKConfig
 .text.HAL_RCCEx_GetD3PCLK1Freq
                0x00000000080095d8       0x24 ./libDaisy//build/libdaisy.a(stm32h7xx_hal_rcc_ex.o)
                0x00000000080095d8                HAL_RCCEx_GetD3PCLK1Freq
 .text.HAL_RCCEx_GetPLL2ClockFreq
                0x00000000080095fc      0x17c ./libDaisy//build/libdaisy.a(stm32h7xx_hal_rcc_ex.o)
                0x00000000080095fc                HAL_RCCEx_GetPLL2ClockFreq
 .text.HAL_RCCEx_GetPLL3ClockFreq
                0x0000000008009778      0x17c ./libDaisy//build/libdaisy.a(stm32h7xx_hal_rcc_ex.o)
                0x0000000008009778                HAL_RCCEx_GetPLL3ClockFreq
 .text.HAL_RCCEx_GetPLL1ClockFreq
                0x00000000080098f4      0x17c ./libDaisy//build/libdaisy.a(stm32h7xx_hal_rcc_ex.o)
                0x00000000080098f4                HAL_RCCEx_GetPLL1ClockFreq
 .text.HAL_RCCEx_GetPeriphCLKFreq
                0x0000000008009a70      0x198 ./libDaisy//build/libdaisy.a(stm32h7xx_hal_rcc_ex.o)
                0x0000000008009a70                HAL_RCCEx_GetPeriphCLKFreq
 .text.HAL_RCCEx_GetD1SysClockFreq
                0x0000000008009c08       0x2c ./libDaisy//build/libdaisy.a(stm32h7xx_hal_rcc_ex.o)
                0x0000000008009c08                HAL_RCCEx_GetD1SysClockFreq
 .text.HAL_SAI_Init.part.0
                0x0000000008009c34      0x348 ./libDaisy//build/libdaisy.a(stm32h7xx_hal_sai.o)
 .text.HAL_SAI_InitProtocol
                0x0000000008009f7c      0x178 ./libDaisy//build/libdaisy.a(stm32h7xx_hal_sai.o)
                0x0000000008009f7c                HAL_SAI_InitProtocol
 .text.HAL_SAI_Transmit_DMA
                0x000000000800a0f4      0x124 ./libDaisy//build/libdaisy.a(stm32h7xx_hal_sai.o)
                0x000000000800a0f4                HAL_SAI_Transmit_DMA
 .text.HAL_SAI_Receive_DMA
                0x000000000800a218       0xd0 ./libDaisy//build/libdaisy.a(stm32h7xx_hal_sai.o)
                0x000000000800a218                HAL_SAI_Receive_DMA
 .text.HAL_SAI_TxCpltCallback
                0x000000000800a2e8        0x4 ./libDaisy//build/libdaisy.a(stm32h7xx_hal_sai.o)
                0x000000000800a2e8                HAL_SAI_TxCpltCallback
 .text.SAI_DMATxCplt
                0x000000000800a2ec       0x64 ./libDaisy//build/libdaisy.a(stm32h7xx_hal_sai.o)
 .text.HAL_SAI_TxHalfCpltCallback
                0x000000000800a350        0x4 ./libDaisy//build/libdaisy.a(stm32h7xx_hal_sai.o)
                0x000000000800a350                HAL_SAI_TxHalfCpltCallback
 .text.SAI_DMATxHalfCplt
                0x000000000800a354        0xc ./libDaisy//build/libdaisy.a(stm32h7xx_hal_sai.o)
 .text.SAI_DMARxCplt
                0x000000000800a360       0x64 ./libDaisy//build/libdaisy.a(stm32h7xx_hal_sai.o)
 .text.SAI_DMARxHalfCplt
                0x000000000800a3c4        0xc ./libDaisy//build/libdaisy.a(stm32h7xx_hal_sai.o)
 .text.HAL_SAI_ErrorCallback
                0x000000000800a3d0        0x4 ./libDaisy//build/libdaisy.a(stm32h7xx_hal_sai.o)
                0x000000000800a3d0                HAL_SAI_ErrorCallback
 .text.SAI_DMAError
                0x000000000800a3d4       0x6c ./libDaisy//build/libdaisy.a(stm32h7xx_hal_sai.o)
 .text.HAL_SDRAM_Init
                0x000000000800a440       0x54 ./libDaisy//build/libdaisy.a(stm32h7xx_hal_sdram.o)
                0x000000000800a440                HAL_SDRAM_Init
 .text.HAL_SDRAM_SendCommand
                0x000000000800a494       0x40 ./libDaisy//build/libdaisy.a(stm32h7xx_hal_sdram.o)
                0x000000000800a494                HAL_SDRAM_SendCommand
 .text.HAL_SDRAM_ProgramRefreshRate
                0x000000000800a4d4       0x30 ./libDaisy//build/libdaisy.a(stm32h7xx_hal_sdram.o)
                0x000000000800a4d4                HAL_SDRAM_ProgramRefreshRate
 .text.FMC_SDRAM_Init
                0x000000000800a504       0x7c ./libDaisy//build/libdaisy.a(stm32h7xx_ll_fmc.o)
                0x000000000800a504                FMC_SDRAM_Init
 .text.FMC_SDRAM_Timing_Init
                0x000000000800a580       0x98 ./libDaisy//build/libdaisy.a(stm32h7xx_ll_fmc.o)
                0x000000000800a580                FMC_SDRAM_Timing_Init
 .text.FMC_SDRAM_SendCommand
                0x000000000800a618       0x28 ./libDaisy//build/libdaisy.a(stm32h7xx_ll_fmc.o)
                0x000000000800a618                FMC_SDRAM_SendCommand
 .text.FMC_SDRAM_ProgramRefreshRate
                0x000000000800a640       0x1c ./libDaisy//build/libdaisy.a(stm32h7xx_ll_fmc.o)
                0x000000000800a640                FMC_SDRAM_ProgramRefreshRate
 .text.USB_SetTurnaroundTime
                0x000000000800a65c      0x104 ./libDaisy//build/libdaisy.a(stm32h7xx_ll_usb.o)
                0x000000000800a65c                USB_SetTurnaroundTime
 .text.USB_FlushTxFifo
                0x000000000800a760       0x34 ./libDaisy//build/libdaisy.a(stm32h7xx_ll_usb.o)
                0x000000000800a760                USB_FlushTxFifo
 .text.USB_GetDevSpeed
                0x000000000800a794       0x24 ./libDaisy//build/libdaisy.a(stm32h7xx_ll_usb.o)
                0x000000000800a794                USB_GetDevSpeed
 .text.USB_ActivateEndpoint
                0x000000000800a7b8       0x90 ./libDaisy//build/libdaisy.a(stm32h7xx_ll_usb.o)
                0x000000000800a7b8                USB_ActivateEndpoint
 .text.USB_EPStartXfer
                0x000000000800a848      0x230 ./libDaisy//build/libdaisy.a(stm32h7xx_ll_usb.o)
                0x000000000800a848                USB_EPStartXfer
 .text.USB_EP0StartXfer
                0x000000000800aa78      0x174 ./libDaisy//build/libdaisy.a(stm32h7xx_ll_usb.o)
                0x000000000800aa78                USB_EP0StartXfer
 .text.USB_WritePacket
                0x000000000800abec       0x2c ./libDaisy//build/libdaisy.a(stm32h7xx_ll_usb.o)
                0x000000000800abec                USB_WritePacket
 .text.USB_ReadPacket
                0x000000000800ac18       0x20 ./libDaisy//build/libdaisy.a(stm32h7xx_ll_usb.o)
                0x000000000800ac18                USB_ReadPacket
 .text.USB_EPSetStall
                0x000000000800ac38       0x68 ./libDaisy//build/libdaisy.a(stm32h7xx_ll_usb.o)
                0x000000000800ac38                USB_EPSetStall
 .text.USB_EPClearStall
                0x000000000800aca0       0x58 ./libDaisy//build/libdaisy.a(stm32h7xx_ll_usb.o)
                0x000000000800aca0                USB_EPClearStall
 .text.USB_SetDevAddress
                0x000000000800acf8       0x24 ./libDaisy//build/libdaisy.a(stm32h7xx_ll_usb.o)
                0x000000000800acf8                USB_SetDevAddress
 .text.USB_ReadInterrupts
                0x000000000800ad1c       0x14 ./libDaisy//build/libdaisy.a(stm32h7xx_ll_usb.o)
                0x000000000800ad1c                USB_ReadInterrupts
 .text.USB_ReadDevAllOutEpInterrupt
                0x000000000800ad30       0x1c ./libDaisy//build/libdaisy.a(stm32h7xx_ll_usb.o)
                0x000000000800ad30                USB_ReadDevAllOutEpInterrupt
 .text.USB_ReadDevAllInEpInterrupt
                0x000000000800ad4c       0x1c ./libDaisy//build/libdaisy.a(stm32h7xx_ll_usb.o)
                0x000000000800ad4c                USB_ReadDevAllInEpInterrupt
 .text.USB_ReadDevOutEPInterrupt
                0x000000000800ad68       0x1c ./libDaisy//build/libdaisy.a(stm32h7xx_ll_usb.o)
                0x000000000800ad68                USB_ReadDevOutEPInterrupt
 .text.USB_ReadDevInEPInterrupt
                0x000000000800ad84       0x38 ./libDaisy//build/libdaisy.a(stm32h7xx_ll_usb.o)
                0x000000000800ad84                USB_ReadDevInEPInterrupt
 .text.USB_GetMode
                0x000000000800adbc        0x8 ./libDaisy//build/libdaisy.a(stm32h7xx_ll_usb.o)
                0x000000000800adbc                USB_GetMode
 .text.USB_ActivateSetup
                0x000000000800adc4       0x38 ./libDaisy//build/libdaisy.a(stm32h7xx_ll_usb.o)
                0x000000000800adc4                USB_ActivateSetup
 .text.USB_EP0_OutStart
                0x000000000800adfc       0x58 ./libDaisy//build/libdaisy.a(stm32h7xx_ll_usb.o)
                0x000000000800adfc                USB_EP0_OutStart
 .text.USB_InitFSLSPClkSel
                0x000000000800ae54       0x44 ./libDaisy//build/libdaisy.a(stm32h7xx_ll_usb.o)
                0x000000000800ae54                USB_InitFSLSPClkSel
 .text.USB_HC_ReadInterrupt
                0x000000000800ae98        0x8 ./libDaisy//build/libdaisy.a(stm32h7xx_ll_usb.o)
                0x000000000800ae98                USB_HC_ReadInterrupt
 .text.USB_HC_Halt
                0x000000000800aea0       0xc0 ./libDaisy//build/libdaisy.a(stm32h7xx_ll_usb.o)
                0x000000000800aea0                USB_HC_Halt
 .text.USB_StopHost
                0x000000000800af60      0x2ec ./libDaisy//build/libdaisy.a(stm32h7xx_ll_usb.o)
                0x000000000800af60                USB_StopHost
 .text.USBD_SetClassConfig
                0x000000000800b24c       0x14 ./libDaisy//build/libdaisy.a(usbd_core.o)
                0x000000000800b24c                USBD_SetClassConfig
 .text.USBD_ClrClassConfig
                0x000000000800b260       0x10 ./libDaisy//build/libdaisy.a(usbd_core.o)
                0x000000000800b260                USBD_ClrClassConfig
 .text.USBD_LL_SetupStage
                0x000000000800b270       0x5c ./libDaisy//build/libdaisy.a(usbd_core.o)
                0x000000000800b270                USBD_LL_SetupStage
 .text.USBD_LL_DataOutStage
                0x000000000800b2cc       0x7c ./libDaisy//build/libdaisy.a(usbd_core.o)
                0x000000000800b2cc                USBD_LL_DataOutStage
 .text.USBD_LL_DataInStage
                0x000000000800b348       0xcc ./libDaisy//build/libdaisy.a(usbd_core.o)
                0x000000000800b348                USBD_LL_DataInStage
 .text.USBD_LL_Reset
                0x000000000800b414       0x50 ./libDaisy//build/libdaisy.a(usbd_core.o)
                0x000000000800b414                USBD_LL_Reset
 .text.USBD_LL_SetSpeed
                0x000000000800b464        0x8 ./libDaisy//build/libdaisy.a(usbd_core.o)
                0x000000000800b464                USBD_LL_SetSpeed
 .text.USBD_LL_Suspend
                0x000000000800b46c       0x14 ./libDaisy//build/libdaisy.a(usbd_core.o)
                0x000000000800b46c                USBD_LL_Suspend
 .text.USBD_LL_Resume
                0x000000000800b480       0x10 ./libDaisy//build/libdaisy.a(usbd_core.o)
                0x000000000800b480                USBD_LL_Resume
 .text.USBD_LL_SOF
                0x000000000800b490       0x1c ./libDaisy//build/libdaisy.a(usbd_core.o)
                0x000000000800b490                USBD_LL_SOF
 .text.USBD_LL_IsoINIncomplete
                0x000000000800b4ac        0x4 ./libDaisy//build/libdaisy.a(usbd_core.o)
                0x000000000800b4ac                USBD_LL_IsoINIncomplete
 .text.USBD_LL_IsoOUTIncomplete
                0x000000000800b4b0        0x4 ./libDaisy//build/libdaisy.a(usbd_core.o)
                0x000000000800b4b0                USBD_LL_IsoOUTIncomplete
 .text.USBD_LL_DevConnected
                0x000000000800b4b4        0x4 ./libDaisy//build/libdaisy.a(usbd_core.o)
                0x000000000800b4b4                USBD_LL_DevConnected
 .text.USBD_LL_DevDisconnected
                0x000000000800b4b8       0x18 ./libDaisy//build/libdaisy.a(usbd_core.o)
                0x000000000800b4b8                USBD_LL_DevDisconnected
 .text.USBD_StdDevReq
                0x000000000800b4d0      0x304 ./libDaisy//build/libdaisy.a(usbd_ctlreq.o)
                0x000000000800b4d0                USBD_StdDevReq
 .text.USBD_StdItfReq
                0x000000000800b7d4       0x68 ./libDaisy//build/libdaisy.a(usbd_ctlreq.o)
                0x000000000800b7d4                USBD_StdItfReq
 .text.USBD_StdEPReq
                0x000000000800b83c      0x13c ./libDaisy//build/libdaisy.a(usbd_ctlreq.o)
                0x000000000800b83c                USBD_StdEPReq
 .text.USBD_ParseSetupRequest
                0x000000000800b978       0x28 ./libDaisy//build/libdaisy.a(usbd_ctlreq.o)
                0x000000000800b978                USBD_ParseSetupRequest
 .text.USBD_CtlSendData
                0x000000000800b9a0       0x1c ./libDaisy//build/libdaisy.a(usbd_ioreq.o)
                0x000000000800b9a0                USBD_CtlSendData
 .text.USBD_CtlContinueSendData
                0x000000000800b9bc       0x14 ./libDaisy//build/libdaisy.a(usbd_ioreq.o)
                0x000000000800b9bc                USBD_CtlContinueSendData
 .text.USBD_CtlContinueRx
                0x000000000800b9d0       0x14 ./libDaisy//build/libdaisy.a(usbd_ioreq.o)
                0x000000000800b9d0                USBD_CtlContinueRx
 .text.USBD_CtlSendStatus
                0x000000000800b9e4       0x18 ./libDaisy//build/libdaisy.a(usbd_ioreq.o)
                0x000000000800b9e4                USBD_CtlSendStatus
 .text.USBD_CtlReceiveStatus
                0x000000000800b9fc       0x18 ./libDaisy//build/libdaisy.a(usbd_ioreq.o)
                0x000000000800b9fc                USBD_CtlReceiveStatus
 .text.USBH_LL_IncTimer
                0x000000000800ba14       0x20 ./libDaisy//build/libdaisy.a(usbh_core.o)
                0x000000000800ba14                USBH_LL_IncTimer
 .text.USBH_LL_PortEnabled
                0x000000000800ba34        0x8 ./libDaisy//build/libdaisy.a(usbh_core.o)
                0x000000000800ba34                USBH_LL_PortEnabled
 .text.USBH_LL_PortDisabled
                0x000000000800ba3c        0x8 ./libDaisy//build/libdaisy.a(usbh_core.o)
                0x000000000800ba3c                USBH_LL_PortDisabled
 .text.USBH_LL_Connect
                0x000000000800ba44       0x18 ./libDaisy//build/libdaisy.a(usbh_core.o)
                0x000000000800ba44                USBH_LL_Connect
 .text.USBH_LL_Disconnect
                0x000000000800ba5c       0x2c ./libDaisy//build/libdaisy.a(usbh_core.o)
                0x000000000800ba5c                USBH_LL_Disconnect
 .text.USBH_FreePipe
                0x000000000800ba88       0x18 ./libDaisy//build/libdaisy.a(usbh_pipes.o)
                0x000000000800ba88                USBH_FreePipe
 .text._ZN5daisy6Random4InitEv
                0x000000000800baa0       0x3c ./libDaisy//build/libdaisy.a(rng.o)
                0x000000000800baa0                daisy::Random::Init()
 .text._ZN5daisy9SpiHandle4Impl7InitDmaEv
                0x000000000800badc       0xec ./libDaisy//build/libdaisy.a(spi.o)
                0x000000000800badc                daisy::SpiHandle::Impl::InitDma()
 .text._ZN5daisy9SpiHandle4Impl10StartDmaTxEPhjPFvPvEPFvS3_NS0_6ResultEES3_
                0x000000000800bbc8       0xc8 ./libDaisy//build/libdaisy.a(spi.o)
                0x000000000800bbc8                daisy::SpiHandle::Impl::StartDmaTx(unsigned char*, unsigned int, void (*)(void*), void (*)(void*, daisy::SpiHandle::Result), void*)
 .text._ZN5daisy9SpiHandle4Impl10StartDmaRxEPhjPFvPvEPFvS3_NS0_6ResultEES3_
                0x000000000800bc90       0xc8 ./libDaisy//build/libdaisy.a(spi.o)
                0x000000000800bc90                daisy::SpiHandle::Impl::StartDmaRx(unsigned char*, unsigned int, void (*)(void*), void (*)(void*, daisy::SpiHandle::Result), void*)
 .text._ZN5daisy9SpiHandle4Impl12StartDmaRxTxEPhS2_jPFvPvEPFvS3_NS0_6ResultEES3_
                0x000000000800bd58       0xcc ./libDaisy//build/libdaisy.a(spi.o)
                0x000000000800bd58                daisy::SpiHandle::Impl::StartDmaRxTx(unsigned char*, unsigned char*, unsigned int, void (*)(void*), void (*)(void*, daisy::SpiHandle::Result), void*)
 .text._ZN5daisy9SpiHandle4Impl8InitPinsEv
                0x000000000800be24      0x274 ./libDaisy//build/libdaisy.a(spi.o)
                0x000000000800be24                daisy::SpiHandle::Impl::InitPins()
 .text.HAL_SPI_MspInit
                0x000000000800c098      0x1a8 ./libDaisy//build/libdaisy.a(spi.o)
                0x000000000800c098                HAL_SPI_MspInit
 .text.dsy_spi_global_init
                0x000000000800c240       0x80 ./libDaisy//build/libdaisy.a(spi.o)
                0x000000000800c240                dsy_spi_global_init
 .text.SPI1_IRQHandler
                0x000000000800c2c0        0xc ./libDaisy//build/libdaisy.a(spi.o)
                0x000000000800c2c0                SPI1_IRQHandler
 .text.SPI2_IRQHandler
                0x000000000800c2cc        0xc ./libDaisy//build/libdaisy.a(spi.o)
                0x000000000800c2cc                SPI2_IRQHandler
 .text.SPI3_IRQHandler
                0x000000000800c2d8        0xc ./libDaisy//build/libdaisy.a(spi.o)
                0x000000000800c2d8                SPI3_IRQHandler
 .text.SPI4_IRQHandler
                0x000000000800c2e4        0xc ./libDaisy//build/libdaisy.a(spi.o)
                0x000000000800c2e4                SPI4_IRQHandler
 .text.SPI5_IRQHandler
                0x000000000800c2f0        0xc ./libDaisy//build/libdaisy.a(spi.o)
                0x000000000800c2f0                SPI5_IRQHandler
 .text.DMA2_Stream2_IRQHandler
                0x000000000800c2fc       0x34 ./libDaisy//build/libdaisy.a(spi.o)
                0x000000000800c2fc                DMA2_Stream2_IRQHandler
 .text.DMA2_Stream3_IRQHandler
                0x000000000800c330       0x38 ./libDaisy//build/libdaisy.a(spi.o)
                0x000000000800c330                DMA2_Stream3_IRQHandler
 .text.HAL_SPI_TxCpltCallback
                0x000000000800c368       0xc4 ./libDaisy//build/libdaisy.a(spi.o)
                0x000000000800c368                HAL_SPI_TxCpltCallback
 .text.HAL_SPI_RxCpltCallback
                0x000000000800c42c       0xc4 ./libDaisy//build/libdaisy.a(spi.o)
                0x000000000800c42c                HAL_SPI_RxCpltCallback
 .text.HAL_SPI_TxRxCpltCallback
                0x000000000800c4f0       0xc4 ./libDaisy//build/libdaisy.a(spi.o)
                0x000000000800c4f0                HAL_SPI_TxRxCpltCallback
 .text.HAL_SPI_ErrorCallback
                0x000000000800c5b4       0xc8 ./libDaisy//build/libdaisy.a(spi.o)
                0x000000000800c5b4                HAL_SPI_ErrorCallback
 .text.startup._GLOBAL__sub_I__Z19MapInstanceToHandleP11SPI_TypeDef
                0x000000000800c67c      0x1b0 ./libDaisy//build/libdaisy.a(spi.o)
 .text.HAL_TIM_Base_MspInit
                0x000000000800c82c      0x1e0 ./libDaisy//build/libdaisy.a(tim.o)
                0x000000000800c82c                HAL_TIM_Base_MspInit
 .text.HAL_TIM_PeriodElapsedCallback
                0x000000000800ca0c       0x44 ./libDaisy//build/libdaisy.a(tim.o)
                0x000000000800ca0c                HAL_TIM_PeriodElapsedCallback
 .text.TIM2_IRQHandler
                0x000000000800ca50        0xc ./libDaisy//build/libdaisy.a(tim.o)
                0x000000000800ca50                TIM2_IRQHandler
 .text.TIM3_IRQHandler
                0x000000000800ca5c        0xc ./libDaisy//build/libdaisy.a(tim.o)
                0x000000000800ca5c                TIM3_IRQHandler
 .text.TIM4_IRQHandler
                0x000000000800ca68        0xc ./libDaisy//build/libdaisy.a(tim.o)
                0x000000000800ca68                TIM4_IRQHandler
 .text.TIM5_IRQHandler
                0x000000000800ca74        0xc ./libDaisy//build/libdaisy.a(tim.o)
                0x000000000800ca74                TIM5_IRQHandler
 .text._ZN5daisy11TimerHandle4InitERKNS0_6ConfigE
                0x000000000800ca80       0xd0 ./libDaisy//build/libdaisy.a(tim.o)
                0x000000000800ca80                daisy::TimerHandle::Init(daisy::TimerHandle::Config const&)
 .text._ZN5daisy11TimerHandle5StartEv
                0x000000000800cb50       0x24 ./libDaisy//build/libdaisy.a(tim.o)
                0x000000000800cb50                daisy::TimerHandle::Start()
 .text.startup._GLOBAL__sub_I__ZN5daisy11TimerHandle4Impl4InitERKNS0_6ConfigE
                0x000000000800cb74       0x38 ./libDaisy//build/libdaisy.a(tim.o)
 .text._ZL20UART_CheckRxListenerPN5daisy11UartHandler4ImplE
                0x000000000800cbac       0x84 ./libDaisy//build/libdaisy.a(uart.o)
 .text._ZN5daisy11UartHandler4Impl10StartDmaTxEPhjPFvPvEPFvS3_NS0_6ResultEES3_
                0x000000000800cc30      0x184 ./libDaisy//build/libdaisy.a(uart.o)
                0x000000000800cc30                daisy::UartHandler::Impl::StartDmaTx(unsigned char*, unsigned int, void (*)(void*), void (*)(void*, daisy::UartHandler::Result), void*)
 .text._ZN5daisy11UartHandler4Impl10StartDmaRxEPhjPFvPvEPFvS3_NS0_6ResultEES3_
                0x000000000800cdb4      0x184 ./libDaisy//build/libdaisy.a(uart.o)
                0x000000000800cdb4                daisy::UartHandler::Impl::StartDmaRx(unsigned char*, unsigned int, void (*)(void*), void (*)(void*, daisy::UartHandler::Result), void*)
 .text._ZN5daisy11UartHandler4Impl19DmaTransferFinishedEP20__UART_HandleTypeDefNS0_6ResultE
                0x000000000800cf38       0xc0 ./libDaisy//build/libdaisy.a(uart.o)
                0x000000000800cf38                daisy::UartHandler::Impl::DmaTransferFinished(__UART_HandleTypeDef*, daisy::UartHandler::Result)
 .text._ZN5daisy11UartHandler4Impl8InitPinsEv
                0x000000000800cff8      0x154 ./libDaisy//build/libdaisy.a(uart.o)
                0x000000000800cff8                daisy::UartHandler::Impl::InitPins()
 .text.HAL_UART_MspInit
                0x000000000800d14c      0x210 ./libDaisy//build/libdaisy.a(uart.o)
                0x000000000800d14c                HAL_UART_MspInit
 .text.dsy_uart_global_init
                0x000000000800d35c       0xfc ./libDaisy//build/libdaisy.a(uart.o)
                0x000000000800d35c                dsy_uart_global_init
 .text.USART1_IRQHandler
                0x000000000800d458       0x2c ./libDaisy//build/libdaisy.a(uart.o)
                0x000000000800d458                USART1_IRQHandler
 .text.USART2_IRQHandler
                0x000000000800d484       0x34 ./libDaisy//build/libdaisy.a(uart.o)
                0x000000000800d484                USART2_IRQHandler
 .text.USART3_IRQHandler
                0x000000000800d4b8       0x34 ./libDaisy//build/libdaisy.a(uart.o)
                0x000000000800d4b8                USART3_IRQHandler
 .text.UART4_IRQHandler
                0x000000000800d4ec       0x34 ./libDaisy//build/libdaisy.a(uart.o)
                0x000000000800d4ec                UART4_IRQHandler
 .text.UART5_IRQHandler
                0x000000000800d520       0x34 ./libDaisy//build/libdaisy.a(uart.o)
                0x000000000800d520                UART5_IRQHandler
 .text.USART6_IRQHandler
                0x000000000800d554       0x34 ./libDaisy//build/libdaisy.a(uart.o)
                0x000000000800d554                USART6_IRQHandler
 .text.UART7_IRQHandler
                0x000000000800d588       0x34 ./libDaisy//build/libdaisy.a(uart.o)
                0x000000000800d588                UART7_IRQHandler
 .text.UART8_IRQHandler
                0x000000000800d5bc       0x34 ./libDaisy//build/libdaisy.a(uart.o)
                0x000000000800d5bc                UART8_IRQHandler
 .text.LPUART1_IRQHandler
                0x000000000800d5f0       0x34 ./libDaisy//build/libdaisy.a(uart.o)
                0x000000000800d5f0                LPUART1_IRQHandler
 .text.DMA1_Stream5_IRQHandler
                0x000000000800d624       0x34 ./libDaisy//build/libdaisy.a(uart.o)
                0x000000000800d624                DMA1_Stream5_IRQHandler
 .text.DMA2_Stream4_IRQHandler
                0x000000000800d658       0x38 ./libDaisy//build/libdaisy.a(uart.o)
                0x000000000800d658                DMA2_Stream4_IRQHandler
 .text.HAL_UART_TxCpltCallback
                0x000000000800d690        0x8 ./libDaisy//build/libdaisy.a(uart.o)
                0x000000000800d690                HAL_UART_TxCpltCallback
 .text.HAL_UART_RxCpltCallback
                0x000000000800d698       0x94 ./libDaisy//build/libdaisy.a(uart.o)
                0x000000000800d698                HAL_UART_RxCpltCallback
 .text.HAL_UART_RxHalfCpltCallback
                0x000000000800d72c       0x90 ./libDaisy//build/libdaisy.a(uart.o)
                0x000000000800d72c                HAL_UART_RxHalfCpltCallback
 .text.HAL_UART_ErrorCallback
                0x000000000800d7bc        0x8 ./libDaisy//build/libdaisy.a(uart.o)
                0x000000000800d7bc                HAL_UART_ErrorCallback
 .text.startup._GLOBAL__sub_I__Z19MapInstanceToHandleP13USART_TypeDef
                0x000000000800d7c4      0x194 ./libDaisy//build/libdaisy.a(uart.o)
 .text.dsy_dma_init
                0x000000000800d958      0x100 ./libDaisy//build/libdaisy.a(dma.o)
                0x000000000800d958                dsy_dma_init
 .text.dsy_dma_invalidate_cache_for_buffer
                0x000000000800da58       0x2c ./libDaisy//build/libdaisy.a(dma.o)
                0x000000000800da58                dsy_dma_invalidate_cache_for_buffer
 .text.HAL_MDMA_Abort_IT
                0x000000000800da84       0x2c ./libDaisy//build/libdaisy.a(stm32h7xx_hal_mdma.o)
                0x000000000800da84                HAL_MDMA_Abort_IT
 .text.SPI_CloseTransfer
                0x000000000800dab0       0xb8 ./libDaisy//build/libdaisy.a(stm32h7xx_hal_spi.o)
 .text.HAL_SPI_Init
                0x000000000800db68      0x15c ./libDaisy//build/libdaisy.a(stm32h7xx_hal_spi.o)
                0x000000000800db68                HAL_SPI_Init
 .text.HAL_SPI_Transmit_DMA
                0x000000000800dcc4      0x170 ./libDaisy//build/libdaisy.a(stm32h7xx_hal_spi.o)
                0x000000000800dcc4                HAL_SPI_Transmit_DMA
 .text.HAL_SPI_TransmitReceive_DMA
                0x000000000800de34      0x218 ./libDaisy//build/libdaisy.a(stm32h7xx_hal_spi.o)
                0x000000000800de34                HAL_SPI_TransmitReceive_DMA
 .text.HAL_SPI_Receive_DMA
                0x000000000800e04c      0x1b4 ./libDaisy//build/libdaisy.a(stm32h7xx_hal_spi.o)
                0x000000000800e04c                HAL_SPI_Receive_DMA
 .text.SPI_DMATransmitCplt
                0x000000000800e200       0x28 ./libDaisy//build/libdaisy.a(stm32h7xx_hal_spi.o)
 .text.SPI_DMAReceiveCplt
                0x000000000800e228       0x28 ./libDaisy//build/libdaisy.a(stm32h7xx_hal_spi.o)
 .text.SPI_DMATransmitReceiveCplt
                0x000000000800e250       0x28 ./libDaisy//build/libdaisy.a(stm32h7xx_hal_spi.o)
 .text.HAL_SPI_TxHalfCpltCallback
                0x000000000800e278        0x4 ./libDaisy//build/libdaisy.a(stm32h7xx_hal_spi.o)
                0x000000000800e278                HAL_SPI_TxHalfCpltCallback
 .text.SPI_DMAHalfTransmitCplt
                0x000000000800e27c        0xc ./libDaisy//build/libdaisy.a(stm32h7xx_hal_spi.o)
 .text.HAL_SPI_RxHalfCpltCallback
                0x000000000800e288        0x4 ./libDaisy//build/libdaisy.a(stm32h7xx_hal_spi.o)
                0x000000000800e288                HAL_SPI_RxHalfCpltCallback
 .text.SPI_DMAHalfReceiveCplt
                0x000000000800e28c        0xc ./libDaisy//build/libdaisy.a(stm32h7xx_hal_spi.o)
 .text.HAL_SPI_TxRxHalfCpltCallback
                0x000000000800e298        0x4 ./libDaisy//build/libdaisy.a(stm32h7xx_hal_spi.o)
                0x000000000800e298                HAL_SPI_TxRxHalfCpltCallback
 .text.SPI_DMAHalfTransmitReceiveCplt
                0x000000000800e29c        0xc ./libDaisy//build/libdaisy.a(stm32h7xx_hal_spi.o)
 .text.SPI_DMAError
                0x000000000800e2a8       0xd8 ./libDaisy//build/libdaisy.a(stm32h7xx_hal_spi.o)
 .text.HAL_SPI_IRQHandler
                0x000000000800e380      0x23c ./libDaisy//build/libdaisy.a(stm32h7xx_hal_spi.o)
                0x000000000800e380                HAL_SPI_IRQHandler
 .text.SPI_DMAAbortOnError
                0x000000000800e5bc       0x1c ./libDaisy//build/libdaisy.a(stm32h7xx_hal_spi.o)
 .text.HAL_SPI_GetState
                0x000000000800e5d8        0x8 ./libDaisy//build/libdaisy.a(stm32h7xx_hal_spi.o)
                0x000000000800e5d8                HAL_SPI_GetState
 .text.HAL_TIM_Base_Init
                0x000000000800e5e0      0x140 ./libDaisy//build/libdaisy.a(stm32h7xx_hal_tim.o)
                0x000000000800e5e0                HAL_TIM_Base_Init
 .text.HAL_TIM_Base_Start
                0x000000000800e720       0x34 ./libDaisy//build/libdaisy.a(stm32h7xx_hal_tim.o)
                0x000000000800e720                HAL_TIM_Base_Start
 .text.HAL_TIM_Base_Start_IT
                0x000000000800e754       0x2c ./libDaisy//build/libdaisy.a(stm32h7xx_hal_tim.o)
                0x000000000800e754                HAL_TIM_Base_Start_IT
 .text.HAL_TIM_ConfigClockSource
                0x000000000800e780      0x17c ./libDaisy//build/libdaisy.a(stm32h7xx_hal_tim.o)
                0x000000000800e780                HAL_TIM_ConfigClockSource
 .text.HAL_TIM_OC_DelayElapsedCallback
                0x000000000800e8fc        0x4 ./libDaisy//build/libdaisy.a(stm32h7xx_hal_tim.o)
                0x000000000800e8fc                HAL_TIM_OC_DelayElapsedCallback
 .text.HAL_TIM_IC_CaptureCallback
                0x000000000800e900        0x4 ./libDaisy//build/libdaisy.a(stm32h7xx_hal_tim.o)
                0x000000000800e900                HAL_TIM_IC_CaptureCallback
 .text.HAL_TIM_PWM_PulseFinishedCallback
                0x000000000800e904        0x4 ./libDaisy//build/libdaisy.a(stm32h7xx_hal_tim.o)
                0x000000000800e904                HAL_TIM_PWM_PulseFinishedCallback
 .text.HAL_TIM_TriggerCallback
                0x000000000800e908        0x4 ./libDaisy//build/libdaisy.a(stm32h7xx_hal_tim.o)
                0x000000000800e908                HAL_TIM_TriggerCallback
 .text.HAL_TIM_IRQHandler
                0x000000000800e90c      0x170 ./libDaisy//build/libdaisy.a(stm32h7xx_hal_tim.o)
                0x000000000800e90c                HAL_TIM_IRQHandler
 .text.HAL_TIMEx_MasterConfigSynchronization
                0x000000000800ea7c       0x64 ./libDaisy//build/libdaisy.a(stm32h7xx_hal_tim_ex.o)
                0x000000000800ea7c                HAL_TIMEx_MasterConfigSynchronization
 .text.HAL_TIMEx_CommutCallback
                0x000000000800eae0        0x4 ./libDaisy//build/libdaisy.a(stm32h7xx_hal_tim_ex.o)
                0x000000000800eae0                HAL_TIMEx_CommutCallback
 .text.HAL_TIMEx_BreakCallback
                0x000000000800eae4        0x4 ./libDaisy//build/libdaisy.a(stm32h7xx_hal_tim_ex.o)
                0x000000000800eae4                HAL_TIMEx_BreakCallback
 .text.HAL_TIMEx_Break2Callback
                0x000000000800eae8        0x4 ./libDaisy//build/libdaisy.a(stm32h7xx_hal_tim_ex.o)
                0x000000000800eae8                HAL_TIMEx_Break2Callback
 .text.HAL_UART_Transmit_DMA
                0x000000000800eaec       0xa4 ./libDaisy//build/libdaisy.a(stm32h7xx_hal_uart.o)
                0x000000000800eaec                HAL_UART_Transmit_DMA
 .text.HAL_UART_Receive_DMA
                0x000000000800eb90       0xac ./libDaisy//build/libdaisy.a(stm32h7xx_hal_uart.o)
                0x000000000800eb90                HAL_UART_Receive_DMA
 .text.UART_DMATransmitCplt
                0x000000000800ec3c       0x2c ./libDaisy//build/libdaisy.a(stm32h7xx_hal_uart.o)
 .text.HAL_UART_TxHalfCpltCallback
                0x000000000800ec68        0x4 ./libDaisy//build/libdaisy.a(stm32h7xx_hal_uart.o)
                0x000000000800ec68                HAL_UART_TxHalfCpltCallback
 .text.UART_DMATxHalfCplt
                0x000000000800ec6c        0xc ./libDaisy//build/libdaisy.a(stm32h7xx_hal_uart.o)
 .text.UART_DMAReceiveCplt
                0x000000000800ec78       0x38 ./libDaisy//build/libdaisy.a(stm32h7xx_hal_uart.o)
 .text.UART_DMARxHalfCplt
                0x000000000800ecb0        0xc ./libDaisy//build/libdaisy.a(stm32h7xx_hal_uart.o)
 .text.UART_DMAError
                0x000000000800ecbc       0x78 ./libDaisy//build/libdaisy.a(stm32h7xx_hal_uart.o)
 .text.HAL_UART_IRQHandler
                0x000000000800ed34      0x1d0 ./libDaisy//build/libdaisy.a(stm32h7xx_hal_uart.o)
                0x000000000800ed34                HAL_UART_IRQHandler
 .text.UART_DMAAbortOnError
                0x000000000800ef04       0x14 ./libDaisy//build/libdaisy.a(stm32h7xx_hal_uart.o)
 .text.HAL_UART_GetState
                0x000000000800ef18        0xc ./libDaisy//build/libdaisy.a(stm32h7xx_hal_uart.o)
                0x000000000800ef18                HAL_UART_GetState
 .text.UART_SetConfig
                0x000000000800ef24     0x14b8 ./libDaisy//build/libdaisy.a(stm32h7xx_hal_uart.o)
                0x000000000800ef24                UART_SetConfig
 .text.UART_AdvFeatureConfig
                0x00000000080103dc       0xb0 ./libDaisy//build/libdaisy.a(stm32h7xx_hal_uart.o)
                0x00000000080103dc                UART_AdvFeatureConfig
 .text.UART_CheckIdleState
                0x000000000801048c       0x84 ./libDaisy//build/libdaisy.a(stm32h7xx_hal_uart.o)
                0x000000000801048c                UART_CheckIdleState
 .text.HAL_UART_Init
                0x0000000008010510       0x68 ./libDaisy//build/libdaisy.a(stm32h7xx_hal_uart.o)
                0x0000000008010510                HAL_UART_Init
 .text.HAL_UARTEx_WakeupCallback
                0x0000000008010578        0x4 ./libDaisy//build/libdaisy.a(stm32h7xx_hal_uart_ex.o)
                0x0000000008010578                HAL_UARTEx_WakeupCallback
 .text.HAL_UARTEx_RxFifoFullCallback
                0x000000000801057c        0x4 ./libDaisy//build/libdaisy.a(stm32h7xx_hal_uart_ex.o)
                0x000000000801057c                HAL_UARTEx_RxFifoFullCallback
 .text.HAL_UARTEx_TxFifoEmptyCallback
                0x0000000008010580        0x4 ./libDaisy//build/libdaisy.a(stm32h7xx_hal_uart_ex.o)
                0x0000000008010580                HAL_UARTEx_TxFifoEmptyCallback
 .text.__aeabi_atexit
                0x0000000008010584        0xa /Applications/ARM/bin/../lib/gcc/arm-none-eabi/10.3.1/../../../../arm-none-eabi/lib/thumb/v7e-m+dp/hard/libstdc++_nano.a(atexit_arm.o)
                0x0000000008010584                __aeabi_atexit
 *fill*         0x000000000801058e        0x2 
 .text.tanhf    0x0000000008010590       0xb8 /Applications/ARM/bin/../lib/gcc/arm-none-eabi/10.3.1/../../../../arm-none-eabi/lib/thumb/v7e-m+dp/hard/libm.a(lib_a-sf_tanh.o)
                0x0000000008010590                tanhf
 .text.expm1f   0x0000000008010648      0x26c /Applications/ARM/bin/../lib/gcc/arm-none-eabi/10.3.1/../../../../arm-none-eabi/lib/thumb/v7e-m+dp/hard/libm.a(lib_a-sf_expm1.o)
                0x0000000008010648                expm1f
 .text.fabsf    0x00000000080108b4       0x10 /Applications/ARM/bin/../lib/gcc/arm-none-eabi/10.3.1/../../../../arm-none-eabi/lib/thumb/v7e-m+dp/hard/libm.a(lib_a-sf_fabs.o)
                0x00000000080108b4                fabsf
 .text.with_errnof
                0x00000000080108c4       0x18 /Applications/ARM/bin/../lib/gcc/arm-none-eabi/10.3.1/../../../../arm-none-eabi/lib/thumb/v7e-m+dp/hard/libm.a(lib_a-math_errf.o)
 .text.xflowf   0x00000000080108dc       0x20 /Applications/ARM/bin/../lib/gcc/arm-none-eabi/10.3.1/../../../../arm-none-eabi/lib/thumb/v7e-m+dp/hard/libm.a(lib_a-math_errf.o)
 .text.__math_oflowf
                0x00000000080108fc        0xc /Applications/ARM/bin/../lib/gcc/arm-none-eabi/10.3.1/../../../../arm-none-eabi/lib/thumb/v7e-m+dp/hard/libm.a(lib_a-math_errf.o)
                0x00000000080108fc                __math_oflowf
 .text.__cxa_atexit
                0x0000000008010908       0x1c /Applications/ARM/bin/../lib/gcc/arm-none-eabi/10.3.1/../../../../arm-none-eabi/lib/thumb/v7e-m+dp/hard/libc_nano.a(lib_a-cxa_atexit.o)
                0x0000000008010908                __cxa_atexit
 .text.__errno  0x0000000008010924        0xc /Applications/ARM/bin/../lib/gcc/arm-none-eabi/10.3.1/../../../../arm-none-eabi/lib/thumb/v7e-m+dp/hard/libc_nano.a(lib_a-errno.o)
                0x0000000008010924                __errno
 .text.__libc_init_array
                0x0000000008010930       0x48 /Applications/ARM/bin/../lib/gcc/arm-none-eabi/10.3.1/../../../../arm-none-eabi/lib/thumb/v7e-m+dp/hard/libc_nano.a(lib_a-init.o)
                0x0000000008010930                __libc_init_array
 .text.memcpy   0x0000000008010978       0x1c /Applications/ARM/bin/../lib/gcc/arm-none-eabi/10.3.1/../../../../arm-none-eabi/lib/thumb/v7e-m+dp/hard/libc_nano.a(lib_a-memcpy-stub.o)
                0x0000000008010978                memcpy
 .text.memset   0x0000000008010994       0x10 /Applications/ARM/bin/../lib/gcc/arm-none-eabi/10.3.1/../../../../arm-none-eabi/lib/thumb/v7e-m+dp/hard/libc_nano.a(lib_a-memset.o)
                0x0000000008010994                memset
 *(.rodata)
 .rodata        0x00000000080109a4       0x10 ./libDaisy//build/libdaisy.a(i2c.o)
 .rodata        0x00000000080109b4       0x10 ./libDaisy//build/libdaisy.a(tim.o)
 .rodata        0x00000000080109c4       0x12 ./libDaisy//build/libdaisy.a(uart.o)
 *(.rodata*)
 *fill*         0x00000000080109d6        0x2 
 .rodata.CSWTCH.35
                0x00000000080109d8        0x3 ./libDaisy//build/libdaisy.a(sai.o)
 *fill*         0x00000000080109db        0x1 
 .rodata.CSWTCH.36
                0x00000000080109dc        0xc ./libDaisy//build/libdaisy.a(sai.o)
 .rodata.CSWTCH.44
                0x00000000080109e8       0x14 ./libDaisy//build/libdaisy.a(sai.o)
 .rodata.D1CorePrescTable
                0x00000000080109fc       0x10 ./libDaisy//build/libdaisy.a(system_stm32h7xx.o)
                0x00000000080109fc                D1CorePrescTable
 .rodata.CSWTCH.24
                0x0000000008010a0c        0x4 ./libDaisy//build/libdaisy.a(usbd_conf.o)
 .rodata.CSWTCH.19
                0x0000000008010a10        0x4 ./libDaisy//build/libdaisy.a(usbh_conf.o)
 .rodata.gpio_hal_pin_map
                0x0000000008010a14       0x20 ./libDaisy//build/libdaisy.a(hal_map.o)
 .rodata.gpio_hal_port_map
                0x0000000008010a34       0x30 ./libDaisy//build/libdaisy.a(hal_map.o)
 .rodata.flagBitshiftOffset.0
                0x0000000008010a64        0x8 ./libDaisy//build/libdaisy.a(stm32h7xx_hal_dma.o)
 .rodata._ZL13pins_none_spi
                0x0000000008010a6c        0x3 ./libDaisy//build/libdaisy.a(spi.o)
 *fill*         0x0000000008010a6f        0x1 
 .rodata._ZL16pins_periphs_spi
                0x0000000008010a70       0x60 ./libDaisy//build/libdaisy.a(spi.o)
 .rodata.CSWTCH.418
                0x0000000008010ad0       0x29 ./libDaisy//build/libdaisy.a(stm32h7xx_hal_uart.o)
 *fill*         0x0000000008010af9        0x3 
 .rodata.CSWTCH.419
                0x0000000008010afc        0x6 ./libDaisy//build/libdaisy.a(stm32h7xx_hal_uart.o)
 *fill*         0x0000000008010b02        0x2 
 .rodata.CSWTCH.426
                0x0000000008010b04        0x6 ./libDaisy//build/libdaisy.a(stm32h7xx_hal_uart.o)
 *fill*         0x0000000008010b0a        0x2 
 .rodata.__sf_fake_stderr
                0x0000000008010b0c       0x20 /Applications/ARM/bin/../lib/gcc/arm-none-eabi/10.3.1/../../../../arm-none-eabi/lib/thumb/v7e-m+dp/hard/libc_nano.a(lib_a-findfp.o)
                0x0000000008010b0c                __sf_fake_stderr
 .rodata.__sf_fake_stdin
                0x0000000008010b2c       0x20 /Applications/ARM/bin/../lib/gcc/arm-none-eabi/10.3.1/../../../../arm-none-eabi/lib/thumb/v7e-m+dp/hard/libc_nano.a(lib_a-findfp.o)
                0x0000000008010b2c                __sf_fake_stdin
 .rodata.__sf_fake_stdout
                0x0000000008010b4c       0x20 /Applications/ARM/bin/../lib/gcc/arm-none-eabi/10.3.1/../../../../arm-none-eabi/lib/thumb/v7e-m+dp/hard/libc_nano.a(lib_a-findfp.o)
                0x0000000008010b4c                __sf_fake_stdout
 *(.glue_7)
 .glue_7        0x0000000008010b6c        0x0 linker stubs
 *(.glue_7t)
 .glue_7t       0x0000000008010b6c        0x0 linker stubs
 *(.init)
 .init          0x0000000008010b6c        0x4 /Applications/ARM/bin/../lib/gcc/arm-none-eabi/10.3.1/thumb/v7e-m+dp/hard/crti.o
                0x0000000008010b6c                _init
 .init          0x0000000008010b70        0x8 /Applications/ARM/bin/../lib/gcc/arm-none-eabi/10.3.1/thumb/v7e-m+dp/hard/crtn.o
 *(.fini)
 .fini          0x0000000008010b78        0x4 /Applications/ARM/bin/../lib/gcc/arm-none-eabi/10.3.1/thumb/v7e-m+dp/hard/crti.o
                0x0000000008010b78                _fini
 .fini          0x0000000008010b7c        0x8 /Applications/ARM/bin/../lib/gcc/arm-none-eabi/10.3.1/thumb/v7e-m+dp/hard/crtn.o
                0x0000000008010b84                . = ALIGN (0x4)
                0x0000000008010b84                _etext = .

.eh_frame       0x0000000008010b84        0x0
 .eh_frame      0x0000000008010b84        0x0 /Applications/ARM/bin/../lib/gcc/arm-none-eabi/10.3.1/thumb/v7e-m+dp/hard/crtbegin.o

.vfp11_veneer   0x0000000008010b84        0x0
 .vfp11_veneer  0x0000000008010b84        0x0 linker stubs

.v4_bx          0x0000000008010b84        0x0
 .v4_bx         0x0000000008010b84        0x0 linker stubs

.iplt           0x0000000008010b84        0x0
 .iplt          0x0000000008010b84        0x0 /Applications/ARM/bin/../lib/gcc/arm-none-eabi/10.3.1/thumb/v7e-m+dp/hard/crtbegin.o

.ARM.extab      0x0000000008010b84        0x0
                0x0000000008010b84                . = ALIGN (0x4)
 *(.ARM.extab)
 *(.gnu.linkonce.armextab.*)
                0x0000000008010b84                . = ALIGN (0x4)

.exidx          0x0000000008010b84        0x8
                0x0000000008010b84                . = ALIGN (0x4)
                [!provide]                        PROVIDE (__exidx_start = .)
 *(.ARM.exidx*)
 .ARM.exidx     0x0000000008010b84        0x8 /Applications/ARM/bin/../lib/gcc/arm-none-eabi/10.3.1/thumb/v7e-m+dp/hard/libgcc.a(_udivmoddi4.o)
                0x0000000008010b8c                . = ALIGN (0x4)
                [!provide]                        PROVIDE (__exidx_end = .)

.rel.dyn        0x0000000008010b8c        0x0
 .rel.iplt      0x0000000008010b8c        0x0 /Applications/ARM/bin/../lib/gcc/arm-none-eabi/10.3.1/thumb/v7e-m+dp/hard/crtbegin.o

.ARM.attributes
                0x0000000008010b8c       0x2e
 *(.ARM.attributes)
 .ARM.attributes
                0x0000000008010b8c       0x1e /Applications/ARM/bin/../lib/gcc/arm-none-eabi/10.3.1/thumb/v7e-m+dp/hard/crti.o
 .ARM.attributes
                0x0000000008010baa       0x32 /Applications/ARM/bin/../lib/gcc/arm-none-eabi/10.3.1/thumb/v7e-m+dp/hard/crtbegin.o
 .ARM.attributes
                0x0000000008010bdc       0x32 build/startup_stm32h750xx.o
 .ARM.attributes
                0x0000000008010c0e       0x32 build/MPR121.o
 .ARM.attributes
                0x0000000008010c40       0x32 ./libDaisy//build/libdaisy.a(daisy_seed.o)
 .ARM.attributes
                0x0000000008010c72       0x32 ./libDaisy//build/libdaisy.a(codec_ak4556.o)
 .ARM.attributes
                0x0000000008010ca4       0x32 ./libDaisy//build/libdaisy.a(codec_wm8731.o)
 .ARM.attributes
                0x0000000008010cd6       0x32 ./libDaisy//build/libdaisy.a(sdram.o)
 .ARM.attributes
                0x0000000008010d08       0x32 ./libDaisy//build/libdaisy.a(audio.o)
 .ARM.attributes
                0x0000000008010d3a       0x32 ./libDaisy//build/libdaisy.a(gpio.o)
 .ARM.attributes
                0x0000000008010d6c       0x32 ./libDaisy//build/libdaisy.a(i2c.o)
 .ARM.attributes
                0x0000000008010d9e       0x32 ./libDaisy//build/libdaisy.a(qspi.o)
 .ARM.attributes
                0x0000000008010dd0       0x32 ./libDaisy//build/libdaisy.a(sai.o)
 .ARM.attributes
                0x0000000008010e02       0x32 ./libDaisy//build/libdaisy.a(system.o)
 .ARM.attributes
                0x0000000008010e34       0x32 ./libDaisy//build/libdaisy.a(system_stm32h7xx.o)
 .ARM.attributes
                0x0000000008010e66       0x32 ./libDaisy//build/libdaisy.a(usbd_conf.o)
 .ARM.attributes
                0x0000000008010e98       0x32 ./libDaisy//build/libdaisy.a(usbh_conf.o)
 .ARM.attributes
                0x0000000008010eca       0x32 ./libDaisy//build/libdaisy.a(hal_map.o)
 .ARM.attributes
                0x0000000008010efc       0x32 ./libDaisy//build/libdaisy.a(stm32h7xx_hal.o)
 .ARM.attributes
                0x0000000008010f2e       0x32 ./libDaisy//build/libdaisy.a(stm32h7xx_hal_cortex.o)
 .ARM.attributes
                0x0000000008010f60       0x32 ./libDaisy//build/libdaisy.a(stm32h7xx_hal_dma.o)
 .ARM.attributes
                0x0000000008010f92       0x32 ./libDaisy//build/libdaisy.a(stm32h7xx_hal_gpio.o)
 .ARM.attributes
                0x0000000008010fc4       0x32 ./libDaisy//build/libdaisy.a(stm32h7xx_hal_hcd.o)
 .ARM.attributes
                0x0000000008010ff6       0x32 ./libDaisy//build/libdaisy.a(stm32h7xx_hal_i2c.o)
 .ARM.attributes
                0x0000000008011028       0x32 ./libDaisy//build/libdaisy.a(stm32h7xx_hal_i2c_ex.o)
 .ARM.attributes
                0x000000000801105a       0x32 ./libDaisy//build/libdaisy.a(stm32h7xx_hal_pcd.o)
 .ARM.attributes
                0x000000000801108c       0x32 ./libDaisy//build/libdaisy.a(stm32h7xx_hal_pcd_ex.o)
 .ARM.attributes
                0x00000000080110be       0x32 ./libDaisy//build/libdaisy.a(stm32h7xx_hal_pwr_ex.o)
 .ARM.attributes
                0x00000000080110f0       0x32 ./libDaisy//build/libdaisy.a(stm32h7xx_hal_qspi.o)
 .ARM.attributes
                0x0000000008011122       0x32 ./libDaisy//build/libdaisy.a(stm32h7xx_hal_rcc.o)
 .ARM.attributes